Archive member included to satisfy reference by file (symbol)

C:/Users/Миша/CLionProjects/st32_template/CM7/Lib/libPDMFilter_CM7_GCC_wc32.a(pdm_filter.o)
                              CMakeFiles/SAI_CM7.dir/CM7/Src/main.c.obj (PDM_Filter_Init)
C:/Users/Миша/CLionProjects/st32_template/CM7/Lib/libPDMFilter_CM7_GCC_wc32.a(stm32_crc_lock.o)
                              C:/Users/Миша/CLionProjects/st32_template/CM7/Lib/libPDMFilter_CM7_GCC_wc32.a(pdm_filter.o) (CRC_Lock)
C:/ST/STM32CubeCLT_1.19.0/GNU-tools-for-STM32/bin/../lib/gcc/arm-none-eabi/13.3.1/../../../../arm-none-eabi/lib/thumb/v7e-m+dp/hard\libm.a(libm_a-sf_pow.o)
                              C:/Users/Миша/CLionProjects/st32_template/CM7/Lib/libPDMFilter_CM7_GCC_wc32.a(pdm_filter.o) (powf)
C:/ST/STM32CubeCLT_1.19.0/GNU-tools-for-STM32/bin/../lib/gcc/arm-none-eabi/13.3.1/../../../../arm-none-eabi/lib/thumb/v7e-m+dp/hard\libm.a(libm_a-sinf.o)
                              CMakeFiles/SAI_CM7.dir/CM7/Src/main.c.obj (sinf)
C:/ST/STM32CubeCLT_1.19.0/GNU-tools-for-STM32/bin/../lib/gcc/arm-none-eabi/13.3.1/../../../../arm-none-eabi/lib/thumb/v7e-m+dp/hard\libm.a(libm_a-sincosf_data.o)
                              C:/ST/STM32CubeCLT_1.19.0/GNU-tools-for-STM32/bin/../lib/gcc/arm-none-eabi/13.3.1/../../../../arm-none-eabi/lib/thumb/v7e-m+dp/hard\libm.a(libm_a-sinf.o) (__inv_pio4)
C:/ST/STM32CubeCLT_1.19.0/GNU-tools-for-STM32/bin/../lib/gcc/arm-none-eabi/13.3.1/../../../../arm-none-eabi/lib/thumb/v7e-m+dp/hard\libm.a(libm_a-math_errf.o)
                              C:/ST/STM32CubeCLT_1.19.0/GNU-tools-for-STM32/bin/../lib/gcc/arm-none-eabi/13.3.1/../../../../arm-none-eabi/lib/thumb/v7e-m+dp/hard\libm.a(libm_a-sf_pow.o) (__math_uflowf)
C:/ST/STM32CubeCLT_1.19.0/GNU-tools-for-STM32/bin/../lib/gcc/arm-none-eabi/13.3.1/../../../../arm-none-eabi/lib/thumb/v7e-m+dp/hard\libm.a(libm_a-sf_exp2_data.o)
                              C:/ST/STM32CubeCLT_1.19.0/GNU-tools-for-STM32/bin/../lib/gcc/arm-none-eabi/13.3.1/../../../../arm-none-eabi/lib/thumb/v7e-m+dp/hard\libm.a(libm_a-sf_pow.o) (__exp2f_data)
C:/ST/STM32CubeCLT_1.19.0/GNU-tools-for-STM32/bin/../lib/gcc/arm-none-eabi/13.3.1/../../../../arm-none-eabi/lib/thumb/v7e-m+dp/hard\libm.a(libm_a-sf_pow_log2_data.o)
                              C:/ST/STM32CubeCLT_1.19.0/GNU-tools-for-STM32/bin/../lib/gcc/arm-none-eabi/13.3.1/../../../../arm-none-eabi/lib/thumb/v7e-m+dp/hard\libm.a(libm_a-sf_pow.o) (__powf_log2_data)
C:/ST/STM32CubeCLT_1.19.0/GNU-tools-for-STM32/bin/../lib/gcc/arm-none-eabi/13.3.1/thumb/v7e-m+dp/hard\libgcc.a(_arm_addsubdf3.o)
                              C:/ST/STM32CubeCLT_1.19.0/GNU-tools-for-STM32/bin/../lib/gcc/arm-none-eabi/13.3.1/../../../../arm-none-eabi/lib/thumb/v7e-m+dp/hard\libm.a(libm_a-sinf.o) (__aeabi_l2d)
C:/ST/STM32CubeCLT_1.19.0/GNU-tools-for-STM32/bin/../lib/gcc/arm-none-eabi/13.3.1/../../../../arm-none-eabi/lib/thumb/v7e-m+dp/hard\libg_nano.a(libc_a-exit.o)
                              C:/ST/STM32CubeCLT_1.19.0/GNU-tools-for-STM32/bin/../lib/gcc/arm-none-eabi/13.3.1/../../../../arm-none-eabi/lib/thumb/v7e-m+dp/hard/crt0.o (exit)
C:/ST/STM32CubeCLT_1.19.0/GNU-tools-for-STM32/bin/../lib/gcc/arm-none-eabi/13.3.1/../../../../arm-none-eabi/lib/thumb/v7e-m+dp/hard\libg_nano.a(libc_a-findfp.o)
                              C:/ST/STM32CubeCLT_1.19.0/GNU-tools-for-STM32/bin/../lib/gcc/arm-none-eabi/13.3.1/../../../../arm-none-eabi/lib/thumb/v7e-m+dp/hard\libg_nano.a(libc_a-exit.o) (__stdio_exit_handler)
C:/ST/STM32CubeCLT_1.19.0/GNU-tools-for-STM32/bin/../lib/gcc/arm-none-eabi/13.3.1/../../../../arm-none-eabi/lib/thumb/v7e-m+dp/hard\libg_nano.a(libc_a-fwalk.o)
                              C:/ST/STM32CubeCLT_1.19.0/GNU-tools-for-STM32/bin/../lib/gcc/arm-none-eabi/13.3.1/../../../../arm-none-eabi/lib/thumb/v7e-m+dp/hard\libg_nano.a(libc_a-findfp.o) (_fwalk_sglue)
C:/ST/STM32CubeCLT_1.19.0/GNU-tools-for-STM32/bin/../lib/gcc/arm-none-eabi/13.3.1/../../../../arm-none-eabi/lib/thumb/v7e-m+dp/hard\libg_nano.a(libc_a-stdio.o)
                              C:/ST/STM32CubeCLT_1.19.0/GNU-tools-for-STM32/bin/../lib/gcc/arm-none-eabi/13.3.1/../../../../arm-none-eabi/lib/thumb/v7e-m+dp/hard\libg_nano.a(libc_a-findfp.o) (__sread)
C:/ST/STM32CubeCLT_1.19.0/GNU-tools-for-STM32/bin/../lib/gcc/arm-none-eabi/13.3.1/../../../../arm-none-eabi/lib/thumb/v7e-m+dp/hard\libg_nano.a(libc_a-memset.o)
                              C:/ST/STM32CubeCLT_1.19.0/GNU-tools-for-STM32/bin/../lib/gcc/arm-none-eabi/13.3.1/../../../../arm-none-eabi/lib/thumb/v7e-m+dp/hard/crt0.o (memset)
C:/ST/STM32CubeCLT_1.19.0/GNU-tools-for-STM32/bin/../lib/gcc/arm-none-eabi/13.3.1/../../../../arm-none-eabi/lib/thumb/v7e-m+dp/hard\libg_nano.a(libc_a-closer.o)
                              C:/ST/STM32CubeCLT_1.19.0/GNU-tools-for-STM32/bin/../lib/gcc/arm-none-eabi/13.3.1/../../../../arm-none-eabi/lib/thumb/v7e-m+dp/hard\libg_nano.a(libc_a-stdio.o) (_close_r)
[...]
Memory Configuration

Name             Origin             Length             Attributes
FLASH            0x08000000         0x00100000         xr
RAM              0x20000000         0x00020000         xrw
ITCMRAM          0x00000000         0x00010000         xrw
*default*        0x00000000         0xffffffff

Linker script and memory map

LOAD C:/ST/STM32CubeCLT_1.19.0/GNU-tools-for-STM32/bin/../lib/gcc/arm-none-eabi/13.3.1/thumb/v7e-m+dp/hard/crti.o
LOAD C:/ST/STM32CubeCLT_1.19.0/GNU-tools-for-STM32/bin/../lib/gcc/arm-none-eabi/13.3.1/thumb/v7e-m+dp/hard/crtbegin.o
LOAD C:/ST/STM32CubeCLT_1.19.0/GNU-tools-for-STM32/bin/../lib/gcc/arm-none-eabi/13.3.1/../../../../arm-none-eabi/lib/thumb/v7e-m+dp/hard/crt0.o
LOAD C:/ST/STM32CubeCLT_1.19.0/GNU-tools-for-STM32/bin/../lib/gcc/arm-none-eabi/13.3.1/../../../../arm-none-eabi/lib/thumb/v7e-m+dp/hard\libm.a
LOAD C:/ST/STM32CubeCLT_1.19.0/GNU-tools-for-STM32/bin/../lib/gcc/arm-none-eabi/13.3.1/../../../../arm-none-eabi/lib/thumb/v7e-m+dp/hard\libm.a
LOAD CMakeFiles/SAI_CM7.dir/CM7/Src/main.c.obj
LOAD CMakeFiles/SAI_CM7.dir/CM7/Src/stm32h7xx_hal_msp.c.obj
LOAD CMakeFiles/SAI_CM7.dir/CM7/Src/stm32h7xx_it.c.obj
LOAD CMakeFiles/SAI_CM7.dir/CM7/Src/stm32h745i_discovery.c.obj
LOAD CMakeFiles/SAI_CM7.dir/CM7/Src/syscalls.c.obj
LOAD CMakeFiles/SAI_CM7.dir/CM7/Src/sysmem.c.obj
LOAD CMakeFiles/SAI_CM7.dir/drivers/STM32H7xx_HAL_Driver/Src/stm32h7xx_hal_sai.c.obj
LOAD CMakeFiles/SAI_CM7.dir/drivers/STM32H7xx_HAL_Driver/Src/stm32h7xx_hal.c.obj
LOAD CMakeFiles/SAI_CM7.dir/drivers/STM32H7xx_HAL_Driver/Src/stm32h7xx_hal_rcc.c.obj
LOAD CMakeFiles/SAI_CM7.dir/drivers/STM32H7xx_HAL_Driver/Src/stm32h7xx_hal_rcc_ex.c.obj
LOAD CMakeFiles/SAI_CM7.dir/CM7/Startup/startup_stm32h745xx_CM7.s.obj
LOAD CMakeFiles/SAI_CM7.dir/drivers/BSP/Components/wm8994/wm8994.c.obj
LOAD CMakeFiles/SAI_CM7.dir/drivers/BSP/Components/wm8994/wm8994_reg.c.obj
LOAD CMakeFiles/SAI_CM7.dir/drivers/BSP/STM32H745I-DISCO/stm32h745i_discovery_bus.c.obj
LOAD CMakeFiles/SAI_CM7.dir/drivers/STM32H7xx_HAL_Driver/Src/stm32h7xx_hal_gpio.c.obj
LOAD CMakeFiles/SAI_CM7.dir/drivers/STM32H7xx_HAL_Driver/Src/stm32h7xx_hal_dma.c.obj
LOAD CMakeFiles/SAI_CM7.dir/drivers/STM32H7xx_HAL_Driver/Src/stm32h7xx_hal_cortex.c.obj
LOAD CMakeFiles/SAI_CM7.dir/drivers/STM32H7xx_HAL_Driver/Src/stm32h7xx_hal_pwr_ex.c.obj
LOAD CMakeFiles/SAI_CM7.dir/system_stm32h7xx_dualcore_boot_cm4_cm7.c.obj
LOAD CMakeFiles/SAI_CM7.dir/drivers/STM32H7xx_HAL_Driver/Src/stm32h7xx_hal_i2c.c.obj
LOAD CMakeFiles/SAI_CM7.dir/drivers/STM32H7xx_HAL_Driver/Src/stm32h7xx_hal_i2c_ex.c.obj
LOAD C:/Users/Миша/CLionProjects/st32_template/CM7/Lib/libPDMFilter_CM7_GCC_wc32.a
LOAD C:/ST/STM32CubeCLT_1.19.0/GNU-tools-for-STM32/bin/../lib/gcc/arm-none-eabi/13.3.1/../../../../arm-none-eabi/lib/thumb/v7e-m+dp/hard\libm.a
START GROUP
LOAD C:/ST/STM32CubeCLT_1.19.0/GNU-tools-for-STM32/bin/../lib/gcc/arm-none-eabi/13.3.1/thumb/v7e-m+dp/hard\libgcc.a
LOAD C:/ST/STM32CubeCLT_1.19.0/GNU-tools-for-STM32/bin/../lib/gcc/arm-none-eabi/13.3.1/../../../../arm-none-eabi/lib/thumb/v7e-m+dp/hard\libg_nano.a
LOAD C:/ST/STM32CubeCLT_1.19.0/GNU-tools-for-STM32/bin/../lib/gcc/arm-none-eabi/13.3.1/../../../../arm-none-eabi/lib/thumb/v7e-m+dp/hard\libc_nano.a
END GROUP
START GROUP
LOAD C:/ST/STM32CubeCLT_1.19.0/GNU-tools-for-STM32/bin/../lib/gcc/arm-none-eabi/13.3.1/thumb/v7e-m+dp/hard\libgcc.a
LOAD C:/ST/STM32CubeCLT_1.19.0/GNU-tools-for-STM32/bin/../lib/gcc/arm-none-eabi/13.3.1/../../../../arm-none-eabi/lib/thumb/v7e-m+dp/hard\libc_nano.a
END GROUP
LOAD C:/ST/STM32CubeCLT_1.19.0/GNU-tools-for-STM32/bin/../lib/gcc/arm-none-eabi/13.3.1/thumb/v7e-m+dp/hard/crtend.o
LOAD C:/ST/STM32CubeCLT_1.19.0/GNU-tools-for-STM32/bin/../lib/gcc/arm-none-eabi/13.3.1/thumb/v7e-m+dp/hard/crtn.o
                0x20020000                        _estack = 0x20020000
                0x00000200                        _Min_Heap_Size = 0x200
                0x00000400                        _Min_Stack_Size = 0x400

.isr_vector     0x08000000      0x298
                0x08000000                        . = ALIGN (0x4)
 *(.isr_vector)
 .isr_vector    0x08000000      0x298 CMakeFiles/SAI_CM7.dir/CM7/Startup/startup_stm32h745xx_CM7.s.obj
                0x08000000                g_pfnVectors
                0x08000298                        . = ALIGN (0x4)

.text           0x08000298     0xdb60
                0x08000298                        . = ALIGN (0x4)
 *(.text)
 .text          0x08000298       0x40 C:/ST/STM32CubeCLT_1.19.0/GNU-tools-for-STM32/bin/../lib/gcc/arm-none-eabi/13.3.1/thumb/v7e-m+dp/hard/crtbegin.o
 .text          0x080002d8      0x378 C:/ST/STM32CubeCLT_1.19.0/GNU-tools-for-STM32/bin/../lib/gcc/arm-none-eabi/13.3.1/thumb/v7e-m+dp/hard\libgcc.a(_arm_addsubdf3.o)
                0x080002d8                __aeabi_drsub
                0x080002e0                __aeabi_dsub
                0x080002e0                __subdf3
                0x080002e4                __aeabi_dadd
                0x080002e4                __adddf3
                0x0800055c                __floatunsidf
                0x0800055c                __aeabi_ui2d
                0x0800057c                __floatsidf
                0x0800057c                __aeabi_i2d
                0x080005a0                __aeabi_f2d
                0x080005a0                __extendsfdf2
                0x080005e4                __floatundidf
                0x080005e4                __aeabi_ul2d
                0x080005f4                __floatdidf
                0x080005f4                __aeabi_l2d
 *(.text*)
 .text.FillAudioBuffer
                0x08000650       0x74 CMakeFiles/SAI_CM7.dir/CM7/Src/main.c.obj
                0x08000650                FillAudioBuffer
 .text.main     0x080006c4       0xa8 CMakeFiles/SAI_CM7.dir/CM7/Src/main.c.obj
                0x080006c4                main
 .text.SystemClock_Config
                0x0800076c       0xfc CMakeFiles/SAI_CM7.dir/CM7/Src/main.c.obj
 .text.Playback_Init
                0x08000868      0x224 CMakeFiles/SAI_CM7.dir/CM7/Src/main.c.obj
 .text.WM8994_Probe
                0x08000a8c       0xb4 CMakeFiles/SAI_CM7.dir/CM7/Src/main.c.obj
 .text.AUDIO_IN_PDMToPCM_Init
                0x08000b40      0x138 CMakeFiles/SAI_CM7.dir/CM7/Src/main.c.obj
 .text.Error_Handler
                0x08000c78        0xe CMakeFiles/SAI_CM7.dir/CM7/Src/main.c.obj
                0x08000c78                Error_Handler
 *fill*         0x08000c86        0x2 
 .text.CPU_CACHE_Enable
                0x08000c88       0xdc CMakeFiles/SAI_CM7.dir/CM7/Src/main.c.obj
 .text.HAL_SAI_MspInit
                0x08000d64      0x2b0 CMakeFiles/SAI_CM7.dir/CM7/Src/stm32h7xx_hal_msp.c.obj
                0x08000d64                HAL_SAI_MspInit
 .text.NMI_Handler
                0x08001014        0xe CMakeFiles/SAI_CM7.dir/CM7/Src/stm32h7xx_it.c.obj
                0x08001014                NMI_Handler
 .text.HardFault_Handler
                0x08001022        0x8 CMakeFiles/SAI_CM7.dir/CM7/Src/stm32h7xx_it.c.obj
                0x08001022                HardFault_Handler
 .text.MemManage_Handler
                0x0800102a        0x8 CMakeFiles/SAI_CM7.dir/CM7/Src/stm32h7xx_it.c.obj
                0x0800102a                MemManage_Handler
 .text.BusFault_Handler
                0x08001032        0x8 CMakeFiles/SAI_CM7.dir/CM7/Src/stm32h7xx_it.c.obj
                0x08001032                BusFault_Handler
 .text.UsageFault_Handler
                0x0800103a        0x8 CMakeFiles/SAI_CM7.dir/CM7/Src/stm32h7xx_it.c.obj
                0x0800103a                UsageFault_Handler
 .text.SVC_Handler
                0x08001042        0xe CMakeFiles/SAI_CM7.dir/CM7/Src/stm32h7xx_it.c.obj
                0x08001042                SVC_Handler
 .text.DebugMon_Handler
                0x08001050        0xe CMakeFiles/SAI_CM7.dir/CM7/Src/stm32h7xx_it.c.obj
                0x08001050                DebugMon_Handler
 .text.PendSV_Handler
                0x0800105e        0xe CMakeFiles/SAI_CM7.dir/CM7/Src/stm32h7xx_it.c.obj
                0x0800105e                PendSV_Handler
 .text.SysTick_Handler
                0x0800106c        0xc CMakeFiles/SAI_CM7.dir/CM7/Src/stm32h7xx_it.c.obj
                0x0800106c                SysTick_Handler
 .text.BDMA_Channel1_IRQHandler
                0x08001078       0x18 CMakeFiles/SAI_CM7.dir/CM7/Src/stm32h7xx_it.c.obj
                0x08001078                BDMA_Channel1_IRQHandler
 .text.DMA2_Stream1_IRQHandler
                0x08001090       0x18 CMakeFiles/SAI_CM7.dir/CM7/Src/stm32h7xx_it.c.obj
                0x08001090                DMA2_Stream1_IRQHandler
 .text.BSP_LED_Init
                0x080010a8       0xbc CMakeFiles/SAI_CM7.dir/CM7/Src/stm32h745i_discovery.c.obj
                0x080010a8                BSP_LED_Init
 .text.BSP_LED_On
                0x08001164       0x3c CMakeFiles/SAI_CM7.dir/CM7/Src/stm32h745i_discovery.c.obj
                0x08001164                BSP_LED_On
 .text.BSP_LED_Toggle
                0x080011a0       0x3c CMakeFiles/SAI_CM7.dir/CM7/Src/stm32h745i_discovery.c.obj
                0x080011a0                BSP_LED_Toggle
 .text.HAL_SAI_Init
                0x080011dc      0x554 CMakeFiles/SAI_CM7.dir/drivers/STM32H7xx_HAL_Driver/Src/stm32h7xx_hal_sai.c.obj
                0x080011dc                HAL_SAI_Init
 .text.HAL_SAI_DeInit
                0x08001730       0xcc CMakeFiles/SAI_CM7.dir/drivers/STM32H7xx_HAL_Driver/Src/stm32h7xx_hal_sai.c.obj
                0x08001730                HAL_SAI_DeInit
 .text.HAL_SAI_MspDeInit
                0x080017fc       0x14 CMakeFiles/SAI_CM7.dir/drivers/STM32H7xx_HAL_Driver/Src/stm32h7xx_hal_sai.c.obj
                0x080017fc                HAL_SAI_MspDeInit
 .text.HAL_SAI_Transmit_DMA
                0x08001810      0x16c CMakeFiles/SAI_CM7.dir/drivers/STM32H7xx_HAL_Driver/Src/stm32h7xx_hal_sai.c.obj
                0x08001810                HAL_SAI_Transmit_DMA
 .text.HAL_SAI_TxCpltCallback
                0x0800197c       0x14 CMakeFiles/SAI_CM7.dir/drivers/STM32H7xx_HAL_Driver/Src/stm32h7xx_hal_sai.c.obj
                0x0800197c                HAL_SAI_TxCpltCallback
 .text.HAL_SAI_TxHalfCpltCallback
                0x08001990       0x14 CMakeFiles/SAI_CM7.dir/drivers/STM32H7xx_HAL_Driver/Src/stm32h7xx_hal_sai.c.obj
                0x08001990                HAL_SAI_TxHalfCpltCallback
 .text.HAL_SAI_ErrorCallback
                0x080019a4       0x14 CMakeFiles/SAI_CM7.dir/drivers/STM32H7xx_HAL_Driver/Src/stm32h7xx_hal_sai.c.obj
                0x080019a4                HAL_SAI_ErrorCallback
 .text.SAI_InterruptFlag
                0x080019b8       0x6e CMakeFiles/SAI_CM7.dir/drivers/STM32H7xx_HAL_Driver/Src/stm32h7xx_hal_sai.c.obj
 *fill*         0x08001a26        0x2 
 .text.SAI_Disable
                0x08001a28       0x74 CMakeFiles/SAI_CM7.dir/drivers/STM32H7xx_HAL_Driver/Src/stm32h7xx_hal_sai.c.obj
 .text.SAI_DMATxCplt
                0x08001a9c       0x60 CMakeFiles/SAI_CM7.dir/drivers/STM32H7xx_HAL_Driver/Src/stm32h7xx_hal_sai.c.obj
 .text.SAI_DMATxHalfCplt
                0x08001afc       0x1c CMakeFiles/SAI_CM7.dir/drivers/STM32H7xx_HAL_Driver/Src/stm32h7xx_hal_sai.c.obj
 .text.SAI_DMAError
                0x08001b18       0x5e CMakeFiles/SAI_CM7.dir/drivers/STM32H7xx_HAL_Driver/Src/stm32h7xx_hal_sai.c.obj
 *fill*         0x08001b76        0x2 
 .text.HAL_Init
                0x08001b78       0x78 CMakeFiles/SAI_CM7.dir/drivers/STM32H7xx_HAL_Driver/Src/stm32h7xx_hal.c.obj
                0x08001b78                HAL_Init
 .text.HAL_MspInit
                0x08001bf0        0xe CMakeFiles/SAI_CM7.dir/drivers/STM32H7xx_HAL_Driver/Src/stm32h7xx_hal.c.obj
                0x08001bf0                HAL_MspInit
 *fill*         0x08001bfe        0x2 
 .text.HAL_InitTick
                0x08001c00       0x6c CMakeFiles/SAI_CM7.dir/drivers/STM32H7xx_HAL_Driver/Src/stm32h7xx_hal.c.obj
                0x08001c00                HAL_InitTick
 .text.HAL_IncTick
                0x08001c6c       0x28 CMakeFiles/SAI_CM7.dir/drivers/STM32H7xx_HAL_Driver/Src/stm32h7xx_hal.c.obj
                0x08001c6c                HAL_IncTick
 .text.HAL_GetTick
                0x08001c94       0x18 CMakeFiles/SAI_CM7.dir/drivers/STM32H7xx_HAL_Driver/Src/stm32h7xx_hal.c.obj
                0x08001c94                HAL_GetTick
 .text.HAL_Delay
                0x08001cac       0x48 CMakeFiles/SAI_CM7.dir/drivers/STM32H7xx_HAL_Driver/Src/stm32h7xx_hal.c.obj
                0x08001cac                HAL_Delay
 .text.HAL_GetREVID
                0x08001cf4       0x18 CMakeFiles/SAI_CM7.dir/drivers/STM32H7xx_HAL_Driver/Src/stm32h7xx_hal.c.obj
                0x08001cf4                HAL_GetREVID
 .text.HAL_RCC_OscConfig
                0x08001d0c      0x8b4 CMakeFiles/SAI_CM7.dir/drivers/STM32H7xx_HAL_Driver/Src/stm32h7xx_hal_rcc.c.obj
                0x08001d0c                HAL_RCC_OscConfig
 .text.HAL_RCC_ClockConfig
                0x080025c0      0x36c CMakeFiles/SAI_CM7.dir/drivers/STM32H7xx_HAL_Driver/Src/stm32h7xx_hal_rcc.c.obj
                0x080025c0                HAL_RCC_ClockConfig
 .text.HAL_RCC_GetSysClockFreq
                0x0800292c      0x2f4 CMakeFiles/SAI_CM7.dir/drivers/STM32H7xx_HAL_Driver/Src/stm32h7xx_hal_rcc.c.obj
                0x0800292c                HAL_RCC_GetSysClockFreq
 .text.HAL_RCC_GetHCLKFreq
                0x08002c20       0x60 CMakeFiles/SAI_CM7.dir/drivers/STM32H7xx_HAL_Driver/Src/stm32h7xx_hal_rcc.c.obj
                0x08002c20                HAL_RCC_GetHCLKFreq
 .text.HAL_RCC_GetPCLK1Freq
                0x08002c80       0x2c CMakeFiles/SAI_CM7.dir/drivers/STM32H7xx_HAL_Driver/Src/stm32h7xx_hal_rcc.c.obj
                0x08002c80                HAL_RCC_GetPCLK1Freq
 .text.HAL_RCC_GetPCLK2Freq
                0x08002cac       0x2c CMakeFiles/SAI_CM7.dir/drivers/STM32H7xx_HAL_Driver/Src/stm32h7xx_hal_rcc.c.obj
                0x08002cac                HAL_RCC_GetPCLK2Freq
 .text.HAL_RCCEx_PeriphCLKConfig
                0x08002cd8     0x1414 CMakeFiles/SAI_CM7.dir/drivers/STM32H7xx_HAL_Driver/Src/stm32h7xx_hal_rcc_ex.c.obj
                0x08002cd8                HAL_RCCEx_PeriphCLKConfig
 .text.HAL_RCCEx_GetPeriphCLKFreq
                0x080040ec      0xb00 CMakeFiles/SAI_CM7.dir/drivers/STM32H7xx_HAL_Driver/Src/stm32h7xx_hal_rcc_ex.c.obj
                0x080040ec                HAL_RCCEx_GetPeriphCLKFreq
 .text.HAL_RCCEx_GetD3PCLK1Freq
                0x08004bec       0x2c CMakeFiles/SAI_CM7.dir/drivers/STM32H7xx_HAL_Driver/Src/stm32h7xx_hal_rcc_ex.c.obj
                0x08004bec                HAL_RCCEx_GetD3PCLK1Freq
 .text.HAL_RCCEx_GetPLL2ClockFreq
                0x08004c18      0x2a8 CMakeFiles/SAI_CM7.dir/drivers/STM32H7xx_HAL_Driver/Src/stm32h7xx_hal_rcc_ex.c.obj
                0x08004c18                HAL_RCCEx_GetPLL2ClockFreq
 .text.HAL_RCCEx_GetPLL3ClockFreq
                0x08004ec0      0x2a8 CMakeFiles/SAI_CM7.dir/drivers/STM32H7xx_HAL_Driver/Src/stm32h7xx_hal_rcc_ex.c.obj
                0x08004ec0                HAL_RCCEx_GetPLL3ClockFreq
 .text.HAL_RCCEx_GetPLL1ClockFreq
                0x08005168      0x2a4 CMakeFiles/SAI_CM7.dir/drivers/STM32H7xx_HAL_Driver/Src/stm32h7xx_hal_rcc_ex.c.obj
                0x08005168                HAL_RCCEx_GetPLL1ClockFreq
 .text.RCCEx_PLL2_Config
                0x0800540c      0x164 CMakeFiles/SAI_CM7.dir/drivers/STM32H7xx_HAL_Driver/Src/stm32h7xx_hal_rcc_ex.c.obj
 .text.RCCEx_PLL3_Config
                0x08005570      0x164 CMakeFiles/SAI_CM7.dir/drivers/STM32H7xx_HAL_Driver/Src/stm32h7xx_hal_rcc_ex.c.obj
 .text.Reset_Handler
                0x080056d4       0x54 CMakeFiles/SAI_CM7.dir/CM7/Startup/startup_stm32h745xx_CM7.s.obj
                0x080056d4                Reset_Handler
 .text.Default_Handler
                0x08005728        0x2 CMakeFiles/SAI_CM7.dir/CM7/Startup/startup_stm32h745xx_CM7.s.obj
                0x08005728                RTC_Alarm_IRQHandler
                0x08005728                EXTI2_IRQHandler
                0x08005728                TIM8_CC_IRQHandler
                0x08005728                HRTIM1_Master_IRQHandler
                0x08005728                UART8_IRQHandler
                0x08005728                SPI4_IRQHandler
                0x08005728                TIM1_CC_IRQHandler
                0x08005728                BDMA_Channel6_IRQHandler
                0x08005728                DMA2_Stream5_IRQHandler
                0x08005728                HRTIM1_FLT_IRQHandler
                0x08005728                JPEG_IRQHandler
                0x08005728                DMA1_Stream5_IRQHandler
                0x08005728                HRTIM1_TIMD_IRQHandler
                0x08005728                TAMP_STAMP_IRQHandler
                0x08005728                EXTI3_IRQHandler
                0x08005728                LPTIM4_IRQHandler
                0x08005728                TIM8_TRG_COM_TIM14_IRQHandler
                0x08005728                LPTIM2_IRQHandler
                0x08005728                DFSDM1_FLT1_IRQHandler
                0x08005728                DMAMUX2_OVR_IRQHandler
                0x08005728                TIM8_UP_TIM13_IRQHandler
                0x08005728                I2C3_ER_IRQHandler
                0x08005728                DFSDM1_FLT2_IRQHandler
                0x08005728                MDMA_IRQHandler
                0x08005728                LPTIM3_IRQHandler
                0x08005728                HSEM1_IRQHandler
                0x08005728                EXTI0_IRQHandler
                0x08005728                I2C2_EV_IRQHandler
                0x08005728                DMA1_Stream2_IRQHandler
                0x08005728                FPU_IRQHandler
                0x08005728                OTG_HS_WKUP_IRQHandler
                0x08005728                FDCAN1_IT1_IRQHandler
                0x08005728                LTDC_ER_IRQHandler
                0x08005728                DMA2_Stream2_IRQHandler
                0x08005728                HRTIM1_TIME_IRQHandler
                0x08005728                SPI1_IRQHandler
                0x08005728                TIM6_DAC_IRQHandler
                0x08005728                DCMI_IRQHandler
                0x08005728                HRTIM1_TIMC_IRQHandler
                0x08005728                DMA2_Stream3_IRQHandler
                0x08005728                SAI2_IRQHandler
                0x08005728                DFSDM1_FLT3_IRQHandler
                0x08005728                USART6_IRQHandler
                0x08005728                TIM17_IRQHandler
                0x08005728                USART3_IRQHandler
                0x08005728                BDMA_Channel7_IRQHandler
                0x08005728                LPTIM5_IRQHandler
                0x08005728                UART5_IRQHandler
                0x08005728                ADC3_IRQHandler
                0x08005728                DMA2_Stream0_IRQHandler
                0x08005728                TIM4_IRQHandler
                0x08005728                BDMA_Channel2_IRQHandler
                0x08005728                QUADSPI_IRQHandler
                0x08005728                I2C1_EV_IRQHandler
                0x08005728                DMA1_Stream6_IRQHandler
                0x08005728                DMAMUX1_OVR_IRQHandler
                0x08005728                DMA1_Stream1_IRQHandler
                0x08005728                TIM16_IRQHandler
                0x08005728                UART4_IRQHandler
                0x08005728                BDMA_Channel5_IRQHandler
                0x08005728                TIM3_IRQHandler
                0x08005728                RCC_IRQHandler
                0x08005728                TIM8_BRK_TIM12_IRQHandler
                0x08005728                TIM1_TRG_COM_IRQHandler
                0x08005728                Default_Handler
                0x08005728                ECC_IRQHandler
                0x08005728                CEC_IRQHandler
                0x08005728                EXTI15_10_IRQHandler
                0x08005728                BDMA_Channel0_IRQHandler
                0x08005728                ADC_IRQHandler
                0x08005728                DMA1_Stream7_IRQHandler
                0x08005728                HRTIM1_TIMA_IRQHandler
                0x08005728                SPI5_IRQHandler
                0x08005728                TIM7_IRQHandler
                0x08005728                SDMMC1_IRQHandler
                0x08005728                TIM5_IRQHandler
                0x08005728                DMA2_Stream7_IRQHandler
                0x08005728                TIM15_IRQHandler
                0x08005728                PVD_AVD_IRQHandler
                0x08005728                I2C3_EV_IRQHandler
                0x08005728                EXTI9_5_IRQHandler
                0x08005728                RTC_WKUP_IRQHandler
                0x08005728                LTDC_IRQHandler
                0x08005728                SAI3_IRQHandler
                0x08005728                ETH_WKUP_IRQHandler
                0x08005728                SPDIF_RX_IRQHandler
                0x08005728                SPI2_IRQHandler
                0x08005728                OTG_HS_EP1_IN_IRQHandler
                0x08005728                DMA1_Stream0_IRQHandler
                0x08005728                CRS_IRQHandler
                0x08005728                CM7_SEV_IRQHandler
                0x08005728                EXTI4_IRQHandler
                0x08005728                RNG_IRQHandler
                0x08005728                CM4_SEV_IRQHandler
                0x08005728                HRTIM1_TIMB_IRQHandler
                0x08005728                FDCAN2_IT1_IRQHandler
                0x08005728                ETH_IRQHandler
                0x08005728                TIM1_UP_IRQHandler
                0x08005728                WWDG_RST_IRQHandler
                0x08005728                BDMA_Channel4_IRQHandler
                0x08005728                OTG_HS_EP1_OUT_IRQHandler
                0x08005728                WWDG_IRQHandler
                0x08005728                SPI6_IRQHandler
                0x08005728                MDIOS_IRQHandler
                0x08005728                I2C4_EV_IRQHandler
                0x08005728                FDCAN2_IT0_IRQHandler
                0x08005728                LPUART1_IRQHandler
                0x08005728                FDCAN1_IT0_IRQHandler
                0x08005728                TIM2_IRQHandler
                0x08005728                OTG_FS_WKUP_IRQHandler
                0x08005728                OTG_HS_IRQHandler
                0x08005728                HSEM2_IRQHandler
                0x08005728                DMA2D_IRQHandler
                0x08005728                TIM1_BRK_IRQHandler
                0x08005728                EXTI1_IRQHandler
                0x08005728                SDMMC2_IRQHandler
                0x08005728                OTG_FS_EP1_OUT_IRQHandler
                0x08005728                BDMA_Channel3_IRQHandler
                0x08005728                HOLD_CORE_IRQHandler
                0x08005728                UART7_IRQHandler
                0x08005728                MDIOS_WKUP_IRQHandler
                0x08005728                USART2_IRQHandler
                0x08005728                DFSDM1_FLT0_IRQHandler
                0x08005728                SAI4_IRQHandler
                0x08005728                I2C2_ER_IRQHandler
                0x08005728                FLASH_IRQHandler
                0x08005728                DMA2_Stream4_IRQHandler
                0x08005728                USART1_IRQHandler
                0x08005728                OTG_FS_IRQHandler
                0x08005728                SPI3_IRQHandler
                0x08005728                WAKEUP_PIN_IRQHandler
                0x08005728                DMA1_Stream4_IRQHandler
                0x08005728                OTG_FS_EP1_IN_IRQHandler
                0x08005728                I2C1_ER_IRQHandler
                0x08005728                FMC_IRQHandler
                0x08005728                FDCAN_CAL_IRQHandler
                0x08005728                SWPMI1_IRQHandler
                0x08005728                COMP1_IRQHandler
                0x08005728                LPTIM1_IRQHandler
                0x08005728                I2C4_ER_IRQHandler
                0x08005728                DMA2_Stream6_IRQHandler
                0x08005728                SAI1_IRQHandler
                0x08005728                DMA1_Stream3_IRQHandler
 *fill*         0x0800572a        0x2 
 .text.WM8994_Init
                0x0800572c      0xdcc CMakeFiles/SAI_CM7.dir/drivers/BSP/Components/wm8994/wm8994.c.obj
                0x0800572c                WM8994_Init
 .text.WM8994_DeInit
                0x080064f8       0x1a CMakeFiles/SAI_CM7.dir/drivers/BSP/Components/wm8994/wm8994.c.obj
                0x080064f8                WM8994_DeInit
 .text.WM8994_ReadID
                0x08006512       0x34 CMakeFiles/SAI_CM7.dir/drivers/BSP/Components/wm8994/wm8994.c.obj
                0x08006512                WM8994_ReadID
 .text.WM8994_Play
                0x08006546       0x1a CMakeFiles/SAI_CM7.dir/drivers/BSP/Components/wm8994/wm8994.c.obj
                0x08006546                WM8994_Play
 .text.WM8994_Pause
                0x08006560       0x50 CMakeFiles/SAI_CM7.dir/drivers/BSP/Components/wm8994/wm8994.c.obj
                0x08006560                WM8994_Pause
 .text.WM8994_Resume
                0x080065b0       0x1a CMakeFiles/SAI_CM7.dir/drivers/BSP/Components/wm8994/wm8994.c.obj
                0x080065b0                WM8994_Resume
 .text.WM8994_Stop
                0x080065ca       0xda CMakeFiles/SAI_CM7.dir/drivers/BSP/Components/wm8994/wm8994.c.obj
                0x080065ca                WM8994_Stop
 .text.WM8994_SetVolume
                0x080066a4      0x1b4 CMakeFiles/SAI_CM7.dir/drivers/BSP/Components/wm8994/wm8994.c.obj
                0x080066a4                WM8994_SetVolume
 .text.WM8994_GetVolume
                0x08006858       0xa4 CMakeFiles/SAI_CM7.dir/drivers/BSP/Components/wm8994/wm8994.c.obj
                0x08006858                WM8994_GetVolume
 .text.WM8994_SetMute
                0x080068fc       0x96 CMakeFiles/SAI_CM7.dir/drivers/BSP/Components/wm8994/wm8994.c.obj
                0x080068fc                WM8994_SetMute
 .text.WM8994_SetOutputMode
                0x08006992      0x432 CMakeFiles/SAI_CM7.dir/drivers/BSP/Components/wm8994/wm8994.c.obj
                0x08006992                WM8994_SetOutputMode
 .text.WM8994_SetResolution
                0x08006dc4       0x34 CMakeFiles/SAI_CM7.dir/drivers/BSP/Components/wm8994/wm8994.c.obj
                0x08006dc4                WM8994_SetResolution
 .text.WM8994_GetResolution
                0x08006df8       0x80 CMakeFiles/SAI_CM7.dir/drivers/BSP/Components/wm8994/wm8994.c.obj
                0x08006df8                WM8994_GetResolution
 .text.WM8994_SetProtocol
                0x08006e78       0x34 CMakeFiles/SAI_CM7.dir/drivers/BSP/Components/wm8994/wm8994.c.obj
                0x08006e78                WM8994_SetProtocol
 .text.WM8994_GetProtocol
                0x08006eac       0x3e CMakeFiles/SAI_CM7.dir/drivers/BSP/Components/wm8994/wm8994.c.obj
                0x08006eac                WM8994_GetProtocol
 *fill*         0x08006eea        0x2 
 .text.WM8994_SetFrequency
                0x08006eec      0x168 CMakeFiles/SAI_CM7.dir/drivers/BSP/Components/wm8994/wm8994.c.obj
                0x08006eec                WM8994_SetFrequency
 .text.WM8994_GetFrequency
                0x08007054       0xc8 CMakeFiles/SAI_CM7.dir/drivers/BSP/Components/wm8994/wm8994.c.obj
                0x08007054                WM8994_GetFrequency
 .text.WM8994_Reset
                0x0800711c       0x2e CMakeFiles/SAI_CM7.dir/drivers/BSP/Components/wm8994/wm8994.c.obj
                0x0800711c                WM8994_Reset
 *fill*         0x0800714a        0x2 
 .text.WM8994_RegisterBusIO
                0x0800714c       0x84 CMakeFiles/SAI_CM7.dir/drivers/BSP/Components/wm8994/wm8994.c.obj
                0x0800714c                WM8994_RegisterBusIO
 .text.WM8994_Delay
                0x080071d0       0x34 CMakeFiles/SAI_CM7.dir/drivers/BSP/Components/wm8994/wm8994.c.obj
 .text.WM8994_ReadRegWrap
                0x08007204       0x32 CMakeFiles/SAI_CM7.dir/drivers/BSP/Components/wm8994/wm8994.c.obj
 .text.WM8994_WriteRegWrap
                0x08007236       0x32 CMakeFiles/SAI_CM7.dir/drivers/BSP/Components/wm8994/wm8994.c.obj
 .text.wm8994_read_reg
                0x08007268       0x58 CMakeFiles/SAI_CM7.dir/drivers/BSP/Components/wm8994/wm8994_reg.c.obj
                0x08007268                wm8994_read_reg
 .text.wm8994_write_reg
                0x080072c0       0x50 CMakeFiles/SAI_CM7.dir/drivers/BSP/Components/wm8994/wm8994_reg.c.obj
                0x080072c0                wm8994_write_reg
 .text.wm8994_sw_reset_w
                0x08007310       0x22 CMakeFiles/SAI_CM7.dir/drivers/BSP/Components/wm8994/wm8994_reg.c.obj
                0x08007310                wm8994_sw_reset_w
 .text.wm8994_sw_reset_r
                0x08007332       0x20 CMakeFiles/SAI_CM7.dir/drivers/BSP/Components/wm8994/wm8994_reg.c.obj
                0x08007332                wm8994_sw_reset_r
 .text.wm8994_lo_hpout1l_vol_r
                0x08007352       0x3e CMakeFiles/SAI_CM7.dir/drivers/BSP/Components/wm8994/wm8994_reg.c.obj
                0x08007352                wm8994_lo_hpout1l_vol_r
 .text.wm8994_aif1_sr_r
                0x08007390       0x44 CMakeFiles/SAI_CM7.dir/drivers/BSP/Components/wm8994/wm8994_reg.c.obj
                0x08007390                wm8994_aif1_sr_r
 .text.wm8994_aif1_control1_fmt
                0x080073d4       0x62 CMakeFiles/SAI_CM7.dir/drivers/BSP/Components/wm8994/wm8994_reg.c.obj
                0x080073d4                wm8994_aif1_control1_fmt
 .text.wm8994_aif1_control1_fmt_r
                0x08007436       0x44 CMakeFiles/SAI_CM7.dir/drivers/BSP/Components/wm8994/wm8994_reg.c.obj
                0x08007436                wm8994_aif1_control1_fmt_r
 .text.wm8994_aif1_control1_wl
                0x0800747a       0x62 CMakeFiles/SAI_CM7.dir/drivers/BSP/Components/wm8994/wm8994_reg.c.obj
                0x0800747a                wm8994_aif1_control1_wl
 .text.wm8994_aif1_control1_wl_r
                0x080074dc       0x44 CMakeFiles/SAI_CM7.dir/drivers/BSP/Components/wm8994/wm8994_reg.c.obj
                0x080074dc                wm8994_aif1_control1_wl_r
 .text.wm8994_aif1_control1_adcr_src
                0x08007520       0x62 CMakeFiles/SAI_CM7.dir/drivers/BSP/Components/wm8994/wm8994_reg.c.obj
                0x08007520                wm8994_aif1_control1_adcr_src
 .text.wm8994_aif1_adc1_left_vol_adc1l_r
                0x08007582       0x3e CMakeFiles/SAI_CM7.dir/drivers/BSP/Components/wm8994/wm8994_reg.c.obj
                0x08007582                wm8994_aif1_adc1_left_vol_adc1l_r
 .text.BSP_I2C4_Init
                0x080075c0       0x74 CMakeFiles/SAI_CM7.dir/drivers/BSP/STM32H745I-DISCO/stm32h745i_discovery_bus.c.obj
                0x080075c0                BSP_I2C4_Init
 .text.BSP_I2C4_DeInit
                0x08007634       0x48 CMakeFiles/SAI_CM7.dir/drivers/BSP/STM32H745I-DISCO/stm32h745i_discovery_bus.c.obj
                0x08007634                BSP_I2C4_DeInit
 .text.MX_I2C4_Init
                0x0800767c       0x84 CMakeFiles/SAI_CM7.dir/drivers/BSP/STM32H745I-DISCO/stm32h745i_discovery_bus.c.obj
                0x0800767c                MX_I2C4_Init
 .text.BSP_I2C4_WriteReg16
                0x08007700       0x5c CMakeFiles/SAI_CM7.dir/drivers/BSP/STM32H745I-DISCO/stm32h745i_discovery_bus.c.obj
                0x08007700                BSP_I2C4_WriteReg16
 .text.BSP_I2C4_ReadReg16
                0x0800775c       0x5c CMakeFiles/SAI_CM7.dir/drivers/BSP/STM32H745I-DISCO/stm32h745i_discovery_bus.c.obj
                0x0800775c                BSP_I2C4_ReadReg16
 .text.BSP_GetTick
                0x080077b8        0xe CMakeFiles/SAI_CM7.dir/drivers/BSP/STM32H745I-DISCO/stm32h745i_discovery_bus.c.obj
                0x080077b8                BSP_GetTick
 *fill*         0x080077c6        0x2 
 .text.I2C_GetTiming
                0x080077c8      0x100 CMakeFiles/SAI_CM7.dir/drivers/BSP/STM32H745I-DISCO/stm32h745i_discovery_bus.c.obj
 .text.I2C_Compute_PRESC_SCLDEL_SDADEL
                0x080078c8      0x1dc CMakeFiles/SAI_CM7.dir/drivers/BSP/STM32H745I-DISCO/stm32h745i_discovery_bus.c.obj
 .text.I2C_Compute_SCLL_SCLH
                0x08007aa4      0x210 CMakeFiles/SAI_CM7.dir/drivers/BSP/STM32H745I-DISCO/stm32h745i_discovery_bus.c.obj
 .text.I2C4_MspInit
                0x08007cb4       0xd8 CMakeFiles/SAI_CM7.dir/drivers/BSP/STM32H745I-DISCO/stm32h745i_discovery_bus.c.obj
 .text.I2C4_MspDeInit
                0x08007d8c       0x48 CMakeFiles/SAI_CM7.dir/drivers/BSP/STM32H745I-DISCO/stm32h745i_discovery_bus.c.obj
 .text.I2C4_WriteReg
                0x08007dd4       0x4c CMakeFiles/SAI_CM7.dir/drivers/BSP/STM32H745I-DISCO/stm32h745i_discovery_bus.c.obj
 .text.I2C4_ReadReg
                0x08007e20       0x4c CMakeFiles/SAI_CM7.dir/drivers/BSP/STM32H745I-DISCO/stm32h745i_discovery_bus.c.obj
 .text.HAL_GPIO_Init
                0x08007e6c      0x360 CMakeFiles/SAI_CM7.dir/drivers/STM32H7xx_HAL_Driver/Src/stm32h7xx_hal_gpio.c.obj
                0x08007e6c                HAL_GPIO_Init
 .text.HAL_GPIO_DeInit
                0x080081cc      0x214 CMakeFiles/SAI_CM7.dir/drivers/STM32H7xx_HAL_Driver/Src/stm32h7xx_hal_gpio.c.obj
                0x080081cc                HAL_GPIO_DeInit
 .text.HAL_GPIO_WritePin
                0x080083e0       0x32 CMakeFiles/SAI_CM7.dir/drivers/STM32H7xx_HAL_Driver/Src/stm32h7xx_hal_gpio.c.obj
                0x080083e0                HAL_GPIO_WritePin
 .text.HAL_GPIO_TogglePin
                0x08008412       0x34 CMakeFiles/SAI_CM7.dir/drivers/STM32H7xx_HAL_Driver/Src/stm32h7xx_hal_gpio.c.obj
                0x08008412                HAL_GPIO_TogglePin
 *fill*         0x08008446        0x2 
 .text.HAL_DMA_Init
                0x08008448      0x6b8 CMakeFiles/SAI_CM7.dir/drivers/STM32H7xx_HAL_Driver/Src/stm32h7xx_hal_dma.c.obj
                0x08008448                HAL_DMA_Init
 .text.HAL_DMA_DeInit
                0x08008b00      0x36c CMakeFiles/SAI_CM7.dir/drivers/STM32H7xx_HAL_Driver/Src/stm32h7xx_hal_dma.c.obj
                0x08008b00                HAL_DMA_DeInit
 .text.HAL_DMA_Start_IT
                0x08008e6c      0x4d4 CMakeFiles/SAI_CM7.dir/drivers/STM32H7xx_HAL_Driver/Src/stm32h7xx_hal_dma.c.obj
                0x08008e6c                HAL_DMA_Start_IT
 .text.HAL_DMA_IRQHandler
                0x08009340      0xe54 CMakeFiles/SAI_CM7.dir/drivers/STM32H7xx_HAL_Driver/Src/stm32h7xx_hal_dma.c.obj
                0x08009340                HAL_DMA_IRQHandler
 .text.HAL_DMA_GetError
                0x0800a194       0x18 CMakeFiles/SAI_CM7.dir/drivers/STM32H7xx_HAL_Driver/Src/stm32h7xx_hal_dma.c.obj
                0x0800a194                HAL_DMA_GetError
 .text.DMA_SetConfig
                0x0800a1ac      0x358 CMakeFiles/SAI_CM7.dir/drivers/STM32H7xx_HAL_Driver/Src/stm32h7xx_hal_dma.c.obj
 .text.DMA_CalcBaseAndBitshift
                0x0800a504      0x164 CMakeFiles/SAI_CM7.dir/drivers/STM32H7xx_HAL_Driver/Src/stm32h7xx_hal_dma.c.obj
 .text.DMA_CheckFifoParam
                0x0800a668       0xf8 CMakeFiles/SAI_CM7.dir/drivers/STM32H7xx_HAL_Driver/Src/stm32h7xx_hal_dma.c.obj
 .text.DMA_CalcDMAMUXChannelBaseAndMask
                0x0800a760      0x134 CMakeFiles/SAI_CM7.dir/drivers/STM32H7xx_HAL_Driver/Src/stm32h7xx_hal_dma.c.obj
 .text.DMA_CalcDMAMUXRequestGenBaseAndMask
                0x0800a894       0xe8 CMakeFiles/SAI_CM7.dir/drivers/STM32H7xx_HAL_Driver/Src/stm32h7xx_hal_dma.c.obj
 .text.__NVIC_SetPriorityGrouping
                0x0800a97c       0x48 CMakeFiles/SAI_CM7.dir/drivers/STM32H7xx_HAL_Driver/Src/stm32h7xx_hal_cortex.c.obj
 .text.__NVIC_GetPriorityGrouping
                0x0800a9c4       0x1c CMakeFiles/SAI_CM7.dir/drivers/STM32H7xx_HAL_Driver/Src/stm32h7xx_hal_cortex.c.obj
 .text.__NVIC_EnableIRQ
                0x0800a9e0       0x3c CMakeFiles/SAI_CM7.dir/drivers/STM32H7xx_HAL_Driver/Src/stm32h7xx_hal_cortex.c.obj
 .text.__NVIC_SetPriority
                0x0800aa1c       0x54 CMakeFiles/SAI_CM7.dir/drivers/STM32H7xx_HAL_Driver/Src/stm32h7xx_hal_cortex.c.obj
 .text.NVIC_EncodePriority
                0x0800aa70       0x66 CMakeFiles/SAI_CM7.dir/drivers/STM32H7xx_HAL_Driver/Src/stm32h7xx_hal_cortex.c.obj
 *fill*         0x0800aad6        0x2 
 .text.SysTick_Config
                0x0800aad8       0x44 CMakeFiles/SAI_CM7.dir/drivers/STM32H7xx_HAL_Driver/Src/stm32h7xx_hal_cortex.c.obj
 .text.HAL_NVIC_SetPriorityGrouping
                0x0800ab1c       0x16 CMakeFiles/SAI_CM7.dir/drivers/STM32H7xx_HAL_Driver/Src/stm32h7xx_hal_cortex.c.obj
                0x0800ab1c                HAL_NVIC_SetPriorityGrouping
 .text.HAL_NVIC_SetPriority
                0x0800ab32       0x34 CMakeFiles/SAI_CM7.dir/drivers/STM32H7xx_HAL_Driver/Src/stm32h7xx_hal_cortex.c.obj
                0x0800ab32                HAL_NVIC_SetPriority
 .text.HAL_NVIC_EnableIRQ
                0x0800ab66       0x1c CMakeFiles/SAI_CM7.dir/drivers/STM32H7xx_HAL_Driver/Src/stm32h7xx_hal_cortex.c.obj
                0x0800ab66                HAL_NVIC_EnableIRQ
 .text.HAL_SYSTICK_Config
                0x0800ab82       0x18 CMakeFiles/SAI_CM7.dir/drivers/STM32H7xx_HAL_Driver/Src/stm32h7xx_hal_cortex.c.obj
                0x0800ab82                HAL_SYSTICK_Config
 *fill*         0x0800ab9a        0x2 
 .text.HAL_PWREx_ConfigSupply
                0x0800ab9c       0xb4 CMakeFiles/SAI_CM7.dir/drivers/STM32H7xx_HAL_Driver/Src/stm32h7xx_hal_pwr_ex.c.obj
                0x0800ab9c                HAL_PWREx_ConfigSupply
 .text.SystemInit
                0x0800ac50      0x15c CMakeFiles/SAI_CM7.dir/system_stm32h7xx_dualcore_boot_cm4_cm7.c.obj
                0x0800ac50                SystemInit
 .text.ExitRun0Mode
                0x0800adac       0x30 CMakeFiles/SAI_CM7.dir/system_stm32h7xx_dualcore_boot_cm4_cm7.c.obj
                0x0800adac                ExitRun0Mode
 .text.HAL_I2C_Init
                0x0800addc      0x138 CMakeFiles/SAI_CM7.dir/drivers/STM32H7xx_HAL_Driver/Src/stm32h7xx_hal_i2c.c.obj
                0x0800addc                HAL_I2C_Init
 .text.HAL_I2C_DeInit
                0x0800af14       0x5e CMakeFiles/SAI_CM7.dir/drivers/STM32H7xx_HAL_Driver/Src/stm32h7xx_hal_i2c.c.obj
                0x0800af14                HAL_I2C_DeInit
 .text.HAL_I2C_MspInit
                0x0800af72       0x14 CMakeFiles/SAI_CM7.dir/drivers/STM32H7xx_HAL_Driver/Src/stm32h7xx_hal_i2c.c.obj
                0x0800af72                HAL_I2C_MspInit
 .text.HAL_I2C_MspDeInit
                0x0800af86       0x14 CMakeFiles/SAI_CM7.dir/drivers/STM32H7xx_HAL_Driver/Src/stm32h7xx_hal_i2c.c.obj
                0x0800af86                HAL_I2C_MspDeInit
 *fill*         0x0800af9a        0x2 
 .text.HAL_I2C_Mem_Write
                0x0800af9c      0x228 CMakeFiles/SAI_CM7.dir/drivers/STM32H7xx_HAL_Driver/Src/stm32h7xx_hal_i2c.c.obj
                0x0800af9c                HAL_I2C_Mem_Write
 .text.HAL_I2C_Mem_Read
                0x0800b1c4      0x234 CMakeFiles/SAI_CM7.dir/drivers/STM32H7xx_HAL_Driver/Src/stm32h7xx_hal_i2c.c.obj
                0x0800b1c4                HAL_I2C_Mem_Read
 .text.HAL_I2C_GetState
                0x0800b3f8       0x1c CMakeFiles/SAI_CM7.dir/drivers/STM32H7xx_HAL_Driver/Src/stm32h7xx_hal_i2c.c.obj
                0x0800b3f8                HAL_I2C_GetState
 .text.HAL_I2C_GetError
                0x0800b414       0x18 CMakeFiles/SAI_CM7.dir/drivers/STM32H7xx_HAL_Driver/Src/stm32h7xx_hal_i2c.c.obj
                0x0800b414                HAL_I2C_GetError
 .text.I2C_RequestMemoryWrite
                0x0800b42c       0xa8 CMakeFiles/SAI_CM7.dir/drivers/STM32H7xx_HAL_Driver/Src/stm32h7xx_hal_i2c.c.obj
 .text.I2C_RequestMemoryRead
                0x0800b4d4       0xa8 CMakeFiles/SAI_CM7.dir/drivers/STM32H7xx_HAL_Driver/Src/stm32h7xx_hal_i2c.c.obj
 .text.I2C_Flush_TXDR
                0x0800b57c       0x48 CMakeFiles/SAI_CM7.dir/drivers/STM32H7xx_HAL_Driver/Src/stm32h7xx_hal_i2c.c.obj
 .text.I2C_WaitOnFlagUntilTimeout
                0x0800b5c4       0xb2 CMakeFiles/SAI_CM7.dir/drivers/STM32H7xx_HAL_Driver/Src/stm32h7xx_hal_i2c.c.obj
 .text.I2C_WaitOnTXISFlagUntilTimeout
                0x0800b676       0x8e CMakeFiles/SAI_CM7.dir/drivers/STM32H7xx_HAL_Driver/Src/stm32h7xx_hal_i2c.c.obj
 .text.I2C_WaitOnSTOPFlagUntilTimeout
                0x0800b704       0x86 CMakeFiles/SAI_CM7.dir/drivers/STM32H7xx_HAL_Driver/Src/stm32h7xx_hal_i2c.c.obj
 *fill*         0x0800b78a        0x2 
 .text.I2C_IsErrorOccurred
                0x0800b78c      0x1c0 CMakeFiles/SAI_CM7.dir/drivers/STM32H7xx_HAL_Driver/Src/stm32h7xx_hal_i2c.c.obj
 .text.I2C_TransferConfig
                0x0800b94c       0x64 CMakeFiles/SAI_CM7.dir/drivers/STM32H7xx_HAL_Driver/Src/stm32h7xx_hal_i2c.c.obj
 .text.HAL_I2CEx_ConfigAnalogFilter
                0x0800b9b0       0x96 CMakeFiles/SAI_CM7.dir/drivers/STM32H7xx_HAL_Driver/Src/stm32h7xx_hal_i2c_ex.c.obj
                0x0800b9b0                HAL_I2CEx_ConfigAnalogFilter
 .text.HAL_I2CEx_ConfigDigitalFilter
                0x0800ba46       0x98 CMakeFiles/SAI_CM7.dir/drivers/STM32H7xx_HAL_Driver/Src/stm32h7xx_hal_i2c_ex.c.obj
                0x0800ba46                HAL_I2CEx_ConfigDigitalFilter
 *fill*         0x0800bade        0x2 
 .text.D16_GENERIC
                0x0800bae0      0x110 C:/Users/Миша/CLionProjects/st32_template/CM7/Lib/libPDMFilter_CM7_GCC_wc32.a(pdm_filter.o)
 .text.D24_GENERIC
                0x0800bbf0      0x17c C:/Users/Миша/CLionProjects/st32_template/CM7/Lib/libPDMFilter_CM7_GCC_wc32.a(pdm_filter.o)
 .text.D32_GENERIC
                0x0800bd6c      0x188 C:/Users/Миша/CLionProjects/st32_template/CM7/Lib/libPDMFilter_CM7_GCC_wc32.a(pdm_filter.o)
 .text.D48_GENERIC
                0x0800bef4      0x1f0 C:/Users/Миша/CLionProjects/st32_template/CM7/Lib/libPDMFilter_CM7_GCC_wc32.a(pdm_filter.o)
 .text.D64_GENERIC
                0x0800c0e4      0x230 C:/Users/Миша/CLionProjects/st32_template/CM7/Lib/libPDMFilter_CM7_GCC_wc32.a(pdm_filter.o)
 .text.D80_GENERIC
                0x0800c314      0x29c C:/Users/Миша/CLionProjects/st32_template/CM7/Lib/libPDMFilter_CM7_GCC_wc32.a(pdm_filter.o)
 .text.D128_GENERIC
                0x0800c5b0      0x3b8 C:/Users/Миша/CLionProjects/st32_template/CM7/Lib/libPDMFilter_CM7_GCC_wc32.a(pdm_filter.o)
 .text.D16_1CH_HTONS_VOL_HP
                0x0800c968       0xfc C:/Users/Миша/CLionProjects/st32_template/CM7/Lib/libPDMFilter_CM7_GCC_wc32.a(pdm_filter.o)
 .text.D24_1CH_HTONS_VOL_HP
                0x0800ca64      0x130 C:/Users/Миша/CLionProjects/st32_template/CM7/Lib/libPDMFilter_CM7_GCC_wc32.a(pdm_filter.o)
 .text.D32_1CH_HTONS_VOL_HP
                0x0800cb94      0x148 C:/Users/Миша/CLionProjects/st32_template/CM7/Lib/libPDMFilter_CM7_GCC_wc32.a(pdm_filter.o)
 .text.D48_1CH_HTONS_VOL_HP
                0x0800ccdc      0x180 C:/Users/Миша/CLionProjects/st32_template/CM7/Lib/libPDMFilter_CM7_GCC_wc32.a(pdm_filter.o)
 .text.D64_1CH_HTONS_VOL_HP
                0x0800ce5c      0x1b8 C:/Users/Миша/CLionProjects/st32_template/CM7/Lib/libPDMFilter_CM7_GCC_wc32.a(pdm_filter.o)
 .text.D80_1CH_HTONS_VOL_HP
                0x0800d014      0x200 C:/Users/Миша/CLionProjects/st32_template/CM7/Lib/libPDMFilter_CM7_GCC_wc32.a(pdm_filter.o)
 .text.D128_1CH_HTONS_VOL_HP
                0x0800d214      0x2ec C:/Users/Миша/CLionProjects/st32_template/CM7/Lib/libPDMFilter_CM7_GCC_wc32.a(pdm_filter.o)
 .text.PDM_Filter_Init
                0x0800d500      0x10c C:/Users/Миша/CLionProjects/st32_template/CM7/Lib/libPDMFilter_CM7_GCC_wc32.a(pdm_filter.o)
                0x0800d500                PDM_Filter_Init
 .text.PDM_Filter_setConfig
                0x0800d60c      0x1dc C:/Users/Миша/CLionProjects/st32_template/CM7/Lib/libPDMFilter_CM7_GCC_wc32.a(pdm_filter.o)
                0x0800d60c                PDM_Filter_setConfig
 .text.CRC_Lock
                0x0800d7e8       0x80 C:/Users/Миша/CLionProjects/st32_template/CM7/Lib/libPDMFilter_CM7_GCC_wc32.a(stm32_crc_lock.o)
                0x0800d7e8                CRC_Lock
 .text.checkint
                0x0800d868       0x2e C:/ST/STM32CubeCLT_1.19.0/GNU-tools-for-STM32/bin/../lib/gcc/arm-none-eabi/13.3.1/../../../../arm-none-eabi/lib/thumb/v7e-m+dp/hard\libm.a(libm_a-sf_pow.o)
 *fill*         0x0800d896        0x2 
 .text.powf     0x0800d898      0x2c0 C:/ST/STM32CubeCLT_1.19.0/GNU-tools-for-STM32/bin/../lib/gcc/arm-none-eabi/13.3.1/../../../../arm-none-eabi/lib/thumb/v7e-m+dp/hard\libm.a(libm_a-sf_pow.o)
                0x0800d898                powf
 .text.sinf_poly
                0x0800db58       0x54 C:/ST/STM32CubeCLT_1.19.0/GNU-tools-for-STM32/bin/../lib/gcc/arm-none-eabi/13.3.1/../../../../arm-none-eabi/lib/thumb/v7e-m+dp/hard\libm.a(libm_a-sinf.o)
 *fill*         0x0800dbac        0x4 
 .text.sinf     0x0800dbb0      0x130 C:/ST/STM32CubeCLT_1.19.0/GNU-tools-for-STM32/bin/../lib/gcc/arm-none-eabi/13.3.1/../../../../arm-none-eabi/lib/thumb/v7e-m+dp/hard\libm.a(libm_a-sinf.o)
                0x0800dbb0                sinf
 .text.with_errnof
                0x0800dce0       0x1c C:/ST/STM32CubeCLT_1.19.0/GNU-tools-for-STM32/bin/../lib/gcc/arm-none-eabi/13.3.1/../../../../arm-none-eabi/lib/thumb/v7e-m+dp/hard\libm.a(libm_a-math_errf.o)
 .text.xflowf   0x0800dcfc       0x16 C:/ST/STM32CubeCLT_1.19.0/GNU-tools-for-STM32/bin/../lib/gcc/arm-none-eabi/13.3.1/../../../../arm-none-eabi/lib/thumb/v7e-m+dp/hard\libm.a(libm_a-math_errf.o)
 *fill*         0x0800dd12        0x2 
 .text.__math_uflowf
                0x0800dd14        0xc C:/ST/STM32CubeCLT_1.19.0/GNU-tools-for-STM32/bin/../lib/gcc/arm-none-eabi/13.3.1/../../../../arm-none-eabi/lib/thumb/v7e-m+dp/hard\libm.a(libm_a-math_errf.o)
                0x0800dd14                __math_uflowf
 .text.__math_may_uflowf
                0x0800dd20        0xc C:/ST/STM32CubeCLT_1.19.0/GNU-tools-for-STM32/bin/../lib/gcc/arm-none-eabi/13.3.1/../../../../arm-none-eabi/lib/thumb/v7e-m+dp/hard\libm.a(libm_a-math_errf.o)
                0x0800dd20                __math_may_uflowf
 .text.__math_oflowf
                0x0800dd2c        0xc C:/ST/STM32CubeCLT_1.19.0/GNU-tools-for-STM32/bin/../lib/gcc/arm-none-eabi/13.3.1/../../../../arm-none-eabi/lib/thumb/v7e-m+dp/hard\libm.a(libm_a-math_errf.o)
                0x0800dd2c                __math_oflowf
 .text.__math_divzerof
                0x0800dd38       0x24 C:/ST/STM32CubeCLT_1.19.0/GNU-tools-for-STM32/bin/../lib/gcc/arm-none-eabi/13.3.1/../../../../arm-none-eabi/lib/thumb/v7e-m+dp/hard\libm.a(libm_a-math_errf.o)
                0x0800dd38                __math_divzerof
 .text.__math_invalidf
                0x0800dd5c       0x1e C:/ST/STM32CubeCLT_1.19.0/GNU-tools-for-STM32/bin/../lib/gcc/arm-none-eabi/13.3.1/../../../../arm-none-eabi/lib/thumb/v7e-m+dp/hard\libm.a(libm_a-math_errf.o)
                0x0800dd5c                __math_invalidf
 .text.memset   0x0800dd7a       0x10 C:/ST/STM32CubeCLT_1.19.0/GNU-tools-for-STM32/bin/../lib/gcc/arm-none-eabi/13.3.1/../../../../arm-none-eabi/lib/thumb/v7e-m+dp/hard\libg_nano.a(libc_a-memset.o)
                0x0800dd7a                memset
 *fill*         0x0800dd8a        0x2 
 .text.__errno  0x0800dd8c        0xc C:/ST/STM32CubeCLT_1.19.0/GNU-tools-for-STM32/bin/../lib/gcc/arm-none-eabi/13.3.1/../../../../arm-none-eabi/lib/thumb/v7e-m+dp/hard\libg_nano.a(libc_a-errno.o)
                0x0800dd8c                __errno
 .text.__libc_init_array
                0x0800dd98       0x48 C:/ST/STM32CubeCLT_1.19.0/GNU-tools-for-STM32/bin/../lib/gcc/arm-none-eabi/13.3.1/../../../../arm-none-eabi/lib/thumb/v7e-m+dp/hard\libg_nano.a(libc_a-init.o)
                0x0800dd98                __libc_init_array
 *(.glue_7)
 .glue_7        0x0800dde0        0x0 linker stubs
 *(.glue_7t)
 .glue_7t       0x0800dde0        0x0 linker stubs
 *(.eh_frame)
 .eh_frame      0x0800dde0        0x0 C:/ST/STM32CubeCLT_1.19.0/GNU-tools-for-STM32/bin/../lib/gcc/arm-none-eabi/13.3.1/thumb/v7e-m+dp/hard/crtbegin.o
 *(.init)
 .init          0x0800dde0        0x4 C:/ST/STM32CubeCLT_1.19.0/GNU-tools-for-STM32/bin/../lib/gcc/arm-none-eabi/13.3.1/thumb/v7e-m+dp/hard/crti.o
                0x0800dde0                _init
 .init          0x0800dde4        0x8 C:/ST/STM32CubeCLT_1.19.0/GNU-tools-for-STM32/bin/../lib/gcc/arm-none-eabi/13.3.1/thumb/v7e-m+dp/hard/crtn.o
 *(.fini)
 .fini          0x0800ddec        0x4 C:/ST/STM32CubeCLT_1.19.0/GNU-tools-for-STM32/bin/../lib/gcc/arm-none-eabi/13.3.1/thumb/v7e-m+dp/hard/crti.o
                0x0800ddec                _fini
 .fini          0x0800ddf0        0x8 C:/ST/STM32CubeCLT_1.19.0/GNU-tools-for-STM32/bin/../lib/gcc/arm-none-eabi/13.3.1/thumb/v7e-m+dp/hard/crtn.o
                0x0800ddf8                        . = ALIGN (0x4)
                0x0800ddf8                        _etext = .

.vfp11_veneer   0x0800ddf8        0x0
 .vfp11_veneer  0x0800ddf8        0x0 linker stubs

.v4_bx          0x0800ddf8        0x0
 .v4_bx         0x0800ddf8        0x0 linker stubs

.iplt           0x0800ddf8        0x0
 .iplt          0x0800ddf8        0x0 C:/ST/STM32CubeCLT_1.19.0/GNU-tools-for-STM32/bin/../lib/gcc/arm-none-eabi/13.3.1/thumb/v7e-m+dp/hard/crtbegin.o

.rodata         0x0800ddf8      0x490
                0x0800ddf8                        . = ALIGN (0x4)
 *(.rodata)
 .rodata        0x0800ddf8       0x38 C:/Users/Миша/CLionProjects/st32_template/CM7/Lib/libPDMFilter_CM7_GCC_wc32.a(pdm_filter.o)
 *(.rodata*)
 .rodata.LED_PIN
                0x0800de30        0x8 CMakeFiles/SAI_CM7.dir/CM7/Src/stm32h745i_discovery.c.obj
 .rodata.I2C_Charac
                0x0800de38       0x84 CMakeFiles/SAI_CM7.dir/drivers/BSP/STM32H745I-DISCO/stm32h745i_discovery_bus.c.obj
 .rodata.flagBitshiftOffset.0
                0x0800debc        0x8 CMakeFiles/SAI_CM7.dir/drivers/STM32H7xx_HAL_Driver/Src/stm32h7xx_hal_dma.c.obj
 .rodata.D1CorePrescTable
                0x0800dec4       0x10 CMakeFiles/SAI_CM7.dir/system_stm32h7xx_dualcore_boot_cm4_cm7.c.obj
                0x0800dec4                D1CorePrescTable
 .rodata.__inv_pio4
                0x0800ded4       0x60 C:/ST/STM32CubeCLT_1.19.0/GNU-tools-for-STM32/bin/../lib/gcc/arm-none-eabi/13.3.1/../../../../arm-none-eabi/lib/thumb/v7e-m+dp/hard\libm.a(libm_a-sincosf_data.o)
                0x0800ded4                __inv_pio4
 *fill*         0x0800df34        0x4 
 .rodata.__sincosf_table
                0x0800df38       0xe0 C:/ST/STM32CubeCLT_1.19.0/GNU-tools-for-STM32/bin/../lib/gcc/arm-none-eabi/13.3.1/../../../../arm-none-eabi/lib/thumb/v7e-m+dp/hard\libm.a(libm_a-sincosf_data.o)
                0x0800df38                __sincosf_table
 .rodata.__exp2f_data
                0x0800e018      0x148 C:/ST/STM32CubeCLT_1.19.0/GNU-tools-for-STM32/bin/../lib/gcc/arm-none-eabi/13.3.1/../../../../arm-none-eabi/lib/thumb/v7e-m+dp/hard\libm.a(libm_a-sf_exp2_data.o)
                0x0800e018                __exp2f_data
 .rodata.__powf_log2_data
                0x0800e160      0x128 C:/ST/STM32CubeCLT_1.19.0/GNU-tools-for-STM32/bin/../lib/gcc/arm-none-eabi/13.3.1/../../../../arm-none-eabi/lib/thumb/v7e-m+dp/hard\libm.a(libm_a-sf_pow_log2_data.o)
                0x0800e160                __powf_log2_data
                0x0800e288                        . = ALIGN (0x4)

.ARM.extab      0x0800e288        0x0
                0x0800e288                        . = ALIGN (0x4)
 *(.ARM.extab* .gnu.linkonce.armextab.*)
                0x0800e288                        . = ALIGN (0x4)

.ARM            0x0800e288        0x0
                0x0800e288                        . = ALIGN (0x4)
                0x0800e288                        __exidx_start = .
 *(.ARM.exidx*)
                0x0800e288                        __exidx_end = .
                0x0800e288                        . = ALIGN (0x4)

.preinit_array  0x0800e288        0x0
                0x0800e288                        . = ALIGN (0x4)
                0x0800e288                        PROVIDE (__preinit_array_start = .)
 *(.preinit_array*)
                0x0800e288                        PROVIDE (__preinit_array_end = .)
                0x0800e288                        . = ALIGN (0x4)

.init_array     0x0800e288        0x4
                0x0800e288                        . = ALIGN (0x4)
                0x0800e288                        PROVIDE (__init_array_start = .)
 *(SORT_BY_NAME(.init_array.*))
 *(.init_array*)
 .init_array    0x0800e288        0x4 C:/ST/STM32CubeCLT_1.19.0/GNU-tools-for-STM32/bin/../lib/gcc/arm-none-eabi/13.3.1/thumb/v7e-m+dp/hard/crtbegin.o
                0x0800e28c                        PROVIDE (__init_array_end = .)
                0x0800e28c                        . = ALIGN (0x4)

.fini_array     0x0800e28c        0x4
                0x0800e28c                        . = ALIGN (0x4)
                [!provide]                        PROVIDE (__fini_array_start = .)
 *(SORT_BY_NAME(.fini_array.*))
 *(.fini_array*)
 .fini_array    0x0800e28c        0x4 C:/ST/STM32CubeCLT_1.19.0/GNU-tools-for-STM32/bin/../lib/gcc/arm-none-eabi/13.3.1/thumb/v7e-m+dp/hard/crtbegin.o
                [!provide]                        PROVIDE (__fini_array_end = .)
                0x0800e290                        . = ALIGN (0x4)
                0x0800e290                        _sidata = LOADADDR (.data)

.rel.dyn        0x0800e290        0x0
 .rel.iplt      0x0800e290        0x0 C:/ST/STM32CubeCLT_1.19.0/GNU-tools-for-STM32/bin/../lib/gcc/arm-none-eabi/13.3.1/thumb/v7e-m+dp/hard/crtbegin.o

.data           0x20000000      0x4b4 load address 0x0800e290
                0x20000000                        . = ALIGN (0x4)
                0x20000000                        _sdata = .
 *(.data)
 .data          0x20000000      0x400 C:/Users/Миша/CLionProjects/st32_template/CM7/Lib/libPDMFilter_CM7_GCC_wc32.a(pdm_filter.o)
 *(.data*)
 .data.LED_PORT
                0x20000400        0x8 CMakeFiles/SAI_CM7.dir/CM7/Src/stm32h745i_discovery.c.obj
 .data.uwTickPrio
                0x20000408        0x4 CMakeFiles/SAI_CM7.dir/drivers/STM32H7xx_HAL_Driver/Src/stm32h7xx_hal.c.obj
                0x20000408                uwTickPrio
 .data.uwTickFreq
                0x2000040c        0x1 CMakeFiles/SAI_CM7.dir/drivers/STM32H7xx_HAL_Driver/Src/stm32h7xx_hal.c.obj
                0x2000040c                uwTickFreq
 *fill*         0x2000040d        0x3 
 .data.WM8994_Driver
                0x20000410       0x48 CMakeFiles/SAI_CM7.dir/drivers/BSP/Components/wm8994/wm8994.c.obj
                0x20000410                WM8994_Driver
 .data.ColdStartup.0
                0x20000458        0x1 CMakeFiles/SAI_CM7.dir/drivers/BSP/Components/wm8994/wm8994.c.obj
 *fill*         0x20000459        0x3 
 .data.SystemCoreClock
                0x2000045c        0x4 CMakeFiles/SAI_CM7.dir/system_stm32h7xx_dualcore_boot_cm4_cm7.c.obj
                0x2000045c                SystemCoreClock
 .data.SystemD2Clock
                0x20000460        0x4 CMakeFiles/SAI_CM7.dir/system_stm32h7xx_dualcore_boot_cm4_cm7.c.obj
                0x20000460                SystemD2Clock
 .data._impure_ptr
                0x20000464        0x4 C:/ST/STM32CubeCLT_1.19.0/GNU-tools-for-STM32/bin/../lib/gcc/arm-none-eabi/13.3.1/../../../../arm-none-eabi/lib/thumb/v7e-m+dp/hard\libg_nano.a(libc_a-impure.o)
                0x20000464                _impure_ptr
 .data._impure_data
                0x20000468       0x4c C:/ST/STM32CubeCLT_1.19.0/GNU-tools-for-STM32/bin/../lib/gcc/arm-none-eabi/13.3.1/../../../../arm-none-eabi/lib/thumb/v7e-m+dp/hard\libg_nano.a(libc_a-impure.o)
                0x20000468                _impure_data
                0x200004b4                        . = ALIGN (0x4)

.igot.plt       0x200004b4        0x0 load address 0x0800e744
 .igot.plt      0x200004b4        0x0 C:/ST/STM32CubeCLT_1.19.0/GNU-tools-for-STM32/bin/../lib/gcc/arm-none-eabi/13.3.1/thumb/v7e-m+dp/hard/crtbegin.o

.tdata          0x200004b4        0x0 load address 0x0800e744
 *(.tdata .tdata.* .gnu.linkonce.td.*)
                0x200004b4                        . = ALIGN (0x4)
                0x200004b4                        _edata = .
                [!provide]                        PROVIDE (__data_end = .)
                [!provide]                        PROVIDE (__tdata_end = .)
                [!provide]                        PROVIDE (__tdata_start = ADDR (.tdata))
                [!provide]                        PROVIDE (__tdata_size = (__tdata_end - __tdata_start))
                [!provide]                        PROVIDE (__data_start = ADDR (.data))
                [!provide]                        PROVIDE (__data_size = (__data_end - __data_start))
                [!provide]                        PROVIDE (__tdata_source = LOADADDR (.tdata))
                [!provide]                        PROVIDE (__tdata_source_end = (LOADADDR (.tdata) + SIZEOF (.tdata)))
                [!provide]                        PROVIDE (__tdata_source_size = (__tdata_source_end - __tdata_source))
                [!provide]                        PROVIDE (__data_source = LOADADDR (.data))
                [!provide]                        PROVIDE (__data_source_end = __tdata_source_end)
                [!provide]                        PROVIDE (__data_source_size = (__data_source_end - __data_source))

.tbss           0x200004b4        0x0 load address 0x0800e744
                0x200004b4                        _sbss = .
                0x200004b4                        __bss_start__ = _sbss
 *(.tbss .tbss.*)
                0x200004b4                        . = ALIGN (0x4)
                [!provide]                        PROVIDE (__tbss_end = .)
                [!provide]                        PROVIDE (__tbss_start = ADDR (.tbss))
                [!provide]                        PROVIDE (__tbss_size = (__tbss_end - __tbss_start))
                [!provide]                        PROVIDE (__tbss_offset = (ADDR (.tbss) - ADDR (.tdata)))
                [!provide]                        PROVIDE (__tls_base = __tdata_start)
                [!provide]                        PROVIDE (__tls_end = __tbss_end)
                [!provide]                        PROVIDE (__tls_size = (__tls_end - __tls_base))
                [!provide]                        PROVIDE (__tls_align = MAX (ALIGNOF (.tdata), ALIGNOF (.tbss)))
                [!provide]                        PROVIDE (__tls_size_align = (((__tls_size + __tls_align) - 0x1) & ~ ((__tls_align - 0x1))))
                [!provide]                        PROVIDE (__arm32_tls_tcb_offset = MAX (0x8, __tls_align))
                [!provide]                        PROVIDE (__arm64_tls_tcb_offset = MAX (0x10, __tls_align))

.bss            0x200004c0     0x10b4 load address 0x0800e744
 *(.bss)
 .bss           0x200004c0       0x1c C:/ST/STM32CubeCLT_1.19.0/GNU-tools-for-STM32/bin/../lib/gcc/arm-none-eabi/13.3.1/thumb/v7e-m+dp/hard/crtbegin.o
 .bss           0x200004dc        0x1 C:/Users/Миша/CLionProjects/st32_template/CM7/Lib/libPDMFilter_CM7_GCC_wc32.a(pdm_filter.o)
 *(.bss*)
 *fill*         0x200004dd        0x3 
 .bss.SaiInputHandle
                0x200004e0       0x98 CMakeFiles/SAI_CM7.dir/CM7/Src/main.c.obj
                0x200004e0                SaiInputHandle
 .bss.SaiOutputHandle
                0x20000578       0x98 CMakeFiles/SAI_CM7.dir/CM7/Src/main.c.obj
                0x20000578                SaiOutputHandle
 .bss.Audio_Drv
                0x20000610        0x4 CMakeFiles/SAI_CM7.dir/CM7/Src/main.c.obj
 .bss.Audio_CompObj
                0x20000614        0x4 CMakeFiles/SAI_CM7.dir/CM7/Src/main.c.obj
                0x20000614                Audio_CompObj
 *fill*         0x20000618        0x8 
 .bss.audioPcmBuf
                0x20000620      0x200 CMakeFiles/SAI_CM7.dir/CM7/Src/main.c.obj
                0x20000620                audioPcmBuf
 .bss.PDM_FilterHandler
                0x20000820       0x98 CMakeFiles/SAI_CM7.dir/CM7/Src/main.c.obj
                0x20000820                PDM_FilterHandler
 .bss.PDM_FilterConfig
                0x200008b8        0xc CMakeFiles/SAI_CM7.dir/CM7/Src/main.c.obj
                0x200008b8                PDM_FilterConfig
 .bss.WM8994Obj.0
                0x200008c4       0x28 CMakeFiles/SAI_CM7.dir/CM7/Src/main.c.obj
 .bss.SaiInputDmaHandle
                0x200008ec       0x78 CMakeFiles/SAI_CM7.dir/CM7/Src/stm32h7xx_hal_msp.c.obj
                0x200008ec                SaiInputDmaHandle
 .bss.SaiOutputDmaHandle
                0x20000964       0x78 CMakeFiles/SAI_CM7.dir/CM7/Src/stm32h7xx_hal_msp.c.obj
                0x20000964                SaiOutputDmaHandle
 .bss.uwTick    0x200009dc        0x4 CMakeFiles/SAI_CM7.dir/drivers/STM32H7xx_HAL_Driver/Src/stm32h7xx_hal.c.obj
                0x200009dc                uwTick
 .bss.I2c4InitCounter
                0x200009e0        0x4 CMakeFiles/SAI_CM7.dir/drivers/BSP/STM32H745I-DISCO/stm32h745i_discovery_bus.c.obj
 .bss.I2c_valid_timing
                0x200009e4      0xa00 CMakeFiles/SAI_CM7.dir/drivers/BSP/STM32H745I-DISCO/stm32h745i_discovery_bus.c.obj
 .bss.I2c_valid_timing_nbr
                0x200013e4        0x4 CMakeFiles/SAI_CM7.dir/drivers/BSP/STM32H745I-DISCO/stm32h745i_discovery_bus.c.obj
 .bss.hbus_i2c4
                0x200013e8       0x54 CMakeFiles/SAI_CM7.dir/drivers/BSP/STM32H745I-DISCO/stm32h745i_discovery_bus.c.obj
                0x200013e8                hbus_i2c4
 .bss.__sf      0x2000143c      0x138 C:/ST/STM32CubeCLT_1.19.0/GNU-tools-for-STM32/bin/../lib/gcc/arm-none-eabi/13.3.1/../../../../arm-none-eabi/lib/thumb/v7e-m+dp/hard\libg_nano.a(libc_a-findfp.o)
                0x2000143c                __sf
 *(COMMON)
                0x20001574                        . = ALIGN (0x4)
                0x20001574                        _ebss = .
                0x20001574                        __bss_end__ = _ebss
                [!provide]                        PROVIDE (__bss_end = .)
                [!provide]                        PROVIDE (__non_tls_bss_start = ADDR (.bss))
                [!provide]                        PROVIDE (__bss_start = __tbss_start)
                [!provide]                        PROVIDE (__bss_size = (__bss_end - __bss_start))

._user_heap_stack
                0x20001574      0x604 load address 0x0800e744
                0x20001578                        . = ALIGN (0x8)
 *fill*         0x20001574        0x4 
                [!provide]                        PROVIDE (end = .)
                0x20001578                        PROVIDE (_end = .)
                0x20001778                        . = (. + _Min_Heap_Size)
 *fill*         0x20001578      0x200 
                0x20001b78                        . = (. + _Min_Stack_Size)
 *fill*         0x20001778      0x400 
                0x20001b78                        . = ALIGN (0x8)

/DISCARD/
 libc.a:*(*)
 libm.a:*(*)
 libgcc.a:*(*)

.ARM.attributes
                0x00000000       0x2e
 *(.ARM.attributes)
 .ARM.attributes
                0x00000000       0x20 C:/ST/STM32CubeCLT_1.19.0/GNU-tools-for-STM32/bin/../lib/gcc/arm-none-eabi/13.3.1/thumb/v7e-m+dp/hard/crti.o
 .ARM.attributes
                0x00000020       0x32 C:/ST/STM32CubeCLT_1.19.0/GNU-tools-for-STM32/bin/../lib/gcc/arm-none-eabi/13.3.1/thumb/v7e-m+dp/hard/crtbegin.o
 .ARM.attributes
                0x00000052       0x32 CMakeFiles/SAI_CM7.dir/CM7/Src/main.c.obj
 .ARM.attributes
                0x00000084       0x32 CMakeFiles/SAI_CM7.dir/CM7/Src/stm32h7xx_hal_msp.c.obj
 .ARM.attributes
                0x000000b6       0x32 CMakeFiles/SAI_CM7.dir/CM7/Src/stm32h7xx_it.c.obj
 .ARM.attributes
                0x000000e8       0x32 CMakeFiles/SAI_CM7.dir/CM7/Src/stm32h745i_discovery.c.obj
 .ARM.attributes
                0x0000011a       0x32 CMakeFiles/SAI_CM7.dir/drivers/STM32H7xx_HAL_Driver/Src/stm32h7xx_hal_sai.c.obj
 .ARM.attributes
                0x0000014c       0x32 CMakeFiles/SAI_CM7.dir/drivers/STM32H7xx_HAL_Driver/Src/stm32h7xx_hal.c.obj
 .ARM.attributes
                0x0000017e       0x32 CMakeFiles/SAI_CM7.dir/drivers/STM32H7xx_HAL_Driver/Src/stm32h7xx_hal_rcc.c.obj
 .ARM.attributes
                0x000001b0       0x32 CMakeFiles/SAI_CM7.dir/drivers/STM32H7xx_HAL_Driver/Src/stm32h7xx_hal_rcc_ex.c.obj
 .ARM.attributes
                0x000001e2       0x21 CMakeFiles/SAI_CM7.dir/CM7/Startup/startup_stm32h745xx_CM7.s.obj
 .ARM.attributes
                0x00000203       0x32 CMakeFiles/SAI_CM7.dir/drivers/BSP/Components/wm8994/wm8994.c.obj
 .ARM.attributes
                0x00000235       0x32 CMakeFiles/SAI_CM7.dir/drivers/BSP/Components/wm8994/wm8994_reg.c.obj
 .ARM.attributes
                0x00000267       0x32 CMakeFiles/SAI_CM7.dir/drivers/BSP/STM32H745I-DISCO/stm32h745i_discovery_bus.c.obj
 .ARM.attributes
                0x00000299       0x32 CMakeFiles/SAI_CM7.dir/drivers/STM32H7xx_HAL_Driver/Src/stm32h7xx_hal_gpio.c.obj
 .ARM.attributes
                0x000002cb       0x32 CMakeFiles/SAI_CM7.dir/drivers/STM32H7xx_HAL_Driver/Src/stm32h7xx_hal_dma.c.obj
 .ARM.attributes
                0x000002fd       0x32 CMakeFiles/SAI_CM7.dir/drivers/STM32H7xx_HAL_Driver/Src/stm32h7xx_hal_cortex.c.obj
 .ARM.attributes
                0x0000032f       0x32 CMakeFiles/SAI_CM7.dir/drivers/STM32H7xx_HAL_Driver/Src/stm32h7xx_hal_pwr_ex.c.obj
 .ARM.attributes
                0x00000361       0x32 CMakeFiles/SAI_CM7.dir/system_stm32h7xx_dualcore_boot_cm4_cm7.c.obj
 .ARM.attributes
                0x00000393       0x32 CMakeFiles/SAI_CM7.dir/drivers/STM32H7xx_HAL_Driver/Src/stm32h7xx_hal_i2c.c.obj
 .ARM.attributes
                0x000003c5       0x32 CMakeFiles/SAI_CM7.dir/drivers/STM32H7xx_HAL_Driver/Src/stm32h7xx_hal_i2c_ex.c.obj
 .ARM.attributes
                0x000003f7       0x39 C:/Users/Миша/CLionProjects/st32_template/CM7/Lib/libPDMFilter_CM7_GCC_wc32.a(pdm_filter.o)
 .ARM.attributes
                0x00000430       0x39 C:/Users/Миша/CLionProjects/st32_template/CM7/Lib/libPDMFilter_CM7_GCC_wc32.a(stm32_crc_lock.o)
 .ARM.attributes
                0x00000469       0x32 C:/ST/STM32CubeCLT_1.19.0/GNU-tools-for-STM32/bin/../lib/gcc/arm-none-eabi/13.3.1/../../../../arm-none-eabi/lib/thumb/v7e-m+dp/hard\libm.a(libm_a-sf_pow.o)
 .ARM.attributes
                0x0000049b       0x32 C:/ST/STM32CubeCLT_1.19.0/GNU-tools-for-STM32/bin/../lib/gcc/arm-none-eabi/13.3.1/../../../../arm-none-eabi/lib/thumb/v7e-m+dp/hard\libm.a(libm_a-sinf.o)
 .ARM.attributes
                0x000004cd       0x32 C:/ST/STM32CubeCLT_1.19.0/GNU-tools-for-STM32/bin/../lib/gcc/arm-none-eabi/13.3.1/../../../../arm-none-eabi/lib/thumb/v7e-m+dp/hard\libm.a(libm_a-sincosf_data.o)
 .ARM.attributes
                0x000004ff       0x32 C:/ST/STM32CubeCLT_1.19.0/GNU-tools-for-STM32/bin/../lib/gcc/arm-none-eabi/13.3.1/../../../../arm-none-eabi/lib/thumb/v7e-m+dp/hard\libm.a(libm_a-math_errf.o)
 .ARM.attributes
                0x00000531       0x32 C:/ST/STM32CubeCLT_1.19.0/GNU-tools-for-STM32/bin/../lib/gcc/arm-none-eabi/13.3.1/../../../../arm-none-eabi/lib/thumb/v7e-m+dp/hard\libm.a(libm_a-sf_exp2_data.o)
 .ARM.attributes
                0x00000563       0x32 C:/ST/STM32CubeCLT_1.19.0/GNU-tools-for-STM32/bin/../lib/gcc/arm-none-eabi/13.3.1/../../../../arm-none-eabi/lib/thumb/v7e-m+dp/hard\libm.a(libm_a-sf_pow_log2_data.o)
 .ARM.attributes
                0x00000595       0x20 C:/ST/STM32CubeCLT_1.19.0/GNU-tools-for-STM32/bin/../lib/gcc/arm-none-eabi/13.3.1/thumb/v7e-m+dp/hard\libgcc.a(_arm_addsubdf3.o)
 .ARM.attributes
                0x000005b5       0x32 C:/ST/STM32CubeCLT_1.19.0/GNU-tools-for-STM32/bin/../lib/gcc/arm-none-eabi/13.3.1/../../../../arm-none-eabi/lib/thumb/v7e-m+dp/hard\libg_nano.a(libc_a-findfp.o)
 .ARM.attributes
                0x000005e7       0x32 C:/ST/STM32CubeCLT_1.19.0/GNU-tools-for-STM32/bin/../lib/gcc/arm-none-eabi/13.3.1/../../../../arm-none-eabi/lib/thumb/v7e-m+dp/hard\libg_nano.a(libc_a-memset.o)
 .ARM.attributes
                0x00000619       0x32 C:/ST/STM32CubeCLT_1.19.0/GNU-tools-for-STM32/bin/../lib/gcc/arm-none-eabi/13.3.1/../../../../arm-none-eabi/lib/thumb/v7e-m+dp/hard\libg_nano.a(libc_a-impure.o)
 .ARM.attributes
                0x0000064b       0x32 C:/ST/STM32CubeCLT_1.19.0/GNU-tools-for-STM32/bin/../lib/gcc/arm-none-eabi/13.3.1/../../../../arm-none-eabi/lib/thumb/v7e-m+dp/hard\libg_nano.a(libc_a-errno.o)
 .ARM.attributes
                0x0000067d       0x32 C:/ST/STM32CubeCLT_1.19.0/GNU-tools-for-STM32/bin/../lib/gcc/arm-none-eabi/13.3.1/../../../../arm-none-eabi/lib/thumb/v7e-m+dp/hard\libg_nano.a(libc_a-init.o)
 .ARM.attributes
                0x000006af       0x20 C:/ST/STM32CubeCLT_1.19.0/GNU-tools-for-STM32/bin/../lib/gcc/arm-none-eabi/13.3.1/thumb/v7e-m+dp/hard/crtn.o
OUTPUT(SAI_CM7.elf elf32-littlearm)
LOAD linker stubs

.debug_info     0x00000000    0x1c50f
 .debug_info    0x00000000     0x2517 CMakeFiles/SAI_CM7.dir/CM7/Src/main.c.obj
 .debug_info    0x00002517     0x1277 CMakeFiles/SAI_CM7.dir/CM7/Src/stm32h7xx_hal_msp.c.obj
 .debug_info    0x0000378e      0x86d CMakeFiles/SAI_CM7.dir/CM7/Src/stm32h7xx_it.c.obj
 .debug_info    0x00003ffb     0x1002 CMakeFiles/SAI_CM7.dir/CM7/Src/stm32h745i_discovery.c.obj
 .debug_info    0x00004ffd     0x13d7 CMakeFiles/SAI_CM7.dir/drivers/STM32H7xx_HAL_Driver/Src/stm32h7xx_hal_sai.c.obj
 .debug_info    0x000063d4     0x1774 CMakeFiles/SAI_CM7.dir/drivers/STM32H7xx_HAL_Driver/Src/stm32h7xx_hal.c.obj
 .debug_info    0x00007b48      0xe67 CMakeFiles/SAI_CM7.dir/drivers/STM32H7xx_HAL_Driver/Src/stm32h7xx_hal_rcc.c.obj
 .debug_info    0x000089af     0x1303 CMakeFiles/SAI_CM7.dir/drivers/STM32H7xx_HAL_Driver/Src/stm32h7xx_hal_rcc_ex.c.obj
 .debug_info    0x00009cb2       0x30 CMakeFiles/SAI_CM7.dir/CM7/Startup/startup_stm32h745xx_CM7.s.obj
 .debug_info    0x00009ce2      0xc52 CMakeFiles/SAI_CM7.dir/drivers/BSP/Components/wm8994/wm8994.c.obj
 .debug_info    0x0000a934     0x6bd7 CMakeFiles/SAI_CM7.dir/drivers/BSP/Components/wm8994/wm8994_reg.c.obj
 .debug_info    0x0001150b     0x1557 CMakeFiles/SAI_CM7.dir/drivers/BSP/STM32H745I-DISCO/stm32h745i_discovery_bus.c.obj
 .debug_info    0x00012a62      0xd06 CMakeFiles/SAI_CM7.dir/drivers/STM32H7xx_HAL_Driver/Src/stm32h7xx_hal_gpio.c.obj
 .debug_info    0x00013768      0xc43 CMakeFiles/SAI_CM7.dir/drivers/STM32H7xx_HAL_Driver/Src/stm32h7xx_hal_dma.c.obj
 .debug_info    0x000143ab     0x10cf CMakeFiles/SAI_CM7.dir/drivers/STM32H7xx_HAL_Driver/Src/stm32h7xx_hal_cortex.c.obj
 .debug_info    0x0001547a     0x1225 CMakeFiles/SAI_CM7.dir/drivers/STM32H7xx_HAL_Driver/Src/stm32h7xx_hal_pwr_ex.c.obj
 .debug_info    0x0001669f      0xe73 CMakeFiles/SAI_CM7.dir/system_stm32h7xx_dualcore_boot_cm4_cm7.c.obj
 .debug_info    0x00017512     0x22c9 CMakeFiles/SAI_CM7.dir/drivers/STM32H7xx_HAL_Driver/Src/stm32h7xx_hal_i2c.c.obj
 .debug_info    0x000197db      0xd84 CMakeFiles/SAI_CM7.dir/drivers/STM32H7xx_HAL_Driver/Src/stm32h7xx_hal_i2c_ex.c.obj
 .debug_info    0x0001a55f      0xfb5 C:/ST/STM32CubeCLT_1.19.0/GNU-tools-for-STM32/bin/../lib/gcc/arm-none-eabi/13.3.1/../../../../arm-none-eabi/lib/thumb/v7e-m+dp/hard\libg_nano.a(libc_a-findfp.o)
 .debug_info    0x0001b514       0xe0 C:/ST/STM32CubeCLT_1.19.0/GNU-tools-for-STM32/bin/../lib/gcc/arm-none-eabi/13.3.1/../../../../arm-none-eabi/lib/thumb/v7e-m+dp/hard\libg_nano.a(libc_a-memset.o)
 .debug_info    0x0001b5f4      0x715 C:/ST/STM32CubeCLT_1.19.0/GNU-tools-for-STM32/bin/../lib/gcc/arm-none-eabi/13.3.1/../../../../arm-none-eabi/lib/thumb/v7e-m+dp/hard\libg_nano.a(libc_a-impure.o)
 .debug_info    0x0001bd09      0x6fb C:/ST/STM32CubeCLT_1.19.0/GNU-tools-for-STM32/bin/../lib/gcc/arm-none-eabi/13.3.1/../../../../arm-none-eabi/lib/thumb/v7e-m+dp/hard\libg_nano.a(libc_a-errno.o)
 .debug_info    0x0001c404      0x10b C:/ST/STM32CubeCLT_1.19.0/GNU-tools-for-STM32/bin/../lib/gcc/arm-none-eabi/13.3.1/../../../../arm-none-eabi/lib/thumb/v7e-m+dp/hard\libg_nano.a(libc_a-init.o)

.debug_abbrev   0x00000000     0x3382
 .debug_abbrev  0x00000000      0x41b CMakeFiles/SAI_CM7.dir/CM7/Src/main.c.obj
 .debug_abbrev  0x0000041b      0x214 CMakeFiles/SAI_CM7.dir/CM7/Src/stm32h7xx_hal_msp.c.obj
 .debug_abbrev  0x0000062f      0x174 CMakeFiles/SAI_CM7.dir/CM7/Src/stm32h7xx_it.c.obj
 .debug_abbrev  0x000007a3      0x2ae CMakeFiles/SAI_CM7.dir/CM7/Src/stm32h745i_discovery.c.obj
 .debug_abbrev  0x00000a51      0x28b CMakeFiles/SAI_CM7.dir/drivers/STM32H7xx_HAL_Driver/Src/stm32h7xx_hal_sai.c.obj
 .debug_abbrev  0x00000cdc      0x295 CMakeFiles/SAI_CM7.dir/drivers/STM32H7xx_HAL_Driver/Src/stm32h7xx_hal.c.obj
 .debug_abbrev  0x00000f71      0x2c8 CMakeFiles/SAI_CM7.dir/drivers/STM32H7xx_HAL_Driver/Src/stm32h7xx_hal_rcc.c.obj
 .debug_abbrev  0x00001239      0x269 CMakeFiles/SAI_CM7.dir/drivers/STM32H7xx_HAL_Driver/Src/stm32h7xx_hal_rcc_ex.c.obj
 .debug_abbrev  0x000014a2       0x24 CMakeFiles/SAI_CM7.dir/CM7/Startup/startup_stm32h745xx_CM7.s.obj
 .debug_abbrev  0x000014c6      0x1db CMakeFiles/SAI_CM7.dir/drivers/BSP/Components/wm8994/wm8994.c.obj
 .debug_abbrev  0x000016a1      0x153 CMakeFiles/SAI_CM7.dir/drivers/BSP/Components/wm8994/wm8994_reg.c.obj
 .debug_abbrev  0x000017f4      0x348 CMakeFiles/SAI_CM7.dir/drivers/BSP/STM32H745I-DISCO/stm32h745i_discovery_bus.c.obj
 .debug_abbrev  0x00001b3c      0x205 CMakeFiles/SAI_CM7.dir/drivers/STM32H7xx_HAL_Driver/Src/stm32h7xx_hal_gpio.c.obj
 .debug_abbrev  0x00001d41      0x248 CMakeFiles/SAI_CM7.dir/drivers/STM32H7xx_HAL_Driver/Src/stm32h7xx_hal_dma.c.obj
 .debug_abbrev  0x00001f89      0x339 CMakeFiles/SAI_CM7.dir/drivers/STM32H7xx_HAL_Driver/Src/stm32h7xx_hal_cortex.c.obj
 .debug_abbrev  0x000022c2      0x2d7 CMakeFiles/SAI_CM7.dir/drivers/STM32H7xx_HAL_Driver/Src/stm32h7xx_hal_pwr_ex.c.obj
 .debug_abbrev  0x00002599      0x165 CMakeFiles/SAI_CM7.dir/system_stm32h7xx_dualcore_boot_cm4_cm7.c.obj
 .debug_abbrev  0x000026fe      0x25d CMakeFiles/SAI_CM7.dir/drivers/STM32H7xx_HAL_Driver/Src/stm32h7xx_hal_i2c.c.obj
 .debug_abbrev  0x0000295b      0x1f5 CMakeFiles/SAI_CM7.dir/drivers/STM32H7xx_HAL_Driver/Src/stm32h7xx_hal_i2c_ex.c.obj
 .debug_abbrev  0x00002b50      0x424 C:/ST/STM32CubeCLT_1.19.0/GNU-tools-for-STM32/bin/../lib/gcc/arm-none-eabi/13.3.1/../../../../arm-none-eabi/lib/thumb/v7e-m+dp/hard\libg_nano.a(libc_a-findfp.o)
 .debug_abbrev  0x00002f74       0x9e C:/ST/STM32CubeCLT_1.19.0/GNU-tools-for-STM32/bin/../lib/gcc/arm-none-eabi/13.3.1/../../../../arm-none-eabi/lib/thumb/v7e-m+dp/hard\libg_nano.a(libc_a-memset.o)
 .debug_abbrev  0x00003012      0x149 C:/ST/STM32CubeCLT_1.19.0/GNU-tools-for-STM32/bin/../lib/gcc/arm-none-eabi/13.3.1/../../../../arm-none-eabi/lib/thumb/v7e-m+dp/hard\libg_nano.a(libc_a-impure.o)
 .debug_abbrev  0x0000315b      0x15e C:/ST/STM32CubeCLT_1.19.0/GNU-tools-for-STM32/bin/../lib/gcc/arm-none-eabi/13.3.1/../../../../arm-none-eabi/lib/thumb/v7e-m+dp/hard\libg_nano.a(libc_a-errno.o)
 .debug_abbrev  0x000032b9       0xc9 C:/ST/STM32CubeCLT_1.19.0/GNU-tools-for-STM32/bin/../lib/gcc/arm-none-eabi/13.3.1/../../../../arm-none-eabi/lib/thumb/v7e-m+dp/hard\libg_nano.a(libc_a-init.o)

.debug_aranges  0x00000000     0x19c8
 .debug_aranges
                0x00000000       0x70 CMakeFiles/SAI_CM7.dir/CM7/Src/main.c.obj
 .debug_aranges
                0x00000070       0x20 CMakeFiles/SAI_CM7.dir/CM7/Src/stm32h7xx_hal_msp.c.obj
 .debug_aranges
                0x00000090       0x70 CMakeFiles/SAI_CM7.dir/CM7/Src/stm32h7xx_it.c.obj
 .debug_aranges
                0x00000100       0x90 CMakeFiles/SAI_CM7.dir/CM7/Src/stm32h745i_discovery.c.obj
 .debug_aranges
                0x00000190      0x178 CMakeFiles/SAI_CM7.dir/drivers/STM32H7xx_HAL_Driver/Src/stm32h7xx_hal_sai.c.obj
 .debug_aranges
                0x00000308      0x200 CMakeFiles/SAI_CM7.dir/drivers/STM32H7xx_HAL_Driver/Src/stm32h7xx_hal.c.obj
 .debug_aranges
                0x00000508       0x88 CMakeFiles/SAI_CM7.dir/drivers/STM32H7xx_HAL_Driver/Src/stm32h7xx_hal_rcc.c.obj
 .debug_aranges
                0x00000590      0x100 CMakeFiles/SAI_CM7.dir/drivers/STM32H7xx_HAL_Driver/Src/stm32h7xx_hal_rcc_ex.c.obj
 .debug_aranges
                0x00000690       0x28 CMakeFiles/SAI_CM7.dir/CM7/Startup/startup_stm32h745xx_CM7.s.obj
 .debug_aranges
                0x000006b8       0xc8 CMakeFiles/SAI_CM7.dir/drivers/BSP/Components/wm8994/wm8994.c.obj
 .debug_aranges
                0x00000780      0xa10 CMakeFiles/SAI_CM7.dir/drivers/BSP/Components/wm8994/wm8994_reg.c.obj
 .debug_aranges
                0x00001190       0x98 CMakeFiles/SAI_CM7.dir/drivers/BSP/STM32H745I-DISCO/stm32h745i_discovery_bus.c.obj
 .debug_aranges
                0x00001228       0x58 CMakeFiles/SAI_CM7.dir/drivers/STM32H7xx_HAL_Driver/Src/stm32h7xx_hal_gpio.c.obj
 .debug_aranges
                0x00001280       0xa0 CMakeFiles/SAI_CM7.dir/drivers/STM32H7xx_HAL_Driver/Src/stm32h7xx_hal_dma.c.obj
 .debug_aranges
                0x00001320      0x130 CMakeFiles/SAI_CM7.dir/drivers/STM32H7xx_HAL_Driver/Src/stm32h7xx_hal_cortex.c.obj
 .debug_aranges
                0x00001450      0x170 CMakeFiles/SAI_CM7.dir/drivers/STM32H7xx_HAL_Driver/Src/stm32h7xx_hal_pwr_ex.c.obj
 .debug_aranges
                0x000015c0       0x30 CMakeFiles/SAI_CM7.dir/system_stm32h7xx_dualcore_boot_cm4_cm7.c.obj
 .debug_aranges
                0x000015f0      0x2a0 CMakeFiles/SAI_CM7.dir/drivers/STM32H7xx_HAL_Driver/Src/stm32h7xx_hal_i2c.c.obj
 .debug_aranges
                0x00001890       0x48 CMakeFiles/SAI_CM7.dir/drivers/STM32H7xx_HAL_Driver/Src/stm32h7xx_hal_i2c_ex.c.obj
 .debug_aranges
                0x000018d8       0x78 C:/ST/STM32CubeCLT_1.19.0/GNU-tools-for-STM32/bin/../lib/gcc/arm-none-eabi/13.3.1/../../../../arm-none-eabi/lib/thumb/v7e-m+dp/hard\libg_nano.a(libc_a-findfp.o)
 .debug_aranges
                0x00001950       0x20 C:/ST/STM32CubeCLT_1.19.0/GNU-tools-for-STM32/bin/../lib/gcc/arm-none-eabi/13.3.1/../../../../arm-none-eabi/lib/thumb/v7e-m+dp/hard\libg_nano.a(libc_a-memset.o)
 .debug_aranges
                0x00001970       0x18 C:/ST/STM32CubeCLT_1.19.0/GNU-tools-for-STM32/bin/../lib/gcc/arm-none-eabi/13.3.1/../../../../arm-none-eabi/lib/thumb/v7e-m+dp/hard\libg_nano.a(libc_a-impure.o)
 .debug_aranges
                0x00001988       0x20 C:/ST/STM32CubeCLT_1.19.0/GNU-tools-for-STM32/bin/../lib/gcc/arm-none-eabi/13.3.1/../../../../arm-none-eabi/lib/thumb/v7e-m+dp/hard\libg_nano.a(libc_a-errno.o)
 .debug_aranges
                0x000019a8       0x20 C:/ST/STM32CubeCLT_1.19.0/GNU-tools-for-STM32/bin/../lib/gcc/arm-none-eabi/13.3.1/../../../../arm-none-eabi/lib/thumb/v7e-m+dp/hard\libg_nano.a(libc_a-init.o)

.debug_rnglists
                0x00000000     0x13bb
 .debug_rnglists
                0x00000000       0x56 CMakeFiles/SAI_CM7.dir/CM7/Src/main.c.obj
 .debug_rnglists
                0x00000056       0x14 CMakeFiles/SAI_CM7.dir/CM7/Src/stm32h7xx_hal_msp.c.obj
 .debug_rnglists
                0x0000006a       0x4f CMakeFiles/SAI_CM7.dir/CM7/Src/stm32h7xx_it.c.obj
 .debug_rnglists
                0x000000b9       0x69 CMakeFiles/SAI_CM7.dir/CM7/Src/stm32h745i_discovery.c.obj
 .debug_rnglists
                0x00000122      0x136 CMakeFiles/SAI_CM7.dir/drivers/STM32H7xx_HAL_Driver/Src/stm32h7xx_hal_sai.c.obj
 .debug_rnglists
                0x00000258      0x180 CMakeFiles/SAI_CM7.dir/drivers/STM32H7xx_HAL_Driver/Src/stm32h7xx_hal.c.obj
 .debug_rnglists
                0x000003d8       0x68 CMakeFiles/SAI_CM7.dir/drivers/STM32H7xx_HAL_Driver/Src/stm32h7xx_hal_rcc.c.obj
 .debug_rnglists
                0x00000440       0xc6 CMakeFiles/SAI_CM7.dir/drivers/STM32H7xx_HAL_Driver/Src/stm32h7xx_hal_rcc_ex.c.obj
 .debug_rnglists
                0x00000506       0x19 CMakeFiles/SAI_CM7.dir/CM7/Startup/startup_stm32h745xx_CM7.s.obj
 .debug_rnglists
                0x0000051f       0x9a CMakeFiles/SAI_CM7.dir/drivers/BSP/Components/wm8994/wm8994.c.obj
 .debug_rnglists
                0x000005b9      0x787 CMakeFiles/SAI_CM7.dir/drivers/BSP/Components/wm8994/wm8994_reg.c.obj
 .debug_rnglists
                0x00000d40       0x90 CMakeFiles/SAI_CM7.dir/drivers/BSP/STM32H745I-DISCO/stm32h745i_discovery_bus.c.obj
 .debug_rnglists
                0x00000dd0       0x3f CMakeFiles/SAI_CM7.dir/drivers/STM32H7xx_HAL_Driver/Src/stm32h7xx_hal_gpio.c.obj
 .debug_rnglists
                0x00000e0f       0x82 CMakeFiles/SAI_CM7.dir/drivers/STM32H7xx_HAL_Driver/Src/stm32h7xx_hal_dma.c.obj
 .debug_rnglists
                0x00000e91       0xe0 CMakeFiles/SAI_CM7.dir/drivers/STM32H7xx_HAL_Driver/Src/stm32h7xx_hal_cortex.c.obj
 .debug_rnglists
                0x00000f71      0x117 CMakeFiles/SAI_CM7.dir/drivers/STM32H7xx_HAL_Driver/Src/stm32h7xx_hal_pwr_ex.c.obj
 .debug_rnglists
                0x00001088       0x21 CMakeFiles/SAI_CM7.dir/system_stm32h7xx_dualcore_boot_cm4_cm7.c.obj
 .debug_rnglists
                0x000010a9      0x22a CMakeFiles/SAI_CM7.dir/drivers/STM32H7xx_HAL_Driver/Src/stm32h7xx_hal_i2c.c.obj
 .debug_rnglists
                0x000012d3       0x35 CMakeFiles/SAI_CM7.dir/drivers/STM32H7xx_HAL_Driver/Src/stm32h7xx_hal_i2c_ex.c.obj
 .debug_rnglists
                0x00001308       0x7a C:/ST/STM32CubeCLT_1.19.0/GNU-tools-for-STM32/bin/../lib/gcc/arm-none-eabi/13.3.1/../../../../arm-none-eabi/lib/thumb/v7e-m+dp/hard\libg_nano.a(libc_a-findfp.o)
 .debug_rnglists
                0x00001382       0x13 C:/ST/STM32CubeCLT_1.19.0/GNU-tools-for-STM32/bin/../lib/gcc/arm-none-eabi/13.3.1/../../../../arm-none-eabi/lib/thumb/v7e-m+dp/hard\libg_nano.a(libc_a-memset.o)
 .debug_rnglists
                0x00001395       0x13 C:/ST/STM32CubeCLT_1.19.0/GNU-tools-for-STM32/bin/../lib/gcc/arm-none-eabi/13.3.1/../../../../arm-none-eabi/lib/thumb/v7e-m+dp/hard\libg_nano.a(libc_a-errno.o)
 .debug_rnglists
                0x000013a8       0x13 C:/ST/STM32CubeCLT_1.19.0/GNU-tools-for-STM32/bin/../lib/gcc/arm-none-eabi/13.3.1/../../../../arm-none-eabi/lib/thumb/v7e-m+dp/hard\libg_nano.a(libc_a-init.o)

.debug_macro    0x00000000    0x3d1f9
 .debug_macro   0x00000000      0x369 CMakeFiles/SAI_CM7.dir/CM7/Src/main.c.obj
 .debug_macro   0x00000369      0xaf6 CMakeFiles/SAI_CM7.dir/CM7/Src/main.c.obj
 .debug_macro   0x00000e5f       0xe7 CMakeFiles/SAI_CM7.dir/CM7/Src/main.c.obj
 .debug_macro   0x00000f46       0x2e CMakeFiles/SAI_CM7.dir/CM7/Src/main.c.obj
 .debug_macro   0x00000f74       0x49 CMakeFiles/SAI_CM7.dir/CM7/Src/main.c.obj
 .debug_macro   0x00000fbd       0x22 CMakeFiles/SAI_CM7.dir/CM7/Src/main.c.obj
 .debug_macro   0x00000fdf       0x8e CMakeFiles/SAI_CM7.dir/CM7/Src/main.c.obj
 .debug_macro   0x0000106d       0x51 CMakeFiles/SAI_CM7.dir/CM7/Src/main.c.obj
 .debug_macro   0x000010be      0x103 CMakeFiles/SAI_CM7.dir/CM7/Src/main.c.obj
 .debug_macro   0x000011c1       0x6a CMakeFiles/SAI_CM7.dir/CM7/Src/main.c.obj
 .debug_macro   0x0000122b      0x1df CMakeFiles/SAI_CM7.dir/CM7/Src/main.c.obj
 .debug_macro   0x0000140a       0x1c CMakeFiles/SAI_CM7.dir/CM7/Src/main.c.obj
 .debug_macro   0x00001426       0x22 CMakeFiles/SAI_CM7.dir/CM7/Src/main.c.obj
 .debug_macro   0x00001448       0xfb CMakeFiles/SAI_CM7.dir/CM7/Src/main.c.obj
 .debug_macro   0x00001543     0x1305 CMakeFiles/SAI_CM7.dir/CM7/Src/main.c.obj
 .debug_macro   0x00002848      0x11f CMakeFiles/SAI_CM7.dir/CM7/Src/main.c.obj
 .debug_macro   0x00002967       0x27 CMakeFiles/SAI_CM7.dir/CM7/Src/main.c.obj
 .debug_macro   0x0000298e    0x2706d CMakeFiles/SAI_CM7.dir/CM7/Src/main.c.obj
 .debug_macro   0x000299fb       0x43 CMakeFiles/SAI_CM7.dir/CM7/Src/main.c.obj
 .debug_macro   0x00029a3e     0x3d79 CMakeFiles/SAI_CM7.dir/CM7/Src/main.c.obj
 .debug_macro   0x0002d7b7      0x190 CMakeFiles/SAI_CM7.dir/CM7/Src/main.c.obj
 .debug_macro   0x0002d947       0x74 CMakeFiles/SAI_CM7.dir/CM7/Src/main.c.obj
 .debug_macro   0x0002d9bb       0x29 CMakeFiles/SAI_CM7.dir/CM7/Src/main.c.obj
 .debug_macro   0x0002d9e4       0x3c CMakeFiles/SAI_CM7.dir/CM7/Src/main.c.obj
 .debug_macro   0x0002da20       0x34 CMakeFiles/SAI_CM7.dir/CM7/Src/main.c.obj
 .debug_macro   0x0002da54      0x370 CMakeFiles/SAI_CM7.dir/CM7/Src/main.c.obj
 .debug_macro   0x0002ddc4       0x16 CMakeFiles/SAI_CM7.dir/CM7/Src/main.c.obj
 .debug_macro   0x0002ddda       0x4a CMakeFiles/SAI_CM7.dir/CM7/Src/main.c.obj
 .debug_macro   0x0002de24       0x34 CMakeFiles/SAI_CM7.dir/CM7/Src/main.c.obj
 .debug_macro   0x0002de58       0x10 CMakeFiles/SAI_CM7.dir/CM7/Src/main.c.obj
 .debug_macro   0x0002de68       0x58 CMakeFiles/SAI_CM7.dir/CM7/Src/main.c.obj
 .debug_macro   0x0002dec0      0x1e5 CMakeFiles/SAI_CM7.dir/CM7/Src/main.c.obj
 .debug_macro   0x0002e0a5      0x19b CMakeFiles/SAI_CM7.dir/CM7/Src/main.c.obj
 .debug_macro   0x0002e240       0x5d CMakeFiles/SAI_CM7.dir/CM7/Src/main.c.obj
 .debug_macro   0x0002e29d     0x3a9d CMakeFiles/SAI_CM7.dir/CM7/Src/main.c.obj
 .debug_macro   0x00031d3a     0x1072 CMakeFiles/SAI_CM7.dir/CM7/Src/main.c.obj
 .debug_macro   0x00032dac      0x154 CMakeFiles/SAI_CM7.dir/CM7/Src/main.c.obj
 .debug_macro   0x00032f00      0x130 CMakeFiles/SAI_CM7.dir/CM7/Src/main.c.obj
 .debug_macro   0x00033030      0x3c2 CMakeFiles/SAI_CM7.dir/CM7/Src/main.c.obj
 .debug_macro   0x000333f2       0xac CMakeFiles/SAI_CM7.dir/CM7/Src/main.c.obj
 .debug_macro   0x0003349e      0x72d CMakeFiles/SAI_CM7.dir/CM7/Src/main.c.obj
 .debug_macro   0x00033bcb      0x228 CMakeFiles/SAI_CM7.dir/CM7/Src/main.c.obj
 .debug_macro   0x00033df3       0x66 CMakeFiles/SAI_CM7.dir/CM7/Src/main.c.obj
 .debug_macro   0x00033e59      0x407 CMakeFiles/SAI_CM7.dir/CM7/Src/main.c.obj
 .debug_macro   0x00034260      0x27c CMakeFiles/SAI_CM7.dir/CM7/Src/main.c.obj
 .debug_macro   0x000344dc     0x1044 CMakeFiles/SAI_CM7.dir/CM7/Src/main.c.obj
 .debug_macro   0x00035520      0x6cc CMakeFiles/SAI_CM7.dir/CM7/Src/main.c.obj
 .debug_macro   0x00035bec      0x383 CMakeFiles/SAI_CM7.dir/CM7/Src/main.c.obj
 .debug_macro   0x00035f6f      0x3ca CMakeFiles/SAI_CM7.dir/CM7/Src/main.c.obj
 .debug_macro   0x00036339      0x4a2 CMakeFiles/SAI_CM7.dir/CM7/Src/main.c.obj
 .debug_macro   0x000367db       0x51 CMakeFiles/SAI_CM7.dir/CM7/Src/main.c.obj
 .debug_macro   0x0003682c       0x4a CMakeFiles/SAI_CM7.dir/CM7/Src/main.c.obj
 .debug_macro   0x00036876      0x22c CMakeFiles/SAI_CM7.dir/CM7/Src/main.c.obj
 .debug_macro   0x00036aa2       0x67 CMakeFiles/SAI_CM7.dir/CM7/Src/main.c.obj
 .debug_macro   0x00036b09       0xa5 CMakeFiles/SAI_CM7.dir/CM7/Src/main.c.obj
 .debug_macro   0x00036bae      0x218 CMakeFiles/SAI_CM7.dir/CM7/Src/main.c.obj
 .debug_macro   0x00036dc6      0x2ea CMakeFiles/SAI_CM7.dir/CM7/Src/main.c.obj
 .debug_macro   0x000370b0       0x35 CMakeFiles/SAI_CM7.dir/CM7/Src/main.c.obj
 .debug_macro   0x000370e5      0x3bb CMakeFiles/SAI_CM7.dir/CM7/Src/main.c.obj
 .debug_macro   0x000374a0       0x10 CMakeFiles/SAI_CM7.dir/CM7/Src/main.c.obj
 .debug_macro   0x000374b0       0xe4 CMakeFiles/SAI_CM7.dir/CM7/Src/main.c.obj
 .debug_macro   0x00037594      0x693 CMakeFiles/SAI_CM7.dir/CM7/Src/main.c.obj
 .debug_macro   0x00037c27       0xa6 CMakeFiles/SAI_CM7.dir/CM7/Src/main.c.obj
 .debug_macro   0x00037ccd      0x7a4 CMakeFiles/SAI_CM7.dir/CM7/Src/main.c.obj
 .debug_macro   0x00038471       0x76 CMakeFiles/SAI_CM7.dir/CM7/Src/main.c.obj
 .debug_macro   0x000384e7       0xa0 CMakeFiles/SAI_CM7.dir/CM7/Src/main.c.obj
 .debug_macro   0x00038587     0x1731 CMakeFiles/SAI_CM7.dir/CM7/Src/main.c.obj
 .debug_macro   0x00039cb8      0x116 CMakeFiles/SAI_CM7.dir/CM7/Src/main.c.obj
 .debug_macro   0x00039dce       0x82 CMakeFiles/SAI_CM7.dir/CM7/Src/main.c.obj
 .debug_macro   0x00039e50      0x2e9 CMakeFiles/SAI_CM7.dir/CM7/Src/main.c.obj
 .debug_macro   0x0003a139       0xac CMakeFiles/SAI_CM7.dir/CM7/Src/main.c.obj
 .debug_macro   0x0003a1e5       0x6a CMakeFiles/SAI_CM7.dir/CM7/Src/main.c.obj
 .debug_macro   0x0003a24f       0xee CMakeFiles/SAI_CM7.dir/CM7/Src/main.c.obj
 .debug_macro   0x0003a33d      0x34b CMakeFiles/SAI_CM7.dir/CM7/Src/stm32h7xx_hal_msp.c.obj
 .debug_macro   0x0003a688      0x355 CMakeFiles/SAI_CM7.dir/CM7/Src/stm32h7xx_it.c.obj
 .debug_macro   0x0003a9dd      0x32d CMakeFiles/SAI_CM7.dir/CM7/Src/stm32h745i_discovery.c.obj
 .debug_macro   0x0003ad0a       0x70 CMakeFiles/SAI_CM7.dir/CM7/Src/stm32h745i_discovery.c.obj
 .debug_macro   0x0003ad7a      0x2d3 CMakeFiles/SAI_CM7.dir/drivers/STM32H7xx_HAL_Driver/Src/stm32h7xx_hal_sai.c.obj
 .debug_macro   0x0003b04d      0x2e0 CMakeFiles/SAI_CM7.dir/drivers/STM32H7xx_HAL_Driver/Src/stm32h7xx_hal.c.obj
 .debug_macro   0x0003b32d      0x2da CMakeFiles/SAI_CM7.dir/drivers/STM32H7xx_HAL_Driver/Src/stm32h7xx_hal_rcc.c.obj
 .debug_macro   0x0003b607      0x2d4 CMakeFiles/SAI_CM7.dir/drivers/STM32H7xx_HAL_Driver/Src/stm32h7xx_hal_rcc_ex.c.obj
 .debug_macro   0x0003b8db       0x9d CMakeFiles/SAI_CM7.dir/drivers/BSP/Components/wm8994/wm8994.c.obj
 .debug_macro   0x0003b978       0x85 CMakeFiles/SAI_CM7.dir/drivers/BSP/Components/wm8994/wm8994_reg.c.obj
 .debug_macro   0x0003b9fd      0x331 CMakeFiles/SAI_CM7.dir/drivers/BSP/STM32H745I-DISCO/stm32h745i_discovery_bus.c.obj
 .debug_macro   0x0003bd2e       0x64 CMakeFiles/SAI_CM7.dir/drivers/BSP/STM32H745I-DISCO/stm32h745i_discovery_bus.c.obj
 .debug_macro   0x0003bd92      0x2ca CMakeFiles/SAI_CM7.dir/drivers/STM32H7xx_HAL_Driver/Src/stm32h7xx_hal_gpio.c.obj
 .debug_macro   0x0003c05c      0x30a CMakeFiles/SAI_CM7.dir/drivers/STM32H7xx_HAL_Driver/Src/stm32h7xx_hal_dma.c.obj
 .debug_macro   0x0003c366      0x2b6 CMakeFiles/SAI_CM7.dir/drivers/STM32H7xx_HAL_Driver/Src/stm32h7xx_hal_cortex.c.obj
 .debug_macro   0x0003c61c      0x2ef CMakeFiles/SAI_CM7.dir/drivers/STM32H7xx_HAL_Driver/Src/stm32h7xx_hal_pwr_ex.c.obj
 .debug_macro   0x0003c90b      0x2b6 CMakeFiles/SAI_CM7.dir/system_stm32h7xx_dualcore_boot_cm4_cm7.c.obj
 .debug_macro   0x0003cbc1      0x382 CMakeFiles/SAI_CM7.dir/drivers/STM32H7xx_HAL_Driver/Src/stm32h7xx_hal_i2c.c.obj
 .debug_macro   0x0003cf43      0x2b6 CMakeFiles/SAI_CM7.dir/drivers/STM32H7xx_HAL_Driver/Src/stm32h7xx_hal_i2c_ex.c.obj

.debug_line     0x00000000    0x188c5
 .debug_line    0x00000000      0xe68 CMakeFiles/SAI_CM7.dir/CM7/Src/main.c.obj
 .debug_line    0x00000e68      0xa70 CMakeFiles/SAI_CM7.dir/CM7/Src/stm32h7xx_hal_msp.c.obj
 .debug_line    0x000018d8      0xad9 CMakeFiles/SAI_CM7.dir/CM7/Src/stm32h7xx_it.c.obj
 .debug_line    0x000023b1      0xb97 CMakeFiles/SAI_CM7.dir/CM7/Src/stm32h745i_discovery.c.obj
 .debug_line    0x00002f48     0x1d3f CMakeFiles/SAI_CM7.dir/drivers/STM32H7xx_HAL_Driver/Src/stm32h7xx_hal_sai.c.obj
 .debug_line    0x00004c87      0xee5 CMakeFiles/SAI_CM7.dir/drivers/STM32H7xx_HAL_Driver/Src/stm32h7xx_hal.c.obj
 .debug_line    0x00005b6c     0x142d CMakeFiles/SAI_CM7.dir/drivers/STM32H7xx_HAL_Driver/Src/stm32h7xx_hal_rcc.c.obj
 .debug_line    0x00006f99     0x1d51 CMakeFiles/SAI_CM7.dir/drivers/STM32H7xx_HAL_Driver/Src/stm32h7xx_hal_rcc_ex.c.obj
 .debug_line    0x00008cea       0x7b CMakeFiles/SAI_CM7.dir/CM7/Startup/startup_stm32h745xx_CM7.s.obj
 .debug_line    0x00008d65      0xf03 CMakeFiles/SAI_CM7.dir/drivers/BSP/Components/wm8994/wm8994.c.obj
 .debug_line    0x00009c68     0x34d2 CMakeFiles/SAI_CM7.dir/drivers/BSP/Components/wm8994/wm8994_reg.c.obj
 .debug_line    0x0000d13a      0xd3d CMakeFiles/SAI_CM7.dir/drivers/BSP/STM32H745I-DISCO/stm32h745i_discovery_bus.c.obj
 .debug_line    0x0000de77      0xc0f CMakeFiles/SAI_CM7.dir/drivers/STM32H7xx_HAL_Driver/Src/stm32h7xx_hal_gpio.c.obj
 .debug_line    0x0000ea86     0x2707 CMakeFiles/SAI_CM7.dir/drivers/STM32H7xx_HAL_Driver/Src/stm32h7xx_hal_dma.c.obj
 .debug_line    0x0001118d      0xd7c CMakeFiles/SAI_CM7.dir/drivers/STM32H7xx_HAL_Driver/Src/stm32h7xx_hal_cortex.c.obj
 .debug_line    0x00011f09     0x104f CMakeFiles/SAI_CM7.dir/drivers/STM32H7xx_HAL_Driver/Src/stm32h7xx_hal_pwr_ex.c.obj
 .debug_line    0x00012f58      0x9c6 CMakeFiles/SAI_CM7.dir/system_stm32h7xx_dualcore_boot_cm4_cm7.c.obj
 .debug_line    0x0001391e     0x3afd CMakeFiles/SAI_CM7.dir/drivers/STM32H7xx_HAL_Driver/Src/stm32h7xx_hal_i2c.c.obj
 .debug_line    0x0001741b      0x914 CMakeFiles/SAI_CM7.dir/drivers/STM32H7xx_HAL_Driver/Src/stm32h7xx_hal_i2c_ex.c.obj
 .debug_line    0x00017d2f      0x5c0 C:/ST/STM32CubeCLT_1.19.0/GNU-tools-for-STM32/bin/../lib/gcc/arm-none-eabi/13.3.1/../../../../arm-none-eabi/lib/thumb/v7e-m+dp/hard\libg_nano.a(libc_a-findfp.o)
 .debug_line    0x000182ef      0x17e C:/ST/STM32CubeCLT_1.19.0/GNU-tools-for-STM32/bin/../lib/gcc/arm-none-eabi/13.3.1/../../../../arm-none-eabi/lib/thumb/v7e-m+dp/hard\libg_nano.a(libc_a-memset.o)
 .debug_line    0x0001846d      0x163 C:/ST/STM32CubeCLT_1.19.0/GNU-tools-for-STM32/bin/../lib/gcc/arm-none-eabi/13.3.1/../../../../arm-none-eabi/lib/thumb/v7e-m+dp/hard\libg_nano.a(libc_a-impure.o)
 .debug_line    0x000185d0      0x185 C:/ST/STM32CubeCLT_1.19.0/GNU-tools-for-STM32/bin/../lib/gcc/arm-none-eabi/13.3.1/../../../../arm-none-eabi/lib/thumb/v7e-m+dp/hard\libg_nano.a(libc_a-errno.o)
 .debug_line    0x00018755      0x170 C:/ST/STM32CubeCLT_1.19.0/GNU-tools-for-STM32/bin/../lib/gcc/arm-none-eabi/13.3.1/../../../../arm-none-eabi/lib/thumb/v7e-m+dp/hard\libg_nano.a(libc_a-init.o)

.debug_str      0x00000000   0x19a467
 .debug_str     0x00000000   0x19a467 CMakeFiles/SAI_CM7.dir/CM7/Src/main.c.obj
                             0x192e97 (size before relaxing)
 .debug_str     0x0019a467   0x192a6c CMakeFiles/SAI_CM7.dir/CM7/Src/stm32h7xx_hal_msp.c.obj
 .debug_str     0x0019a467   0x191f52 CMakeFiles/SAI_CM7.dir/CM7/Src/stm32h7xx_it.c.obj
 .debug_str     0x0019a467   0x192384 CMakeFiles/SAI_CM7.dir/CM7/Src/stm32h745i_discovery.c.obj
 .debug_str     0x0019a467   0x186b78 CMakeFiles/SAI_CM7.dir/drivers/STM32H7xx_HAL_Driver/Src/stm32h7xx_hal_sai.c.obj
 .debug_str     0x0019a467   0x187646 CMakeFiles/SAI_CM7.dir/drivers/STM32H7xx_HAL_Driver/Src/stm32h7xx_hal.c.obj
 .debug_str     0x0019a467   0x1868c8 CMakeFiles/SAI_CM7.dir/drivers/STM32H7xx_HAL_Driver/Src/stm32h7xx_hal_rcc.c.obj
 .debug_str     0x0019a467   0x186dfd CMakeFiles/SAI_CM7.dir/drivers/STM32H7xx_HAL_Driver/Src/stm32h7xx_hal_rcc_ex.c.obj
 .debug_str     0x0019a467       0xc2 CMakeFiles/SAI_CM7.dir/CM7/Startup/startup_stm32h745xx_CM7.s.obj
 .debug_str     0x0019a467     0xe6ad CMakeFiles/SAI_CM7.dir/drivers/BSP/Components/wm8994/wm8994.c.obj
 .debug_str     0x0019a467     0xfeaf CMakeFiles/SAI_CM7.dir/drivers/BSP/Components/wm8994/wm8994_reg.c.obj
 .debug_str     0x0019a467   0x187554 CMakeFiles/SAI_CM7.dir/drivers/BSP/STM32H745I-DISCO/stm32h745i_discovery_bus.c.obj