Archive member included to satisfy reference by file (symbol)

C:/ST/STM32CubeCLT_1.19.0/GNU-tools-for-STM32/bin/../lib/gcc/arm-none-eabi/13.3.1/../../../../arm-none-eabi/lib/thumb/v7e-m+dp/hard\libm.a(libm_a-sinf.o)
                              CMakeFiles/SAI_CM7.dir/CM7/Src/main.c.obj (sinf)
C:/ST/STM32CubeCLT_1.19.0/GNU-tools-for-STM32/bin/../lib/gcc/arm-none-eabi/13.3.1/../../../../arm-none-eabi/lib/thumb/v7e-m+dp/hard\libm.a(libm_a-sincosf_data.o)
                              C:/ST/STM32CubeCLT_1.19.0/GNU-tools-for-STM32/bin/../lib/gcc/arm-none-eabi/13.3.1/../../../../arm-none-eabi/lib/thumb/v7e-m+dp/hard\libm.a(libm_a-sinf.o) (__inv_pio4)
C:/ST/STM32CubeCLT_1.19.0/GNU-tools-for-STM32/bin/../lib/gcc/arm-none-eabi/13.3.1/../../../../arm-none-eabi/lib/thumb/v7e-m+dp/hard\libm.a(libm_a-math_errf.o)
                              C:/ST/STM32CubeCLT_1.19.0/GNU-tools-for-STM32/bin/../lib/gcc/arm-none-eabi/13.3.1/../../../../arm-none-eabi/lib/thumb/v7e-m+dp/hard\libm.a(libm_a-sinf.o) (__math_invalidf)
C:/ST/STM32CubeCLT_1.19.0/GNU-tools-for-STM32/bin/../lib/gcc/arm-none-eabi/13.3.1/thumb/v7e-m+dp/hard\libgcc.a(_arm_addsubdf3.o)
                              C:/ST/STM32CubeCLT_1.19.0/GNU-tools-for-STM32/bin/../lib/gcc/arm-none-eabi/13.3.1/../../../../arm-none-eabi/lib/thumb/v7e-m+dp/hard\libm.a(libm_a-sinf.o) (__aeabi_l2d)
C:/ST/STM32CubeCLT_1.19.0/GNU-tools-for-STM32/bin/../lib/gcc/arm-none-eabi/13.3.1/../../../../arm-none-eabi/lib/thumb/v7e-m+dp/hard\libg_nano.a(libc_a-exit.o)
                              C:/ST/STM32CubeCLT_1.19.0/GNU-tools-for-STM32/bin/../lib/gcc/arm-none-eabi/13.3.1/../../../../arm-none-eabi/lib/thumb/v7e-m+dp/hard/crt0.o (exit)
C:/ST/STM32CubeCLT_1.19.0/GNU-tools-for-STM32/bin/../lib/gcc/arm-none-eabi/13.3.1/../../../../arm-none-eabi/lib/thumb/v7e-m+dp/hard\libg_nano.a(libc_a-findfp.o)
                              C:/ST/STM32CubeCLT_1.19.0/GNU-tools-for-STM32/bin/../lib/gcc/arm-none-eabi/13.3.1/../../../../arm-none-eabi/lib/thumb/v7e-m+dp/hard\libg_nano.a(libc_a-exit.o) (__stdio_exit_handler)
C:/ST/STM32CubeCLT_1.19.0/GNU-tools-for-STM32/bin/../lib/gcc/arm-none-eabi/13.3.1/../../../../arm-none-eabi/lib/thumb/v7e-m+dp/hard\libg_nano.a(libc_a-fwalk.o)
                              C:/ST/STM32CubeCLT_1.19.0/GNU-tools-for-STM32/bin/../lib/gcc/arm-none-eabi/13.3.1/../../../../arm-none-eabi/lib/thumb/v7e-m+dp/hard\libg_nano.a(libc_a-findfp.o) (_fwalk_sglue)
C:/ST/STM32CubeCLT_1.19.0/GNU-tools-for-STM32/bin/../lib/gcc/arm-none-eabi/13.3.1/../../../../arm-none-eabi/lib/thumb/v7e-m+dp/hard\libg_nano.a(libc_a-stdio.o)
                              C:/ST/STM32CubeCLT_1.19.0/GNU-tools-for-STM32/bin/../lib/gcc/arm-none-eabi/13.3.1/../../../../arm-none-eabi/lib/thumb/v7e-m+dp/hard\libg_nano.a(libc_a-findfp.o) (__sread)
C:/ST/STM32CubeCLT_1.19.0/GNU-tools-for-STM32/bin/../lib/gcc/arm-none-eabi/13.3.1/../../../../arm-none-eabi/lib/thumb/v7e-m+dp/hard\libg_nano.a(libc_a-memset.o)
                              C:/ST/STM32CubeCLT_1.19.0/GNU-tools-for-STM32/bin/../lib/gcc/arm-none-eabi/13.3.1/../../../../arm-none-eabi/lib/thumb/v7e-m+dp/hard/crt0.o (memset)
C:/ST/STM32CubeCLT_1.19.0/GNU-tools-for-STM32/bin/../lib/gcc/arm-none-eabi/13.3.1/../../../../arm-none-eabi/lib/thumb/v7e-m+dp/hard\libg_nano.a(libc_a-closer.o)
                              C:/ST/STM32CubeCLT_1.19.0/GNU-tools-for-STM32/bin/../lib/gcc/arm-none-eabi/13.3.1/../../../../arm-none-eabi/lib/thumb/v7e-m+dp/hard\libg_nano.a(libc_a-stdio.o) (_close_r)
C:/ST/STM32CubeCLT_1.19.0/GNU-tools-for-STM32/bin/../lib/gcc/arm-none-eabi/13.3.1/../../../../arm-none-eabi/lib/thumb/v7e-m+dp/hard\libg_nano.a(libc_a-reent.o)
                              C:/ST/STM32CubeCLT_1.19.0/GNU-tools-for-STM32/bin/../lib/gcc/arm-none-eabi/13.3.1/../../../../arm-none-eabi/lib/thumb/v7e-m+dp/hard\libg_nano.a(libc_a-closer.o) (errno)
C:/ST/STM32CubeCLT_1.19.0/GNU-tools-for-STM32/bin/../lib/gcc/arm-none-eabi/13.3.1/../../../../arm-none-eabi/lib/thumb/v7e-m+dp/hard\libg_nano.a(libc_a-impure.o)
                              C:/ST/STM32CubeCLT_1.19.0/GNU-tools-for-STM32/bin/../lib/gcc/arm-none-eabi/13.3.1/../../../../arm-none-eabi/lib/thumb/v7e-m+dp/hard\libg_nano.a(libc_a-reent.o) (_impure_ptr)
C:/ST/STM32CubeCLT_1.19.0/GNU-tools-for-STM32/bin/../lib/gcc/arm-none-eabi/13.3.1/../../../../arm-none-eabi/lib/thumb/v7e-m+dp/hard\libg_nano.a(libc_a-lseekr.o)
                              C:/ST/STM32CubeCLT_1.19.0/GNU-tools-for-STM32/bin/../lib/gcc/arm-none-eabi/13.3.1/../../../../arm-none-eabi/lib/thumb/v7e-m+dp/hard\libg_nano.a(libc_a-stdio.o) (_lseek_r)
C:/ST/STM32CubeCLT_1.19.0/GNU-tools-for-STM32/bin/../lib/gcc/arm-none-eabi/13.3.1/../../../../arm-none-eabi/lib/thumb/v7e-m+dp/hard\libg_nano.a(libc_a-readr.o)
                              C:/ST/STM32CubeCLT_1.19.0/GNU-tools-for-STM32/bin/../lib/gcc/arm-none-eabi/13.3.1/../../../../arm-none-eabi/lib/thumb/v7e-m+dp/hard\libg_nano.a(libc_a-stdio.o) (_read_r)
[...]
Memory Configuration

Name             Origin             Length             Attributes
FLASH            0x08000000         0x00100000         xr
RAM              0x20000000         0x00020000         xrw
ITCMRAM          0x00000000         0x00010000         xrw
*default*        0x00000000         0xffffffff

Linker script and memory map

LOAD C:/ST/STM32CubeCLT_1.19.0/GNU-tools-for-STM32/bin/../lib/gcc/arm-none-eabi/13.3.1/thumb/v7e-m+dp/hard/crti.o
LOAD C:/ST/STM32CubeCLT_1.19.0/GNU-tools-for-STM32/bin/../lib/gcc/arm-none-eabi/13.3.1/thumb/v7e-m+dp/hard/crtbegin.o
LOAD C:/ST/STM32CubeCLT_1.19.0/GNU-tools-for-STM32/bin/../lib/gcc/arm-none-eabi/13.3.1/../../../../arm-none-eabi/lib/thumb/v7e-m+dp/hard/crt0.o
LOAD C:/ST/STM32CubeCLT_1.19.0/GNU-tools-for-STM32/bin/../lib/gcc/arm-none-eabi/13.3.1/../../../../arm-none-eabi/lib/thumb/v7e-m+dp/hard\libm.a
LOAD CMakeFiles/SAI_CM7.dir/CM7/Src/main.c.obj
LOAD CMakeFiles/SAI_CM7.dir/CM7/Src/stm32h7xx_hal_msp.c.obj
LOAD CMakeFiles/SAI_CM7.dir/CM7/Src/stm32h7xx_it.c.obj
LOAD CMakeFiles/SAI_CM7.dir/CM7/Src/stm32h745i_discovery.c.obj
LOAD CMakeFiles/SAI_CM7.dir/CM7/Src/syscalls.c.obj
LOAD CMakeFiles/SAI_CM7.dir/CM7/Src/sysmem.c.obj
LOAD CMakeFiles/SAI_CM7.dir/drivers/STM32H7xx_HAL_Driver/Src/stm32h7xx_hal_sai.c.obj
LOAD CMakeFiles/SAI_CM7.dir/drivers/STM32H7xx_HAL_Driver/Src/stm32h7xx_hal.c.obj
LOAD CMakeFiles/SAI_CM7.dir/drivers/STM32H7xx_HAL_Driver/Src/stm32h7xx_hal_rcc.c.obj
LOAD CMakeFiles/SAI_CM7.dir/drivers/STM32H7xx_HAL_Driver/Src/stm32h7xx_hal_rcc_ex.c.obj
LOAD CMakeFiles/SAI_CM7.dir/CM7/Startup/startup_stm32h745xx_CM7.s.obj
LOAD CMakeFiles/SAI_CM7.dir/drivers/BSP/Components/wm8994/wm8994.c.obj
LOAD CMakeFiles/SAI_CM7.dir/drivers/BSP/Components/wm8994/wm8994_reg.c.obj
LOAD CMakeFiles/SAI_CM7.dir/drivers/BSP/STM32H745I-DISCO/stm32h745i_discovery_bus.c.obj
LOAD CMakeFiles/SAI_CM7.dir/drivers/STM32H7xx_HAL_Driver/Src/stm32h7xx_hal_gpio.c.obj
LOAD CMakeFiles/SAI_CM7.dir/drivers/STM32H7xx_HAL_Driver/Src/stm32h7xx_hal_dma.c.obj
LOAD CMakeFiles/SAI_CM7.dir/drivers/STM32H7xx_HAL_Driver/Src/stm32h7xx_hal_cortex.c.obj
LOAD CMakeFiles/SAI_CM7.dir/drivers/STM32H7xx_HAL_Driver/Src/stm32h7xx_hal_pwr_ex.c.obj
LOAD CMakeFiles/SAI_CM7.dir/system_stm32h7xx_dualcore_boot_cm4_cm7.c.obj
LOAD CMakeFiles/SAI_CM7.dir/drivers/STM32H7xx_HAL_Driver/Src/stm32h7xx_hal_i2c.c.obj
LOAD CMakeFiles/SAI_CM7.dir/drivers/STM32H7xx_HAL_Driver/Src/stm32h7xx_hal_i2c_ex.c.obj
LOAD C:/Users/Миша/CLionProjects/st32_template/CM7/Lib/libPDMFilter_CM7_GCC_wc32.a
LOAD C:/ST/STM32CubeCLT_1.19.0/GNU-tools-for-STM32/bin/../lib/gcc/arm-none-eabi/13.3.1/../../../../arm-none-eabi/lib/thumb/v7e-m+dp/hard\libm.a
START GROUP
LOAD C:/ST/STM32CubeCLT_1.19.0/GNU-tools-for-STM32/bin/../lib/gcc/arm-none-eabi/13.3.1/thumb/v7e-m+dp/hard\libgcc.a
LOAD C:/ST/STM32CubeCLT_1.19.0/GNU-tools-for-STM32/bin/../lib/gcc/arm-none-eabi/13.3.1/../../../../arm-none-eabi/lib/thumb/v7e-m+dp/hard\libg_nano.a
LOAD C:/ST/STM32CubeCLT_1.19.0/GNU-tools-for-STM32/bin/../lib/gcc/arm-none-eabi/13.3.1/../../../../arm-none-eabi/lib/thumb/v7e-m+dp/hard\libc_nano.a
END GROUP
START GROUP
LOAD C:/ST/STM32CubeCLT_1.19.0/GNU-tools-for-STM32/bin/../lib/gcc/arm-none-eabi/13.3.1/thumb/v7e-m+dp/hard\libgcc.a
LOAD C:/ST/STM32CubeCLT_1.19.0/GNU-tools-for-STM32/bin/../lib/gcc/arm-none-eabi/13.3.1/../../../../arm-none-eabi/lib/thumb/v7e-m+dp/hard\libc_nano.a
END GROUP
LOAD C:/ST/STM32CubeCLT_1.19.0/GNU-tools-for-STM32/bin/../lib/gcc/arm-none-eabi/13.3.1/thumb/v7e-m+dp/hard/crtend.o
LOAD C:/ST/STM32CubeCLT_1.19.0/GNU-tools-for-STM32/bin/../lib/gcc/arm-none-eabi/13.3.1/thumb/v7e-m+dp/hard/crtn.o
                0x20020000                        _estack = 0x20020000
                0x00000200                        _Min_Heap_Size = 0x200
                0x00000400                        _Min_Stack_Size = 0x400

.isr_vector     0x08000000      0x298
                0x08000000                        . = ALIGN (0x4)
 *(.isr_vector)
 .isr_vector    0x08000000      0x298 CMakeFiles/SAI_CM7.dir/CM7/Startup/startup_stm32h745xx_CM7.s.obj
                0x08000000                g_pfnVectors
                0x08000298                        . = ALIGN (0x4)

.text           0x08000298     0x148c
                0x08000298                        . = ALIGN (0x4)
 *(.text)
 .text          0x08000298       0x40 C:/ST/STM32CubeCLT_1.19.0/GNU-tools-for-STM32/bin/../lib/gcc/arm-none-eabi/13.3.1/thumb/v7e-m+dp/hard/crtbegin.o
 *(.text*)
 .text.Error_Handler
                0x080002d8        0xa CMakeFiles/SAI_CM7.dir/CM7/Src/main.c.obj
                0x080002d8                Error_Handler
 *fill*         0x080002e2        0x2 
 .text.startup.main
                0x080002e4      0x13c CMakeFiles/SAI_CM7.dir/CM7/Src/main.c.obj
                0x080002e4                main
 .text.NMI_Handler
                0x08000420        0x2 CMakeFiles/SAI_CM7.dir/CM7/Src/stm32h7xx_it.c.obj
                0x08000420                NMI_Handler
 .text.HardFault_Handler
                0x08000422        0x2 CMakeFiles/SAI_CM7.dir/CM7/Src/stm32h7xx_it.c.obj
                0x08000422                HardFault_Handler
 .text.MemManage_Handler
                0x08000424        0x2 CMakeFiles/SAI_CM7.dir/CM7/Src/stm32h7xx_it.c.obj
                0x08000424                MemManage_Handler
 .text.BusFault_Handler
                0x08000426        0x2 CMakeFiles/SAI_CM7.dir/CM7/Src/stm32h7xx_it.c.obj
                0x08000426                BusFault_Handler
 .text.UsageFault_Handler
                0x08000428        0x2 CMakeFiles/SAI_CM7.dir/CM7/Src/stm32h7xx_it.c.obj
                0x08000428                UsageFault_Handler
 .text.SVC_Handler
                0x0800042a        0x2 CMakeFiles/SAI_CM7.dir/CM7/Src/stm32h7xx_it.c.obj
                0x0800042a                SVC_Handler
 .text.DebugMon_Handler
                0x0800042c        0x2 CMakeFiles/SAI_CM7.dir/CM7/Src/stm32h7xx_it.c.obj
                0x0800042c                DebugMon_Handler
 .text.PendSV_Handler
                0x0800042e        0x2 CMakeFiles/SAI_CM7.dir/CM7/Src/stm32h7xx_it.c.obj
                0x0800042e                PendSV_Handler
 .text.SysTick_Handler
                0x08000430        0x4 CMakeFiles/SAI_CM7.dir/CM7/Src/stm32h7xx_it.c.obj
                0x08000430                SysTick_Handler
 .text.BDMA_Channel1_IRQHandler
                0x08000434       0x10 CMakeFiles/SAI_CM7.dir/CM7/Src/stm32h7xx_it.c.obj
                0x08000434                BDMA_Channel1_IRQHandler
 .text.DMA2_Stream1_IRQHandler
                0x08000444       0x10 CMakeFiles/SAI_CM7.dir/CM7/Src/stm32h7xx_it.c.obj
                0x08000444                DMA2_Stream1_IRQHandler
 .text.BSP_LED_Init
                0x08000454       0x84 CMakeFiles/SAI_CM7.dir/CM7/Src/stm32h745i_discovery.c.obj
                0x08000454                BSP_LED_Init
 .text.BSP_LED_On
                0x080004d8       0x20 CMakeFiles/SAI_CM7.dir/CM7/Src/stm32h745i_discovery.c.obj
                0x080004d8                BSP_LED_On
 .text.HAL_MspInit
                0x080004f8        0x2 CMakeFiles/SAI_CM7.dir/drivers/STM32H7xx_HAL_Driver/Src/stm32h7xx_hal.c.obj
                0x080004f8                HAL_MspInit
 *fill*         0x080004fa        0x2 
 .text.HAL_InitTick
                0x080004fc       0x4c CMakeFiles/SAI_CM7.dir/drivers/STM32H7xx_HAL_Driver/Src/stm32h7xx_hal.c.obj
                0x080004fc                HAL_InitTick
 .text.HAL_Init
                0x08000548       0x5c CMakeFiles/SAI_CM7.dir/drivers/STM32H7xx_HAL_Driver/Src/stm32h7xx_hal.c.obj
                0x08000548                HAL_Init
 .text.HAL_IncTick
                0x080005a4       0x18 CMakeFiles/SAI_CM7.dir/drivers/STM32H7xx_HAL_Driver/Src/stm32h7xx_hal.c.obj
                0x080005a4                HAL_IncTick
 .text.HAL_GetTick
                0x080005bc        0xc CMakeFiles/SAI_CM7.dir/drivers/STM32H7xx_HAL_Driver/Src/stm32h7xx_hal.c.obj
                0x080005bc                HAL_GetTick
 .text.HAL_GetREVID
                0x080005c8        0xc CMakeFiles/SAI_CM7.dir/drivers/STM32H7xx_HAL_Driver/Src/stm32h7xx_hal.c.obj
                0x080005c8                HAL_GetREVID
 .text.HAL_RCC_OscConfig
                0x080005d4      0x550 CMakeFiles/SAI_CM7.dir/drivers/STM32H7xx_HAL_Driver/Src/stm32h7xx_hal_rcc.c.obj
                0x080005d4                HAL_RCC_OscConfig
 .text.HAL_RCC_GetSysClockFreq
                0x08000b24      0x144 CMakeFiles/SAI_CM7.dir/drivers/STM32H7xx_HAL_Driver/Src/stm32h7xx_hal_rcc.c.obj
                0x08000b24                HAL_RCC_GetSysClockFreq
 .text.HAL_RCC_ClockConfig
                0x08000c68      0x24c CMakeFiles/SAI_CM7.dir/drivers/STM32H7xx_HAL_Driver/Src/stm32h7xx_hal_rcc.c.obj
                0x08000c68                HAL_RCC_ClockConfig
 .text.Reset_Handler
                0x08000eb4       0x54 CMakeFiles/SAI_CM7.dir/CM7/Startup/startup_stm32h745xx_CM7.s.obj
                0x08000eb4                Reset_Handler
 .text.Default_Handler
                0x08000f08        0x2 CMakeFiles/SAI_CM7.dir/CM7/Startup/startup_stm32h745xx_CM7.s.obj
                0x08000f08                RTC_Alarm_IRQHandler
                0x08000f08                EXTI2_IRQHandler
                0x08000f08                TIM8_CC_IRQHandler
                0x08000f08                HRTIM1_Master_IRQHandler
                0x08000f08                UART8_IRQHandler
                0x08000f08                SPI4_IRQHandler
                0x08000f08                TIM1_CC_IRQHandler
                0x08000f08                BDMA_Channel6_IRQHandler
                0x08000f08                DMA2_Stream5_IRQHandler
                0x08000f08                HRTIM1_FLT_IRQHandler
                0x08000f08                JPEG_IRQHandler
                0x08000f08                DMA1_Stream5_IRQHandler
                0x08000f08                HRTIM1_TIMD_IRQHandler
                0x08000f08                TAMP_STAMP_IRQHandler
                0x08000f08                EXTI3_IRQHandler
                0x08000f08                LPTIM4_IRQHandler
                0x08000f08                TIM8_TRG_COM_TIM14_IRQHandler
                0x08000f08                LPTIM2_IRQHandler
                0x08000f08                DFSDM1_FLT1_IRQHandler
                0x08000f08                DMAMUX2_OVR_IRQHandler
                0x08000f08                TIM8_UP_TIM13_IRQHandler
                0x08000f08                I2C3_ER_IRQHandler
                0x08000f08                DFSDM1_FLT2_IRQHandler
                0x08000f08                MDMA_IRQHandler
                0x08000f08                LPTIM3_IRQHandler
                0x08000f08                HSEM1_IRQHandler
                0x08000f08                EXTI0_IRQHandler
                0x08000f08                I2C2_EV_IRQHandler
                0x08000f08                DMA1_Stream2_IRQHandler
                0x08000f08                FPU_IRQHandler
                0x08000f08                OTG_HS_WKUP_IRQHandler
                0x08000f08                FDCAN1_IT1_IRQHandler
                0x08000f08                LTDC_ER_IRQHandler
                0x08000f08                DMA2_Stream2_IRQHandler
                0x08000f08                HRTIM1_TIME_IRQHandler
                0x08000f08                SPI1_IRQHandler
                0x08000f08                TIM6_DAC_IRQHandler
                0x08000f08                DCMI_IRQHandler
                0x08000f08                HRTIM1_TIMC_IRQHandler
                0x08000f08                DMA2_Stream3_IRQHandler
                0x08000f08                SAI2_IRQHandler
                0x08000f08                DFSDM1_FLT3_IRQHandler
                0x08000f08                USART6_IRQHandler
                0x08000f08                TIM17_IRQHandler
                0x08000f08                USART3_IRQHandler
                0x08000f08                BDMA_Channel7_IRQHandler
                0x08000f08                LPTIM5_IRQHandler
                0x08000f08                UART5_IRQHandler
                0x08000f08                ADC3_IRQHandler
                0x08000f08                DMA2_Stream0_IRQHandler
                0x08000f08                TIM4_IRQHandler
                0x08000f08                BDMA_Channel2_IRQHandler
                0x08000f08                QUADSPI_IRQHandler
                0x08000f08                I2C1_EV_IRQHandler
                0x08000f08                DMA1_Stream6_IRQHandler
                0x08000f08                DMAMUX1_OVR_IRQHandler
                0x08000f08                DMA1_Stream1_IRQHandler
                0x08000f08                TIM16_IRQHandler
                0x08000f08                UART4_IRQHandler
                0x08000f08                BDMA_Channel5_IRQHandler
                0x08000f08                TIM3_IRQHandler
                0x08000f08                RCC_IRQHandler
                0x08000f08                TIM8_BRK_TIM12_IRQHandler
                0x08000f08                TIM1_TRG_COM_IRQHandler
                0x08000f08                Default_Handler
                0x08000f08                ECC_IRQHandler
                0x08000f08                CEC_IRQHandler
                0x08000f08                EXTI15_10_IRQHandler
                0x08000f08                BDMA_Channel0_IRQHandler
                0x08000f08                ADC_IRQHandler
                0x08000f08                DMA1_Stream7_IRQHandler
                0x08000f08                HRTIM1_TIMA_IRQHandler
                0x08000f08                SPI5_IRQHandler
                0x08000f08                TIM7_IRQHandler
                0x08000f08                SDMMC1_IRQHandler
                0x08000f08                TIM5_IRQHandler
                0x08000f08                DMA2_Stream7_IRQHandler
                0x08000f08                TIM15_IRQHandler
                0x08000f08                PVD_AVD_IRQHandler
                0x08000f08                I2C3_EV_IRQHandler
                0x08000f08                EXTI9_5_IRQHandler
                0x08000f08                RTC_WKUP_IRQHandler
                0x08000f08                LTDC_IRQHandler
                0x08000f08                SAI3_IRQHandler
                0x08000f08                ETH_WKUP_IRQHandler
                0x08000f08                SPDIF_RX_IRQHandler
                0x08000f08                SPI2_IRQHandler
                0x08000f08                OTG_HS_EP1_IN_IRQHandler
                0x08000f08                DMA1_Stream0_IRQHandler
                0x08000f08                CRS_IRQHandler
                0x08000f08                CM7_SEV_IRQHandler
                0x08000f08                EXTI4_IRQHandler
                0x08000f08                RNG_IRQHandler
                0x08000f08                CM4_SEV_IRQHandler
                0x08000f08                HRTIM1_TIMB_IRQHandler
                0x08000f08                FDCAN2_IT1_IRQHandler
                0x08000f08                ETH_IRQHandler
                0x08000f08                TIM1_UP_IRQHandler
                0x08000f08                WWDG_RST_IRQHandler
                0x08000f08                BDMA_Channel4_IRQHandler
                0x08000f08                OTG_HS_EP1_OUT_IRQHandler
                0x08000f08                WWDG_IRQHandler
                0x08000f08                SPI6_IRQHandler
                0x08000f08                MDIOS_IRQHandler
                0x08000f08                I2C4_EV_IRQHandler
                0x08000f08                FDCAN2_IT0_IRQHandler
                0x08000f08                LPUART1_IRQHandler
                0x08000f08                FDCAN1_IT0_IRQHandler
                0x08000f08                TIM2_IRQHandler
                0x08000f08                OTG_FS_WKUP_IRQHandler
                0x08000f08                OTG_HS_IRQHandler
                0x08000f08                HSEM2_IRQHandler
                0x08000f08                DMA2D_IRQHandler
                0x08000f08                TIM1_BRK_IRQHandler
                0x08000f08                EXTI1_IRQHandler
                0x08000f08                SDMMC2_IRQHandler
                0x08000f08                OTG_FS_EP1_OUT_IRQHandler
                0x08000f08                BDMA_Channel3_IRQHandler
                0x08000f08                HOLD_CORE_IRQHandler
                0x08000f08                UART7_IRQHandler
                0x08000f08                MDIOS_WKUP_IRQHandler
                0x08000f08                USART2_IRQHandler
                0x08000f08                DFSDM1_FLT0_IRQHandler
                0x08000f08                SAI4_IRQHandler
                0x08000f08                I2C2_ER_IRQHandler
                0x08000f08                FLASH_IRQHandler
                0x08000f08                DMA2_Stream4_IRQHandler
                0x08000f08                USART1_IRQHandler
                0x08000f08                OTG_FS_IRQHandler
                0x08000f08                SPI3_IRQHandler
                0x08000f08                WAKEUP_PIN_IRQHandler
                0x08000f08                DMA1_Stream4_IRQHandler
                0x08000f08                OTG_FS_EP1_IN_IRQHandler
                0x08000f08                I2C1_ER_IRQHandler
                0x08000f08                FMC_IRQHandler
                0x08000f08                FDCAN_CAL_IRQHandler
                0x08000f08                SWPMI1_IRQHandler
                0x08000f08                COMP1_IRQHandler
                0x08000f08                LPTIM1_IRQHandler
                0x08000f08                I2C4_ER_IRQHandler
                0x08000f08                DMA2_Stream6_IRQHandler
                0x08000f08                SAI1_IRQHandler
                0x08000f08                DMA1_Stream3_IRQHandler
 *fill*         0x08000f0a        0x2 
 .text.HAL_GPIO_Init
                0x08000f0c      0x1d0 CMakeFiles/SAI_CM7.dir/drivers/STM32H7xx_HAL_Driver/Src/stm32h7xx_hal_gpio.c.obj
                0x08000f0c                HAL_GPIO_Init
 .text.HAL_GPIO_WritePin
                0x080010dc        0xa CMakeFiles/SAI_CM7.dir/drivers/STM32H7xx_HAL_Driver/Src/stm32h7xx_hal_gpio.c.obj
                0x080010dc                HAL_GPIO_WritePin
 *fill*         0x080010e6        0x2 
 .text.HAL_DMA_IRQHandler
                0x080010e8      0x3a0 CMakeFiles/SAI_CM7.dir/drivers/STM32H7xx_HAL_Driver/Src/stm32h7xx_hal_dma.c.obj
                0x080010e8                HAL_DMA_IRQHandler
 .text.HAL_NVIC_SetPriorityGrouping
                0x08001488       0x24 CMakeFiles/SAI_CM7.dir/drivers/STM32H7xx_HAL_Driver/Src/stm32h7xx_hal_cortex.c.obj
                0x08001488                HAL_NVIC_SetPriorityGrouping
 .text.HAL_NVIC_SetPriority
                0x080014ac       0x64 CMakeFiles/SAI_CM7.dir/drivers/STM32H7xx_HAL_Driver/Src/stm32h7xx_hal_cortex.c.obj
                0x080014ac                HAL_NVIC_SetPriority
 .text.HAL_SYSTICK_Config
                0x08001510       0x28 CMakeFiles/SAI_CM7.dir/drivers/STM32H7xx_HAL_Driver/Src/stm32h7xx_hal_cortex.c.obj
                0x08001510                HAL_SYSTICK_Config
 .text.HAL_PWREx_ConfigSupply
                0x08001538       0x78 CMakeFiles/SAI_CM7.dir/drivers/STM32H7xx_HAL_Driver/Src/stm32h7xx_hal_pwr_ex.c.obj
                0x08001538                HAL_PWREx_ConfigSupply
 .text.SystemInit
                0x080015b0       0xfc CMakeFiles/SAI_CM7.dir/system_stm32h7xx_dualcore_boot_cm4_cm7.c.obj
                0x080015b0                SystemInit
 .text.ExitRun0Mode
                0x080016ac       0x18 CMakeFiles/SAI_CM7.dir/system_stm32h7xx_dualcore_boot_cm4_cm7.c.obj
                0x080016ac                ExitRun0Mode
 .text.__libc_init_array
                0x080016c4       0x48 C:/ST/STM32CubeCLT_1.19.0/GNU-tools-for-STM32/bin/../lib/gcc/arm-none-eabi/13.3.1/../../../../arm-none-eabi/lib/thumb/v7e-m+dp/hard\libg_nano.a(libc_a-init.o)
                0x080016c4                __libc_init_array
 *(.glue_7)
 .glue_7        0x0800170c        0x0 linker stubs
 *(.glue_7t)
 .glue_7t       0x0800170c        0x0 linker stubs
 *(.eh_frame)
 .eh_frame      0x0800170c        0x0 C:/ST/STM32CubeCLT_1.19.0/GNU-tools-for-STM32/bin/../lib/gcc/arm-none-eabi/13.3.1/thumb/v7e-m+dp/hard/crtbegin.o
 *(.init)
 .init          0x0800170c        0x4 C:/ST/STM32CubeCLT_1.19.0/GNU-tools-for-STM32/bin/../lib/gcc/arm-none-eabi/13.3.1/thumb/v7e-m+dp/hard/crti.o
                0x0800170c                _init
 .init          0x08001710        0x8 C:/ST/STM32CubeCLT_1.19.0/GNU-tools-for-STM32/bin/../lib/gcc/arm-none-eabi/13.3.1/thumb/v7e-m+dp/hard/crtn.o
 *(.fini)
 .fini          0x08001718        0x4 C:/ST/STM32CubeCLT_1.19.0/GNU-tools-for-STM32/bin/../lib/gcc/arm-none-eabi/13.3.1/thumb/v7e-m+dp/hard/crti.o
                0x08001718                _fini
 .fini          0x0800171c        0x8 C:/ST/STM32CubeCLT_1.19.0/GNU-tools-for-STM32/bin/../lib/gcc/arm-none-eabi/13.3.1/thumb/v7e-m+dp/hard/crtn.o
                0x08001724                        . = ALIGN (0x4)
                0x08001724                        _etext = .

.vfp11_veneer   0x08001724        0x0
 .vfp11_veneer  0x08001724        0x0 linker stubs

.v4_bx          0x08001724        0x0
 .v4_bx         0x08001724        0x0 linker stubs

.iplt           0x08001724        0x0
 .iplt          0x08001724        0x0 C:/ST/STM32CubeCLT_1.19.0/GNU-tools-for-STM32/bin/../lib/gcc/arm-none-eabi/13.3.1/thumb/v7e-m+dp/hard/crtbegin.o

.rodata         0x08001724       0x20
                0x08001724                        . = ALIGN (0x4)
 *(.rodata)
 *(.rodata*)
 .rodata.LED_PIN
                0x08001724        0x8 CMakeFiles/SAI_CM7.dir/CM7/Src/stm32h745i_discovery.c.obj
 .rodata.LED_PORT
                0x0800172c        0x8 CMakeFiles/SAI_CM7.dir/CM7/Src/stm32h745i_discovery.c.obj
 .rodata.D1CorePrescTable
                0x08001734       0x10 CMakeFiles/SAI_CM7.dir/system_stm32h7xx_dualcore_boot_cm4_cm7.c.obj
                0x08001734                D1CorePrescTable
                0x08001744                        . = ALIGN (0x4)

.ARM.extab      0x08001744        0x0
                0x08001744                        . = ALIGN (0x4)
 *(.ARM.extab* .gnu.linkonce.armextab.*)
                0x08001744                        . = ALIGN (0x4)

.ARM            0x08001744        0x0
                0x08001744                        . = ALIGN (0x4)
                0x08001744                        __exidx_start = .
 *(.ARM.exidx*)
                0x08001744                        __exidx_end = .
                0x08001744                        . = ALIGN (0x4)

.preinit_array  0x08001744        0x0
                0x08001744                        . = ALIGN (0x4)
                0x08001744                        PROVIDE (__preinit_array_start = .)
 *(.preinit_array*)
                0x08001744                        PROVIDE (__preinit_array_end = .)
                0x08001744                        . = ALIGN (0x4)

.init_array     0x08001744        0x4
                0x08001744                        . = ALIGN (0x4)
                0x08001744                        PROVIDE (__init_array_start = .)
 *(SORT_BY_NAME(.init_array.*))
 *(.init_array*)
 .init_array    0x08001744        0x4 C:/ST/STM32CubeCLT_1.19.0/GNU-tools-for-STM32/bin/../lib/gcc/arm-none-eabi/13.3.1/thumb/v7e-m+dp/hard/crtbegin.o
                0x08001748                        PROVIDE (__init_array_end = .)
                0x08001748                        . = ALIGN (0x4)

.fini_array     0x08001748        0x4
                0x08001748                        . = ALIGN (0x4)
                [!provide]                        PROVIDE (__fini_array_start = .)
 *(SORT_BY_NAME(.fini_array.*))
 *(.fini_array*)
 .fini_array    0x08001748        0x4 C:/ST/STM32CubeCLT_1.19.0/GNU-tools-for-STM32/bin/../lib/gcc/arm-none-eabi/13.3.1/thumb/v7e-m+dp/hard/crtbegin.o
                [!provide]                        PROVIDE (__fini_array_end = .)
                0x0800174c                        . = ALIGN (0x4)
                0x0800174c                        _sidata = LOADADDR (.data)

.rel.dyn        0x0800174c        0x0
 .rel.iplt      0x0800174c        0x0 C:/ST/STM32CubeCLT_1.19.0/GNU-tools-for-STM32/bin/../lib/gcc/arm-none-eabi/13.3.1/thumb/v7e-m+dp/hard/crtbegin.o

.data           0x20000000       0x10 load address 0x0800174c
                0x20000000                        . = ALIGN (0x4)
                0x20000000                        _sdata = .
 *(.data)
 *(.data*)
 .data.uwTickFreq
                0x20000000        0x1 CMakeFiles/SAI_CM7.dir/drivers/STM32H7xx_HAL_Driver/Src/stm32h7xx_hal.c.obj
                0x20000000                uwTickFreq
 *fill*         0x20000001        0x3 
 .data.uwTickPrio
                0x20000004        0x4 CMakeFiles/SAI_CM7.dir/drivers/STM32H7xx_HAL_Driver/Src/stm32h7xx_hal.c.obj
                0x20000004                uwTickPrio
 .data.SystemD2Clock
                0x20000008        0x4 CMakeFiles/SAI_CM7.dir/system_stm32h7xx_dualcore_boot_cm4_cm7.c.obj
                0x20000008                SystemD2Clock
 .data.SystemCoreClock
                0x2000000c        0x4 CMakeFiles/SAI_CM7.dir/system_stm32h7xx_dualcore_boot_cm4_cm7.c.obj
                0x2000000c                SystemCoreClock
                0x20000010                        . = ALIGN (0x4)

.igot.plt       0x20000010        0x0 load address 0x0800175c
 .igot.plt      0x20000010        0x0 C:/ST/STM32CubeCLT_1.19.0/GNU-tools-for-STM32/bin/../lib/gcc/arm-none-eabi/13.3.1/thumb/v7e-m+dp/hard/crtbegin.o

.tdata          0x20000010        0x0 load address 0x0800175c
 *(.tdata .tdata.* .gnu.linkonce.td.*)
                0x20000010                        . = ALIGN (0x4)
                0x20000010                        _edata = .
                [!provide]                        PROVIDE (__data_end = .)
                [!provide]                        PROVIDE (__tdata_end = .)
                [!provide]                        PROVIDE (__tdata_start = ADDR (.tdata))
                [!provide]                        PROVIDE (__tdata_size = (__tdata_end - __tdata_start))
                [!provide]                        PROVIDE (__data_start = ADDR (.data))
                [!provide]                        PROVIDE (__data_size = (__data_end - __data_start))
                [!provide]                        PROVIDE (__tdata_source = LOADADDR (.tdata))
                [!provide]                        PROVIDE (__tdata_source_end = (LOADADDR (.tdata) + SIZEOF (.tdata)))
                [!provide]                        PROVIDE (__tdata_source_size = (__tdata_source_end - __tdata_source))
                [!provide]                        PROVIDE (__data_source = LOADADDR (.data))
                [!provide]                        PROVIDE (__data_source_end = __tdata_source_end)
                [!provide]                        PROVIDE (__data_source_size = (__data_source_end - __data_source))

.tbss           0x20000010        0x0 load address 0x0800175c
                0x20000010                        _sbss = .
                0x20000010                        __bss_start__ = _sbss
 *(.tbss .tbss.*)
                0x20000010                        . = ALIGN (0x4)
                [!provide]                        PROVIDE (__tbss_end = .)
                [!provide]                        PROVIDE (__tbss_start = ADDR (.tbss))
                [!provide]                        PROVIDE (__tbss_size = (__tbss_end - __tbss_start))
                [!provide]                        PROVIDE (__tbss_offset = (ADDR (.tbss) - ADDR (.tdata)))
                [!provide]                        PROVIDE (__tls_base = __tdata_start)
                [!provide]                        PROVIDE (__tls_end = __tbss_end)
                [!provide]                        PROVIDE (__tls_size = (__tls_end - __tls_base))
                [!provide]                        PROVIDE (__tls_align = MAX (ALIGNOF (.tdata), ALIGNOF (.tbss)))
                [!provide]                        PROVIDE (__tls_size_align = (((__tls_size + __tls_align) - 0x1) & ~ ((__tls_align - 0x1))))
                [!provide]                        PROVIDE (__arm32_tls_tcb_offset = MAX (0x8, __tls_align))
                [!provide]                        PROVIDE (__arm64_tls_tcb_offset = MAX (0x10, __tls_align))

.bss            0x20000010      0x150 load address 0x0800175c
 *(.bss)
 .bss           0x20000010       0x1c C:/ST/STM32CubeCLT_1.19.0/GNU-tools-for-STM32/bin/../lib/gcc/arm-none-eabi/13.3.1/thumb/v7e-m+dp/hard/crtbegin.o
 *(.bss*)
 .bss.SaiOutputHandle
                0x2000002c       0x98 CMakeFiles/SAI_CM7.dir/CM7/Src/main.c.obj
                0x2000002c                SaiOutputHandle
 .bss.SaiInputHandle
                0x200000c4       0x98 CMakeFiles/SAI_CM7.dir/CM7/Src/main.c.obj
                0x200000c4                SaiInputHandle
 .bss.uwTick    0x2000015c        0x4 CMakeFiles/SAI_CM7.dir/drivers/STM32H7xx_HAL_Driver/Src/stm32h7xx_hal.c.obj
                0x2000015c                uwTick
 *(COMMON)
                0x20000160                        . = ALIGN (0x4)
                0x20000160                        _ebss = .
                0x20000160                        __bss_end__ = _ebss
                [!provide]                        PROVIDE (__bss_end = .)
                [!provide]                        PROVIDE (__non_tls_bss_start = ADDR (.bss))
                [!provide]                        PROVIDE (__bss_start = __tbss_start)
                [!provide]                        PROVIDE (__bss_size = (__bss_end - __bss_start))

._user_heap_stack
                0x20000160      0x600 load address 0x0800175c
                0x20000160                        . = ALIGN (0x8)
                [!provide]                        PROVIDE (end = .)
                0x20000160                        PROVIDE (_end = .)
                0x20000360                        . = (. + _Min_Heap_Size)
 *fill*         0x20000160      0x200 
                0x20000760                        . = (. + _Min_Stack_Size)
 *fill*         0x20000360      0x400 
                0x20000760                        . = ALIGN (0x8)

/DISCARD/
 libc.a:*(*)
 libm.a:*(*)
 libgcc.a:*(*)

.ARM.attributes
                0x00000000       0x2e
 *(.ARM.attributes)
 .ARM.attributes
                0x00000000       0x20 C:/ST/STM32CubeCLT_1.19.0/GNU-tools-for-STM32/bin/../lib/gcc/arm-none-eabi/13.3.1/thumb/v7e-m+dp/hard/crti.o
 .ARM.attributes
                0x00000020       0x32 C:/ST/STM32CubeCLT_1.19.0/GNU-tools-for-STM32/bin/../lib/gcc/arm-none-eabi/13.3.1/thumb/v7e-m+dp/hard/crtbegin.o
 .ARM.attributes
                0x00000052       0x32 CMakeFiles/SAI_CM7.dir/CM7/Src/main.c.obj
 .ARM.attributes
                0x00000084       0x32 CMakeFiles/SAI_CM7.dir/CM7/Src/stm32h7xx_it.c.obj
 .ARM.attributes
                0x000000b6       0x32 CMakeFiles/SAI_CM7.dir/CM7/Src/stm32h745i_discovery.c.obj
 .ARM.attributes
                0x000000e8       0x32 CMakeFiles/SAI_CM7.dir/drivers/STM32H7xx_HAL_Driver/Src/stm32h7xx_hal.c.obj
 .ARM.attributes
                0x0000011a       0x32 CMakeFiles/SAI_CM7.dir/drivers/STM32H7xx_HAL_Driver/Src/stm32h7xx_hal_rcc.c.obj
 .ARM.attributes
                0x0000014c       0x21 CMakeFiles/SAI_CM7.dir/CM7/Startup/startup_stm32h745xx_CM7.s.obj
 .ARM.attributes
                0x0000016d       0x32 CMakeFiles/SAI_CM7.dir/drivers/STM32H7xx_HAL_Driver/Src/stm32h7xx_hal_gpio.c.obj
 .ARM.attributes
                0x0000019f       0x32 CMakeFiles/SAI_CM7.dir/drivers/STM32H7xx_HAL_Driver/Src/stm32h7xx_hal_dma.c.obj
 .ARM.attributes
                0x000001d1       0x32 CMakeFiles/SAI_CM7.dir/drivers/STM32H7xx_HAL_Driver/Src/stm32h7xx_hal_cortex.c.obj
 .ARM.attributes
                0x00000203       0x32 CMakeFiles/SAI_CM7.dir/drivers/STM32H7xx_HAL_Driver/Src/stm32h7xx_hal_pwr_ex.c.obj
 .ARM.attributes
                0x00000235       0x32 CMakeFiles/SAI_CM7.dir/system_stm32h7xx_dualcore_boot_cm4_cm7.c.obj
 .ARM.attributes
                0x00000267       0x32 C:/ST/STM32CubeCLT_1.19.0/GNU-tools-for-STM32/bin/../lib/gcc/arm-none-eabi/13.3.1/../../../../arm-none-eabi/lib/thumb/v7e-m+dp/hard\libg_nano.a(libc_a-init.o)
 .ARM.attributes
                0x00000299       0x20 C:/ST/STM32CubeCLT_1.19.0/GNU-tools-for-STM32/bin/../lib/gcc/arm-none-eabi/13.3.1/thumb/v7e-m+dp/hard/crtn.o
OUTPUT(SAI_CM7.elf elf32-littlearm)
LOAD linker stubs

.comment        0x00000000       0x43
 .comment       0x00000000       0x43 CMakeFiles/SAI_CM7.dir/CM7/Src/main.c.obj
                                 0x44 (size before relaxing)
 .comment       0x00000043       0x44 CMakeFiles/SAI_CM7.dir/CM7/Src/stm32h7xx_it.c.obj
 .comment       0x00000043       0x44 CMakeFiles/SAI_CM7.dir/CM7/Src/stm32h745i_discovery.c.obj
 .comment       0x00000043       0x44 CMakeFiles/SAI_CM7.dir/drivers/STM32H7xx_HAL_Driver/Src/stm32h7xx_hal.c.obj
 .comment       0x00000043       0x44 CMakeFiles/SAI_CM7.dir/drivers/STM32H7xx_HAL_Driver/Src/stm32h7xx_hal_rcc.c.obj
 .comment       0x00000043       0x44 CMakeFiles/SAI_CM7.dir/drivers/STM32H7xx_HAL_Driver/Src/stm32h7xx_hal_gpio.c.obj
 .comment       0x00000043       0x44 CMakeFiles/SAI_CM7.dir/drivers/STM32H7xx_HAL_Driver/Src/stm32h7xx_hal_dma.c.obj
 .comment       0x00000043       0x44 CMakeFiles/SAI_CM7.dir/drivers/STM32H7xx_HAL_Driver/Src/stm32h7xx_hal_cortex.c.obj
 .comment       0x00000043       0x44 CMakeFiles/SAI_CM7.dir/drivers/STM32H7xx_HAL_Driver/Src/stm32h7xx_hal_pwr_ex.c.obj
 .comment       0x00000043       0x44 CMakeFiles/SAI_CM7.dir/system_stm32h7xx_dualcore_boot_cm4_cm7.c.obj
 .comment       0x00000043       0x44 C:/ST/STM32CubeCLT_1.19.0/GNU-tools-for-STM32/bin/../lib/gcc/arm-none-eabi/13.3.1/../../../../arm-none-eabi/lib/thumb/v7e-m+dp/hard\libg_nano.a(libc_a-init.o)

.debug_info     0x00000000      0x10b
 .debug_info    0x00000000      0x10b C:/ST/STM32CubeCLT_1.19.0/GNU-tools-for-STM32/bin/../lib/gcc/arm-none-eabi/13.3.1/../../../../arm-none-eabi/lib/thumb/v7e-m+dp/hard\libg_nano.a(libc_a-init.o)

.debug_abbrev   0x00000000       0xc9
 .debug_abbrev  0x00000000       0xc9 C:/ST/STM32CubeCLT_1.19.0/GNU-tools-for-STM32/bin/../lib/gcc/arm-none-eabi/13.3.1/../../../../arm-none-eabi/lib/thumb/v7e-m+dp/hard\libg_nano.a(libc_a-init.o)

.debug_loclists
                0x00000000       0x44
 .debug_loclists
                0x00000000       0x44 C:/ST/STM32CubeCLT_1.19.0/GNU-tools-for-STM32/bin/../lib/gcc/arm-none-eabi/13.3.1/../../../../arm-none-eabi/lib/thumb/v7e-m+dp/hard\libg_nano.a(libc_a-init.o)

.debug_aranges  0x00000000       0x20
 .debug_aranges
                0x00000000       0x20 C:/ST/STM32CubeCLT_1.19.0/GNU-tools-for-STM32/bin/../lib/gcc/arm-none-eabi/13.3.1/../../../../arm-none-eabi/lib/thumb/v7e-m+dp/hard\libg_nano.a(libc_a-init.o)

.debug_rnglists
                0x00000000       0x13
 .debug_rnglists
                0x00000000       0x13 C:/ST/STM32CubeCLT_1.19.0/GNU-tools-for-STM32/bin/../lib/gcc/arm-none-eabi/13.3.1/../../../../arm-none-eabi/lib/thumb/v7e-m+dp/hard\libg_nano.a(libc_a-init.o)

.debug_line     0x00000000      0x170
 .debug_line    0x00000000      0x170 C:/ST/STM32CubeCLT_1.19.0/GNU-tools-for-STM32/bin/../lib/gcc/arm-none-eabi/13.3.1/../../../../arm-none-eabi/lib/thumb/v7e-m+dp/hard\libg_nano.a(libc_a-init.o)

.debug_str      0x00000000      0x23c
 .debug_str     0x00000000      0x23c C:/ST/STM32CubeCLT_1.19.0/GNU-tools-for-STM32/bin/../lib/gcc/arm-none-eabi/13.3.1/../../../../arm-none-eabi/lib/thumb/v7e-m+dp/hard\libg_nano.a(libc_a-init.o)
                                0x275 (size before relaxing)

.debug_frame    0x00000000       0x2c
 .debug_frame   0x00000000       0x2c C:/ST/STM32CubeCLT_1.19.0/GNU-tools-for-STM32/bin/../lib/gcc/arm-none-eabi/13.3.1/../../../../arm-none-eabi/lib/thumb/v7e-m+dp/hard\libg_nano.a(libc_a-init.o)
