Archive member included to satisfy reference by file (symbol)

C:/ST/STM32CubeCLT_1.19.0/GNU-tools-for-STM32/bin/../lib/gcc/arm-none-eabi/13.3.1/../../../../arm-none-eabi/lib/thumb/v7e-m+fp/hard\libg.a(libc_a-exit.o)
                              C:/ST/STM32CubeCLT_1.19.0/GNU-tools-for-STM32/bin/../lib/gcc/arm-none-eabi/13.3.1/../../../../arm-none-eabi/lib/thumb/v7e-m+fp/hard/crt0.o (exit)
C:/ST/STM32CubeCLT_1.19.0/GNU-tools-for-STM32/bin/../lib/gcc/arm-none-eabi/13.3.1/../../../../arm-none-eabi/lib/thumb/v7e-m+fp/hard\libg.a(libc_a-findfp.o)
                              C:/ST/STM32CubeCLT_1.19.0/GNU-tools-for-STM32/bin/../lib/gcc/arm-none-eabi/13.3.1/../../../../arm-none-eabi/lib/thumb/v7e-m+fp/hard\libg.a(libc_a-exit.o) (__stdio_exit_handler)
C:/ST/STM32CubeCLT_1.19.0/GNU-tools-for-STM32/bin/../lib/gcc/arm-none-eabi/13.3.1/../../../../arm-none-eabi/lib/thumb/v7e-m+fp/hard\libg.a(libc_a-fwalk.o)
                              C:/ST/STM32CubeCLT_1.19.0/GNU-tools-for-STM32/bin/../lib/gcc/arm-none-eabi/13.3.1/../../../../arm-none-eabi/lib/thumb/v7e-m+fp/hard\libg.a(libc_a-findfp.o) (_fwalk_sglue)
C:/ST/STM32CubeCLT_1.19.0/GNU-tools-for-STM32/bin/../lib/gcc/arm-none-eabi/13.3.1/../../../../arm-none-eabi/lib/thumb/v7e-m+fp/hard\libg.a(libc_a-stdio.o)
                              C:/ST/STM32CubeCLT_1.19.0/GNU-tools-for-STM32/bin/../lib/gcc/arm-none-eabi/13.3.1/../../../../arm-none-eabi/lib/thumb/v7e-m+fp/hard\libg.a(libc_a-findfp.o) (__sread)
C:/ST/STM32CubeCLT_1.19.0/GNU-tools-for-STM32/bin/../lib/gcc/arm-none-eabi/13.3.1/../../../../arm-none-eabi/lib/thumb/v7e-m+fp/hard\libg.a(libc_a-memset.o)
                              C:/ST/STM32CubeCLT_1.19.0/GNU-tools-for-STM32/bin/../lib/gcc/arm-none-eabi/13.3.1/../../../../arm-none-eabi/lib/thumb/v7e-m+fp/hard/crt0.o (memset)
C:/ST/STM32CubeCLT_1.19.0/GNU-tools-for-STM32/bin/../lib/gcc/arm-none-eabi/13.3.1/../../../../arm-none-eabi/lib/thumb/v7e-m+fp/hard\libg.a(libc_a-closer.o)
                              C:/ST/STM32CubeCLT_1.19.0/GNU-tools-for-STM32/bin/../lib/gcc/arm-none-eabi/13.3.1/../../../../arm-none-eabi/lib/thumb/v7e-m+fp/hard\libg.a(libc_a-stdio.o) (_close_r)
C:/ST/STM32CubeCLT_1.19.0/GNU-tools-for-STM32/bin/../lib/gcc/arm-none-eabi/13.3.1/../../../../arm-none-eabi/lib/thumb/v7e-m+fp/hard\libg.a(libc_a-reent.o)
                              C:/ST/STM32CubeCLT_1.19.0/GNU-tools-for-STM32/bin/../lib/gcc/arm-none-eabi/13.3.1/../../../../arm-none-eabi/lib/thumb/v7e-m+fp/hard\libg.a(libc_a-closer.o) (errno)
C:/ST/STM32CubeCLT_1.19.0/GNU-tools-for-STM32/bin/../lib/gcc/arm-none-eabi/13.3.1/../../../../arm-none-eabi/lib/thumb/v7e-m+fp/hard\libg.a(libc_a-impure.o)
                              C:/ST/STM32CubeCLT_1.19.0/GNU-tools-for-STM32/bin/../lib/gcc/arm-none-eabi/13.3.1/../../../../arm-none-eabi/lib/thumb/v7e-m+fp/hard\libg.a(libc_a-reent.o) (_impure_ptr)
C:/ST/STM32CubeCLT_1.19.0/GNU-tools-for-STM32/bin/../lib/gcc/arm-none-eabi/13.3.1/../../../../arm-none-eabi/lib/thumb/v7e-m+fp/hard\libg.a(libc_a-lseekr.o)
                              C:/ST/STM32CubeCLT_1.19.0/GNU-tools-for-STM32/bin/../lib/gcc/arm-none-eabi/13.3.1/../../../../arm-none-eabi/lib/thumb/v7e-m+fp/hard\libg.a(libc_a-stdio.o) (_lseek_r)
C:/ST/STM32CubeCLT_1.19.0/GNU-tools-for-STM32/bin/../lib/gcc/arm-none-eabi/13.3.1/../../../../arm-none-eabi/lib/thumb/v7e-m+fp/hard\libg.a(libc_a-readr.o)
                              C:/ST/STM32CubeCLT_1.19.0/GNU-tools-for-STM32/bin/../lib/gcc/arm-none-eabi/13.3.1/../../../../arm-none-eabi/lib/thumb/v7e-m+fp/hard\libg.a(libc_a-stdio.o) (_read_r)
C:/ST/STM32CubeCLT_1.19.0/GNU-tools-for-STM32/bin/../lib/gcc/arm-none-eabi/13.3.1/../../../../arm-none-eabi/lib/thumb/v7e-m+fp/hard\libg.a(libc_a-writer.o)
                              C:/ST/STM32CubeCLT_1.19.0/GNU-tools-for-STM32/bin/../lib/gcc/arm-none-eabi/13.3.1/../../../../arm-none-eabi/lib/thumb/v7e-m+fp/hard\libg.a(libc_a-stdio.o) (_write_r)
C:/ST/STM32CubeCLT_1.19.0/GNU-tools-for-STM32/bin/../lib/gcc/arm-none-eabi/13.3.1/../../../../arm-none-eabi/lib/thumb/v7e-m+fp/hard\libg.a(libc_a-init.o)
                              C:/ST/STM32CubeCLT_1.19.0/GNU-tools-for-STM32/bin/../lib/gcc/arm-none-eabi/13.3.1/../../../../arm-none-eabi/lib/thumb/v7e-m+fp/hard/crt0.o (__libc_init_array)
C:/ST/STM32CubeCLT_1.19.0/GNU-tools-for-STM32/bin/../lib/gcc/arm-none-eabi/13.3.1/../../../../arm-none-eabi/lib/thumb/v7e-m+fp/hard\libg.a(libc_a-lock.o)
                              C:/ST/STM32CubeCLT_1.19.0/GNU-tools-for-STM32/bin/../lib/gcc/arm-none-eabi/13.3.1/../../../../arm-none-eabi/lib/thumb/v7e-m+fp/hard\libg.a(libc_a-findfp.o) (__retarget_lock_init_recursive)
C:/ST/STM32CubeCLT_1.19.0/GNU-tools-for-STM32/bin/../lib/gcc/arm-none-eabi/13.3.1/../../../../arm-none-eabi/lib/thumb/v7e-m+fp/hard\libg.a(libc_a-__call_atexit.o)
                              C:/ST/STM32CubeCLT_1.19.0/GNU-tools-for-STM32/bin/../lib/gcc/arm-none-eabi/13.3.1/../../../../arm-none-eabi/lib/thumb/v7e-m+fp/hard\libg.a(libc_a-exit.o) (__call_exitprocs)
[...]
Memory Configuration

Name             Origin             Length             Attributes
FLASH            0x08100000         0x00100000         xr
RAM              0x10000000         0x00048000         xrw
*default*        0x00000000         0xffffffff

Linker script and memory map

LOAD C:/ST/STM32CubeCLT_1.19.0/GNU-tools-for-STM32/bin/../lib/gcc/arm-none-eabi/13.3.1/thumb/v7e-m+fp/hard/crti.o
LOAD C:/ST/STM32CubeCLT_1.19.0/GNU-tools-for-STM32/bin/../lib/gcc/arm-none-eabi/13.3.1/thumb/v7e-m+fp/hard/crtbegin.o
LOAD C:/ST/STM32CubeCLT_1.19.0/GNU-tools-for-STM32/bin/../lib/gcc/arm-none-eabi/13.3.1/../../../../arm-none-eabi/lib/thumb/v7e-m+fp/hard/crt0.o
LOAD C:/ST/STM32CubeCLT_1.19.0/GNU-tools-for-STM32/bin/../lib/gcc/arm-none-eabi/13.3.1/../../../../arm-none-eabi/lib/thumb/v7e-m+fp/hard\libm.a
LOAD C:/ST/STM32CubeCLT_1.19.0/GNU-tools-for-STM32/bin/../lib/gcc/arm-none-eabi/13.3.1/../../../../arm-none-eabi/lib/thumb/v7e-m+fp/hard\libm.a
LOAD CMakeFiles/SAI_CM4.dir/CM4/Src/main.c.obj
LOAD CMakeFiles/SAI_CM4.dir/CM4/Src/stm32h7xx_hal_msp.c.obj
LOAD CMakeFiles/SAI_CM4.dir/CM4/Src/stm32h7xx_it.c.obj
LOAD CMakeFiles/SAI_CM4.dir/CM4/Startup/startup_stm32h745xx_CM4.s.obj
LOAD CMakeFiles/SAI_CM4.dir/drivers/STM32H7xx_HAL_Driver/Src/stm32h7xx_hal_pwr_ex.c.obj
LOAD CMakeFiles/SAI_CM4.dir/system_stm32h7xx_dualcore_boot_cm4_cm7.c.obj
LOAD CMakeFiles/SAI_CM4.dir/drivers/STM32H7xx_HAL_Driver/Src/stm32h7xx_hal_hsem.c.obj
LOAD CMakeFiles/SAI_CM4.dir/drivers/STM32H7xx_HAL_Driver/Src/stm32h7xx_hal.c.obj
LOAD CMakeFiles/SAI_CM4.dir/drivers/STM32H7xx_HAL_Driver/Src/stm32h7xx_hal_cortex.c.obj
LOAD CMakeFiles/SAI_CM4.dir/drivers/STM32H7xx_HAL_Driver/Src/stm32h7xx_hal_rcc.c.obj
START GROUP
LOAD C:/ST/STM32CubeCLT_1.19.0/GNU-tools-for-STM32/bin/../lib/gcc/arm-none-eabi/13.3.1/thumb/v7e-m+fp/hard\libgcc.a
LOAD C:/ST/STM32CubeCLT_1.19.0/GNU-tools-for-STM32/bin/../lib/gcc/arm-none-eabi/13.3.1/../../../../arm-none-eabi/lib/thumb/v7e-m+fp/hard\libg.a
LOAD C:/ST/STM32CubeCLT_1.19.0/GNU-tools-for-STM32/bin/../lib/gcc/arm-none-eabi/13.3.1/../../../../arm-none-eabi/lib/thumb/v7e-m+fp/hard\libc.a
END GROUP
LOAD C:/ST/STM32CubeCLT_1.19.0/GNU-tools-for-STM32/bin/../lib/gcc/arm-none-eabi/13.3.1/thumb/v7e-m+fp/hard/crtend.o
LOAD C:/ST/STM32CubeCLT_1.19.0/GNU-tools-for-STM32/bin/../lib/gcc/arm-none-eabi/13.3.1/thumb/v7e-m+fp/hard/crtn.o
                0x10048000                        _estack = 0x10048000
                0x00000200                        _Min_Heap_Size = 0x200
                0x00000400                        _Min_Stack_Size = 0x400

.isr_vector     0x08100000      0x298
                0x08100000                        . = ALIGN (0x4)
 *(.isr_vector)
 .isr_vector    0x08100000      0x298 CMakeFiles/SAI_CM4.dir/CM4/Startup/startup_stm32h745xx_CM4.s.obj
                0x08100000                g_pfnVectors
                0x08100298                        . = ALIGN (0x4)

.text           0x08100298      0x62c
                0x08100298                        . = ALIGN (0x4)
 *(.text)
 .text          0x08100298       0x40 C:/ST/STM32CubeCLT_1.19.0/GNU-tools-for-STM32/bin/../lib/gcc/arm-none-eabi/13.3.1/thumb/v7e-m+fp/hard/crtbegin.o
 *(.text*)
 .text.startup.main
                0x081002d8       0x6c CMakeFiles/SAI_CM4.dir/CM4/Src/main.c.obj
                0x081002d8                main
 .text.HAL_MspInit
                0x08100344        0x2 CMakeFiles/SAI_CM4.dir/CM4/Src/stm32h7xx_hal_msp.c.obj
                0x08100344                HAL_MspInit
 .text.NMI_Handler
                0x08100346        0x2 CMakeFiles/SAI_CM4.dir/CM4/Src/stm32h7xx_it.c.obj
                0x08100346                NMI_Handler
 .text.HardFault_Handler
                0x08100348        0x2 CMakeFiles/SAI_CM4.dir/CM4/Src/stm32h7xx_it.c.obj
                0x08100348                HardFault_Handler
 .text.MemManage_Handler
                0x0810034a        0x2 CMakeFiles/SAI_CM4.dir/CM4/Src/stm32h7xx_it.c.obj
                0x0810034a                MemManage_Handler
 .text.BusFault_Handler
                0x0810034c        0x2 CMakeFiles/SAI_CM4.dir/CM4/Src/stm32h7xx_it.c.obj
                0x0810034c                BusFault_Handler
 .text.UsageFault_Handler
                0x0810034e        0x2 CMakeFiles/SAI_CM4.dir/CM4/Src/stm32h7xx_it.c.obj
                0x0810034e                UsageFault_Handler
 .text.SVC_Handler
                0x08100350        0x2 CMakeFiles/SAI_CM4.dir/CM4/Src/stm32h7xx_it.c.obj
                0x08100350                SVC_Handler
 .text.DebugMon_Handler
                0x08100352        0x2 CMakeFiles/SAI_CM4.dir/CM4/Src/stm32h7xx_it.c.obj
                0x08100352                DebugMon_Handler
 .text.PendSV_Handler
                0x08100354        0x2 CMakeFiles/SAI_CM4.dir/CM4/Src/stm32h7xx_it.c.obj
                0x08100354                PendSV_Handler
 .text.SysTick_Handler
                0x08100356        0x4 CMakeFiles/SAI_CM4.dir/CM4/Src/stm32h7xx_it.c.obj
                0x08100356                SysTick_Handler
 *fill*         0x0810035a        0x2 
 .text.Reset_Handler
                0x0810035c       0x54 CMakeFiles/SAI_CM4.dir/CM4/Startup/startup_stm32h745xx_CM4.s.obj
                0x0810035c                Reset_Handler
 .text.Default_Handler
                0x081003b0        0x2 CMakeFiles/SAI_CM4.dir/CM4/Startup/startup_stm32h745xx_CM4.s.obj
                0x081003b0                RTC_Alarm_IRQHandler
                0x081003b0                EXTI2_IRQHandler
                0x081003b0                TIM8_CC_IRQHandler
                0x081003b0                HRTIM1_Master_IRQHandler
                0x081003b0                UART8_IRQHandler
                0x081003b0                SPI4_IRQHandler
                0x081003b0                TIM1_CC_IRQHandler
                0x081003b0                BDMA_Channel6_IRQHandler
                0x081003b0                DMA2_Stream5_IRQHandler
                0x081003b0                HRTIM1_FLT_IRQHandler
                0x081003b0                JPEG_IRQHandler
                0x081003b0                DMA1_Stream5_IRQHandler
                0x081003b0                BDMA_Channel1_IRQHandler
                0x081003b0                HRTIM1_TIMD_IRQHandler
                0x081003b0                TAMP_STAMP_IRQHandler
                0x081003b0                EXTI3_IRQHandler
                0x081003b0                LPTIM4_IRQHandler
                0x081003b0                TIM8_TRG_COM_TIM14_IRQHandler
                0x081003b0                LPTIM2_IRQHandler
                0x081003b0                DFSDM1_FLT1_IRQHandler
                0x081003b0                DMAMUX2_OVR_IRQHandler
                0x081003b0                TIM8_UP_TIM13_IRQHandler
                0x081003b0                I2C3_ER_IRQHandler
                0x081003b0                DFSDM1_FLT2_IRQHandler
                0x081003b0                MDMA_IRQHandler
                0x081003b0                LPTIM3_IRQHandler
                0x081003b0                HSEM1_IRQHandler
                0x081003b0                EXTI0_IRQHandler
                0x081003b0                I2C2_EV_IRQHandler
                0x081003b0                DMA1_Stream2_IRQHandler
                0x081003b0                FPU_IRQHandler
                0x081003b0                OTG_HS_WKUP_IRQHandler
                0x081003b0                FDCAN1_IT1_IRQHandler
                0x081003b0                LTDC_ER_IRQHandler
                0x081003b0                DMA2_Stream2_IRQHandler
                0x081003b0                HRTIM1_TIME_IRQHandler
                0x081003b0                SPI1_IRQHandler
                0x081003b0                TIM6_DAC_IRQHandler
                0x081003b0                DCMI_IRQHandler
                0x081003b0                HRTIM1_TIMC_IRQHandler
                0x081003b0                DMA2_Stream3_IRQHandler
                0x081003b0                SAI2_IRQHandler
                0x081003b0                DFSDM1_FLT3_IRQHandler
                0x081003b0                USART6_IRQHandler
                0x081003b0                TIM17_IRQHandler
                0x081003b0                USART3_IRQHandler
                0x081003b0                BDMA_Channel7_IRQHandler
                0x081003b0                LPTIM5_IRQHandler
                0x081003b0                UART5_IRQHandler
                0x081003b0                ADC3_IRQHandler
                0x081003b0                DMA2_Stream0_IRQHandler
                0x081003b0                TIM4_IRQHandler
                0x081003b0                BDMA_Channel2_IRQHandler
                0x081003b0                QUADSPI_IRQHandler
                0x081003b0                I2C1_EV_IRQHandler
                0x081003b0                DMA1_Stream6_IRQHandler
                0x081003b0                DMAMUX1_OVR_IRQHandler
                0x081003b0                DMA1_Stream1_IRQHandler
                0x081003b0                TIM16_IRQHandler
                0x081003b0                UART4_IRQHandler
                0x081003b0                BDMA_Channel5_IRQHandler
                0x081003b0                TIM3_IRQHandler
                0x081003b0                RCC_IRQHandler
                0x081003b0                TIM8_BRK_TIM12_IRQHandler
                0x081003b0                TIM1_TRG_COM_IRQHandler
                0x081003b0                Default_Handler
                0x081003b0                ECC_IRQHandler
                0x081003b0                CEC_IRQHandler
                0x081003b0                EXTI15_10_IRQHandler
                0x081003b0                BDMA_Channel0_IRQHandler
                0x081003b0                ADC_IRQHandler
                0x081003b0                DMA1_Stream7_IRQHandler
                0x081003b0                HRTIM1_TIMA_IRQHandler
                0x081003b0                SPI5_IRQHandler
                0x081003b0                TIM7_IRQHandler
                0x081003b0                SDMMC1_IRQHandler
                0x081003b0                TIM5_IRQHandler
                0x081003b0                DMA2_Stream7_IRQHandler
                0x081003b0                TIM15_IRQHandler
                0x081003b0                PVD_AVD_IRQHandler
                0x081003b0                I2C3_EV_IRQHandler
                0x081003b0                EXTI9_5_IRQHandler
                0x081003b0                RTC_WKUP_IRQHandler
                0x081003b0                LTDC_IRQHandler
                0x081003b0                SAI3_IRQHandler
                0x081003b0                ETH_WKUP_IRQHandler
                0x081003b0                SPDIF_RX_IRQHandler
                0x081003b0                SPI2_IRQHandler
                0x081003b0                OTG_HS_EP1_IN_IRQHandler
                0x081003b0                DMA1_Stream0_IRQHandler
                0x081003b0                CRS_IRQHandler
                0x081003b0                CM7_SEV_IRQHandler
                0x081003b0                EXTI4_IRQHandler
                0x081003b0                RNG_IRQHandler
                0x081003b0                CM4_SEV_IRQHandler
                0x081003b0                HRTIM1_TIMB_IRQHandler
                0x081003b0                FDCAN2_IT1_IRQHandler
                0x081003b0                ETH_IRQHandler
                0x081003b0                TIM1_UP_IRQHandler
                0x081003b0                WWDG_RST_IRQHandler
                0x081003b0                BDMA_Channel4_IRQHandler
                0x081003b0                OTG_HS_EP1_OUT_IRQHandler
                0x081003b0                WWDG_IRQHandler
                0x081003b0                SPI6_IRQHandler
                0x081003b0                MDIOS_IRQHandler
                0x081003b0                I2C4_EV_IRQHandler
                0x081003b0                FDCAN2_IT0_IRQHandler
                0x081003b0                LPUART1_IRQHandler
                0x081003b0                FDCAN1_IT0_IRQHandler
                0x081003b0                TIM2_IRQHandler
                0x081003b0                OTG_FS_WKUP_IRQHandler
                0x081003b0                OTG_HS_IRQHandler
                0x081003b0                HSEM2_IRQHandler
                0x081003b0                DMA2D_IRQHandler
                0x081003b0                TIM1_BRK_IRQHandler
                0x081003b0                EXTI1_IRQHandler
                0x081003b0                SDMMC2_IRQHandler
                0x081003b0                OTG_FS_EP1_OUT_IRQHandler
                0x081003b0                BDMA_Channel3_IRQHandler
                0x081003b0                HOLD_CORE_IRQHandler
                0x081003b0                UART7_IRQHandler
                0x081003b0                MDIOS_WKUP_IRQHandler
                0x081003b0                USART2_IRQHandler
                0x081003b0                DFSDM1_FLT0_IRQHandler
                0x081003b0                SAI4_IRQHandler
                0x081003b0                I2C2_ER_IRQHandler
                0x081003b0                DMA2_Stream1_IRQHandler
                0x081003b0                FLASH_IRQHandler
                0x081003b0                DMA2_Stream4_IRQHandler
                0x081003b0                USART1_IRQHandler
                0x081003b0                OTG_FS_IRQHandler
                0x081003b0                SPI3_IRQHandler
                0x081003b0                WAKEUP_PIN_IRQHandler
                0x081003b0                DMA1_Stream4_IRQHandler
                0x081003b0                OTG_FS_EP1_IN_IRQHandler
                0x081003b0                I2C1_ER_IRQHandler
                0x081003b0                FMC_IRQHandler
                0x081003b0                FDCAN_CAL_IRQHandler
                0x081003b0                SWPMI1_IRQHandler
                0x081003b0                COMP1_IRQHandler
                0x081003b0                LPTIM1_IRQHandler
                0x081003b0                I2C4_ER_IRQHandler
                0x081003b0                DMA2_Stream6_IRQHandler
                0x081003b0                SAI1_IRQHandler
                0x081003b0                DMA1_Stream3_IRQHandler
 *fill*         0x081003b2        0x2 
 .text.HAL_PWREx_EnterSTOPMode
                0x081003b4       0x84 CMakeFiles/SAI_CM4.dir/drivers/STM32H7xx_HAL_Driver/Src/stm32h7xx_hal_pwr_ex.c.obj
                0x081003b4                HAL_PWREx_EnterSTOPMode
 .text.HAL_PWREx_ClearPendingEvent
                0x08100438       0x12 CMakeFiles/SAI_CM4.dir/drivers/STM32H7xx_HAL_Driver/Src/stm32h7xx_hal_pwr_ex.c.obj
                0x08100438                HAL_PWREx_ClearPendingEvent
 *fill*         0x0810044a        0x2 
 .text.SystemInit
                0x0810044c       0x1c CMakeFiles/SAI_CM4.dir/system_stm32h7xx_dualcore_boot_cm4_cm7.c.obj
                0x0810044c                SystemInit
 .text.ExitRun0Mode
                0x08100468       0x18 CMakeFiles/SAI_CM4.dir/system_stm32h7xx_dualcore_boot_cm4_cm7.c.obj
                0x08100468                ExitRun0Mode
 .text.HAL_HSEM_ActivateNotification
                0x08100480       0x10 CMakeFiles/SAI_CM4.dir/drivers/STM32H7xx_HAL_Driver/Src/stm32h7xx_hal_hsem.c.obj
                0x08100480                HAL_HSEM_ActivateNotification
 .text.HAL_InitTick
                0x08100490       0x4c CMakeFiles/SAI_CM4.dir/drivers/STM32H7xx_HAL_Driver/Src/stm32h7xx_hal.c.obj
                0x08100490                HAL_InitTick
 .text.HAL_Init
                0x081004dc       0x98 CMakeFiles/SAI_CM4.dir/drivers/STM32H7xx_HAL_Driver/Src/stm32h7xx_hal.c.obj
                0x081004dc                HAL_Init
 .text.HAL_IncTick
                0x08100574       0x18 CMakeFiles/SAI_CM4.dir/drivers/STM32H7xx_HAL_Driver/Src/stm32h7xx_hal.c.obj
                0x08100574                HAL_IncTick
 .text.HAL_NVIC_SetPriorityGrouping
                0x0810058c       0x24 CMakeFiles/SAI_CM4.dir/drivers/STM32H7xx_HAL_Driver/Src/stm32h7xx_hal_cortex.c.obj
                0x0810058c                HAL_NVIC_SetPriorityGrouping
 .text.HAL_NVIC_SetPriority
                0x081005b0       0x64 CMakeFiles/SAI_CM4.dir/drivers/STM32H7xx_HAL_Driver/Src/stm32h7xx_hal_cortex.c.obj
                0x081005b0                HAL_NVIC_SetPriority
 .text.HAL_SYSTICK_Config
                0x08100614       0x28 CMakeFiles/SAI_CM4.dir/drivers/STM32H7xx_HAL_Driver/Src/stm32h7xx_hal_cortex.c.obj
                0x08100614                HAL_SYSTICK_Config
 .text.HAL_GetCurrentCPUID
                0x0810063c       0x18 CMakeFiles/SAI_CM4.dir/drivers/STM32H7xx_HAL_Driver/Src/stm32h7xx_hal_cortex.c.obj
                0x0810063c                HAL_GetCurrentCPUID
 .text.HAL_RCC_GetSysClockFreq
                0x08100654      0x144 CMakeFiles/SAI_CM4.dir/drivers/STM32H7xx_HAL_Driver/Src/stm32h7xx_hal_rcc.c.obj
                0x08100654                HAL_RCC_GetSysClockFreq
 .text.__libc_init_array
                0x08100798       0x48 C:/ST/STM32CubeCLT_1.19.0/GNU-tools-for-STM32/bin/../lib/gcc/arm-none-eabi/13.3.1/../../../../arm-none-eabi/lib/thumb/v7e-m+fp/hard\libg.a(libc_a-init.o)
                0x08100798                __libc_init_array
 .text.__retarget_lock_acquire_recursive
                0x081007e0        0x2 C:/ST/STM32CubeCLT_1.19.0/GNU-tools-for-STM32/bin/../lib/gcc/arm-none-eabi/13.3.1/../../../../arm-none-eabi/lib/thumb/v7e-m+fp/hard\libg.a(libc_a-lock.o)
                0x081007e0                __retarget_lock_acquire_recursive
 .text.__retarget_lock_release_recursive
                0x081007e2        0x2 C:/ST/STM32CubeCLT_1.19.0/GNU-tools-for-STM32/bin/../lib/gcc/arm-none-eabi/13.3.1/../../../../arm-none-eabi/lib/thumb/v7e-m+fp/hard\libg.a(libc_a-lock.o)
                0x081007e2                __retarget_lock_release_recursive
 .text.startup.register_fini
                0x081007e4       0x14 C:/ST/STM32CubeCLT_1.19.0/GNU-tools-for-STM32/bin/../lib/gcc/arm-none-eabi/13.3.1/../../../../arm-none-eabi/lib/thumb/v7e-m+fp/hard\libg.a(libc_a-__call_atexit.o)
 .text.atexit   0x081007f8        0xc C:/ST/STM32CubeCLT_1.19.0/GNU-tools-for-STM32/bin/../lib/gcc/arm-none-eabi/13.3.1/../../../../arm-none-eabi/lib/thumb/v7e-m+fp/hard\libg.a(libc_a-atexit.o)
                0x081007f8                atexit
 .text.__libc_fini_array
                0x08100804       0x28 C:/ST/STM32CubeCLT_1.19.0/GNU-tools-for-STM32/bin/../lib/gcc/arm-none-eabi/13.3.1/../../../../arm-none-eabi/lib/thumb/v7e-m+fp/hard\libg.a(libc_a-fini.o)
                0x08100804                __libc_fini_array
 .text.__register_exitproc
                0x0810082c       0x80 C:/ST/STM32CubeCLT_1.19.0/GNU-tools-for-STM32/bin/../lib/gcc/arm-none-eabi/13.3.1/../../../../arm-none-eabi/lib/thumb/v7e-m+fp/hard\libg.a(libc_a-__atexit.o)
                0x0810082c                __register_exitproc
 *(.glue_7)
 .glue_7        0x081008ac        0x0 linker stubs
 *(.glue_7t)
 .glue_7t       0x081008ac        0x0 linker stubs
 *(.eh_frame)
 .eh_frame      0x081008ac        0x0 C:/ST/STM32CubeCLT_1.19.0/GNU-tools-for-STM32/bin/../lib/gcc/arm-none-eabi/13.3.1/thumb/v7e-m+fp/hard/crtbegin.o
 *(.init)
 .init          0x081008ac        0x4 C:/ST/STM32CubeCLT_1.19.0/GNU-tools-for-STM32/bin/../lib/gcc/arm-none-eabi/13.3.1/thumb/v7e-m+fp/hard/crti.o
                0x081008ac                _init
 .init          0x081008b0        0x8 C:/ST/STM32CubeCLT_1.19.0/GNU-tools-for-STM32/bin/../lib/gcc/arm-none-eabi/13.3.1/thumb/v7e-m+fp/hard/crtn.o
 *(.fini)
 .fini          0x081008b8        0x4 C:/ST/STM32CubeCLT_1.19.0/GNU-tools-for-STM32/bin/../lib/gcc/arm-none-eabi/13.3.1/thumb/v7e-m+fp/hard/crti.o
                0x081008b8                _fini
 .fini          0x081008bc        0x8 C:/ST/STM32CubeCLT_1.19.0/GNU-tools-for-STM32/bin/../lib/gcc/arm-none-eabi/13.3.1/thumb/v7e-m+fp/hard/crtn.o
                0x081008c4                        . = ALIGN (0x4)
                0x081008c4                        _etext = .

.vfp11_veneer   0x081008c4        0x0
 .vfp11_veneer  0x081008c4        0x0 linker stubs

.v4_bx          0x081008c4        0x0
 .v4_bx         0x081008c4        0x0 linker stubs

.iplt           0x081008c4        0x0
 .iplt          0x081008c4        0x0 C:/ST/STM32CubeCLT_1.19.0/GNU-tools-for-STM32/bin/../lib/gcc/arm-none-eabi/13.3.1/thumb/v7e-m+fp/hard/crtbegin.o

.rodata         0x081008c4       0x10
                0x081008c4                        . = ALIGN (0x4)
 *(.rodata)
 *(.rodata*)
 .rodata.D1CorePrescTable
                0x081008c4       0x10 CMakeFiles/SAI_CM4.dir/system_stm32h7xx_dualcore_boot_cm4_cm7.c.obj
                0x081008c4                D1CorePrescTable
                0x081008d4                        . = ALIGN (0x4)

.ARM.extab
 *(.ARM.extab* .gnu.linkonce.armextab.*)

.ARM            0x081008d4        0x0
                0x081008d4                        __exidx_start = .
 *(.ARM.exidx*)
                0x081008d4                        __exidx_end = .

.preinit_array  0x081008d4        0x0
                0x081008d4                        PROVIDE (__preinit_array_start = .)
 *(.preinit_array*)
                0x081008d4                        PROVIDE (__preinit_array_end = .)

.init_array     0x081008d4        0x8
                0x081008d4                        PROVIDE (__init_array_start = .)
 *(SORT_BY_NAME(.init_array.*))
 .init_array.00000
                0x081008d4        0x4 C:/ST/STM32CubeCLT_1.19.0/GNU-tools-for-STM32/bin/../lib/gcc/arm-none-eabi/13.3.1/../../../../arm-none-eabi/lib/thumb/v7e-m+fp/hard\libg.a(libc_a-__call_atexit.o)
 *(.init_array*)
 .init_array    0x081008d8        0x4 C:/ST/STM32CubeCLT_1.19.0/GNU-tools-for-STM32/bin/../lib/gcc/arm-none-eabi/13.3.1/thumb/v7e-m+fp/hard/crtbegin.o
                0x081008dc                        PROVIDE (__init_array_end = .)

.fini_array     0x081008dc        0x4
                0x081008dc                        PROVIDE (__fini_array_start = .)
 *(SORT_BY_NAME(.fini_array.*))
 *(.fini_array*)
 .fini_array    0x081008dc        0x4 C:/ST/STM32CubeCLT_1.19.0/GNU-tools-for-STM32/bin/../lib/gcc/arm-none-eabi/13.3.1/thumb/v7e-m+fp/hard/crtbegin.o
                0x081008e0                        PROVIDE (__fini_array_end = .)
                0x081008e0                        _sidata = LOADADDR (.data)

.rel.dyn        0x081008e0        0x0
 .rel.iplt      0x081008e0        0x0 C:/ST/STM32CubeCLT_1.19.0/GNU-tools-for-STM32/bin/../lib/gcc/arm-none-eabi/13.3.1/thumb/v7e-m+fp/hard/crtbegin.o

.data           0x10000000       0x14 load address 0x081008e0
                0x10000000                        . = ALIGN (0x4)
                0x10000000                        _sdata = .
 *(.data)
 *(.data*)
 .data.SystemD2Clock
                0x10000000        0x4 CMakeFiles/SAI_CM4.dir/system_stm32h7xx_dualcore_boot_cm4_cm7.c.obj
                0x10000000                SystemD2Clock
 .data.SystemCoreClock
                0x10000004        0x4 CMakeFiles/SAI_CM4.dir/system_stm32h7xx_dualcore_boot_cm4_cm7.c.obj
                0x10000004                SystemCoreClock
 .data.uwTickFreq
                0x10000008        0x1 CMakeFiles/SAI_CM4.dir/drivers/STM32H7xx_HAL_Driver/Src/stm32h7xx_hal.c.obj
                0x10000008                uwTickFreq
 *fill*         0x10000009        0x3 
 .data.uwTickPrio
                0x1000000c        0x4 CMakeFiles/SAI_CM4.dir/drivers/STM32H7xx_HAL_Driver/Src/stm32h7xx_hal.c.obj
                0x1000000c                uwTickPrio
 .data.__atexit_recursive_mutex
                0x10000010        0x4 C:/ST/STM32CubeCLT_1.19.0/GNU-tools-for-STM32/bin/../lib/gcc/arm-none-eabi/13.3.1/../../../../arm-none-eabi/lib/thumb/v7e-m+fp/hard\libg.a(libc_a-__call_atexit.o)
                0x10000010                __atexit_recursive_mutex
                0x10000014                        . = ALIGN (0x4)

.igot.plt       0x10000014        0x0 load address 0x081008f4
 .igot.plt      0x10000014        0x0 C:/ST/STM32CubeCLT_1.19.0/GNU-tools-for-STM32/bin/../lib/gcc/arm-none-eabi/13.3.1/thumb/v7e-m+fp/hard/crtbegin.o

.tdata          0x10000014        0x0 load address 0x081008f4
 *(.tdata .tdata.* .gnu.linkonce.td.*)
                0x10000014                        . = ALIGN (0x4)
                0x10000014                        _edata = .
                [!provide]                        PROVIDE (__data_end = .)
                [!provide]                        PROVIDE (__tdata_end = .)
                [!provide]                        PROVIDE (__tdata_start = ADDR (.tdata))
                [!provide]                        PROVIDE (__tdata_size = (__tdata_end - __tdata_start))
                [!provide]                        PROVIDE (__data_start = ADDR (.data))
                [!provide]                        PROVIDE (__data_size = (__data_end - __data_start))
                [!provide]                        PROVIDE (__tdata_source = LOADADDR (.tdata))
                [!provide]                        PROVIDE (__tdata_source_end = (LOADADDR (.tdata) + SIZEOF (.tdata)))
                [!provide]                        PROVIDE (__tdata_source_size = (__tdata_source_end - __tdata_source))
                [!provide]                        PROVIDE (__data_source = LOADADDR (.data))
                [!provide]                        PROVIDE (__data_source_end = __tdata_source_end)
                [!provide]                        PROVIDE (__data_source_size = (__data_source_end - __data_source))

.tbss           0x10000014        0x0 load address 0x081008f4
                0x10000014                        _sbss = .
                0x10000014                        __bss_start__ = _sbss
 *(.tbss .tbss.*)
                0x10000014                        . = ALIGN (0x4)
                [!provide]                        PROVIDE (__tbss_end = .)
                [!provide]                        PROVIDE (__tbss_start = ADDR (.tbss))
                [!provide]                        PROVIDE (__tbss_size = (__tbss_end - __tbss_start))
                [!provide]                        PROVIDE (__tbss_offset = (ADDR (.tbss) - ADDR (.tdata)))
                [!provide]                        PROVIDE (__tls_base = __tdata_start)
                [!provide]                        PROVIDE (__tls_end = __tbss_end)
                [!provide]                        PROVIDE (__tls_size = (__tls_end - __tls_base))
                [!provide]                        PROVIDE (__tls_align = MAX (ALIGNOF (.tdata), ALIGNOF (.tbss)))
                [!provide]                        PROVIDE (__tls_size_align = (((__tls_size + __tls_align) - 0x1) & ~ ((__tls_align - 0x1))))
                [!provide]                        PROVIDE (__arm32_tls_tcb_offset = MAX (0x8, __tls_align))
                [!provide]                        PROVIDE (__arm64_tls_tcb_offset = MAX (0x10, __tls_align))

.bss            0x10000014      0x1b8 load address 0x081008f4
 *(.bss)
 .bss           0x10000014       0x1c C:/ST/STM32CubeCLT_1.19.0/GNU-tools-for-STM32/bin/../lib/gcc/arm-none-eabi/13.3.1/thumb/v7e-m+fp/hard/crtbegin.o
 *(.bss*)
 .bss.uwTick    0x10000030        0x4 CMakeFiles/SAI_CM4.dir/drivers/STM32H7xx_HAL_Driver/Src/stm32h7xx_hal.c.obj
                0x10000030                uwTick
 .bss.__lock___atexit_recursive_mutex
                0x10000034        0x1 C:/ST/STM32CubeCLT_1.19.0/GNU-tools-for-STM32/bin/../lib/gcc/arm-none-eabi/13.3.1/../../../../arm-none-eabi/lib/thumb/v7e-m+fp/hard\libg.a(libc_a-lock.o)
                0x10000034                __lock___atexit_recursive_mutex
 *fill*         0x10000035        0x3 
 .bss.__atexit  0x10000038        0x4 C:/ST/STM32CubeCLT_1.19.0/GNU-tools-for-STM32/bin/../lib/gcc/arm-none-eabi/13.3.1/../../../../arm-none-eabi/lib/thumb/v7e-m+fp/hard\libg.a(libc_a-__call_atexit.o)
                0x10000038                __atexit
 .bss.__atexit0
                0x1000003c      0x190 C:/ST/STM32CubeCLT_1.19.0/GNU-tools-for-STM32/bin/../lib/gcc/arm-none-eabi/13.3.1/../../../../arm-none-eabi/lib/thumb/v7e-m+fp/hard\libg.a(libc_a-__atexit.o)
                0x1000003c                __atexit0
 *(COMMON)
                0x100001cc                        . = ALIGN (0x4)
                0x100001cc                        _ebss = .
                0x100001cc                        __bss_end__ = _ebss
                [!provide]                        PROVIDE (__bss_end = .)
                [!provide]                        PROVIDE (__non_tls_bss_start = ADDR (.bss))
                [!provide]                        PROVIDE (__bss_start = __tbss_start)
                [!provide]                        PROVIDE (__bss_size = (__bss_end - __bss_start))

._user_heap_stack
                0x100001cc      0x604 load address 0x081008f4
                0x100001d0                        . = ALIGN (0x8)
 *fill*         0x100001cc        0x4 
                [!provide]                        PROVIDE (end = .)
                [!provide]                        PROVIDE (_end = .)
                0x100003d0                        . = (. + _Min_Heap_Size)
 *fill*         0x100001d0      0x200 
                0x100007d0                        . = (. + _Min_Stack_Size)
 *fill*         0x100003d0      0x400 
                0x100007d0                        . = ALIGN (0x8)

/DISCARD/
 libc.a:*(*)
 libm.a:*(*)
 libgcc.a:*(*)

.ARM.attributes
                0x00000000       0x30
 *(.ARM.attributes)
 .ARM.attributes
                0x00000000       0x22 C:/ST/STM32CubeCLT_1.19.0/GNU-tools-for-STM32/bin/../lib/gcc/arm-none-eabi/13.3.1/thumb/v7e-m+fp/hard/crti.o
 .ARM.attributes
                0x00000022       0x34 C:/ST/STM32CubeCLT_1.19.0/GNU-tools-for-STM32/bin/../lib/gcc/arm-none-eabi/13.3.1/thumb/v7e-m+fp/hard/crtbegin.o
 .ARM.attributes
                0x00000056       0x34 CMakeFiles/SAI_CM4.dir/CM4/Src/main.c.obj
 .ARM.attributes
                0x0000008a       0x34 CMakeFiles/SAI_CM4.dir/CM4/Src/stm32h7xx_hal_msp.c.obj
 .ARM.attributes
                0x000000be       0x34 CMakeFiles/SAI_CM4.dir/CM4/Src/stm32h7xx_it.c.obj
 .ARM.attributes
                0x000000f2       0x21 CMakeFiles/SAI_CM4.dir/CM4/Startup/startup_stm32h745xx_CM4.s.obj
 .ARM.attributes
                0x00000113       0x34 CMakeFiles/SAI_CM4.dir/drivers/STM32H7xx_HAL_Driver/Src/stm32h7xx_hal_pwr_ex.c.obj
 .ARM.attributes
                0x00000147       0x34 CMakeFiles/SAI_CM4.dir/system_stm32h7xx_dualcore_boot_cm4_cm7.c.obj
 .ARM.attributes
                0x0000017b       0x34 CMakeFiles/SAI_CM4.dir/drivers/STM32H7xx_HAL_Driver/Src/stm32h7xx_hal_hsem.c.obj
 .ARM.attributes
                0x000001af       0x34 CMakeFiles/SAI_CM4.dir/drivers/STM32H7xx_HAL_Driver/Src/stm32h7xx_hal.c.obj
 .ARM.attributes
                0x000001e3       0x34 CMakeFiles/SAI_CM4.dir/drivers/STM32H7xx_HAL_Driver/Src/stm32h7xx_hal_cortex.c.obj
 .ARM.attributes
                0x00000217       0x34 CMakeFiles/SAI_CM4.dir/drivers/STM32H7xx_HAL_Driver/Src/stm32h7xx_hal_rcc.c.obj
 .ARM.attributes
                0x0000024b       0x34 C:/ST/STM32CubeCLT_1.19.0/GNU-tools-for-STM32/bin/../lib/gcc/arm-none-eabi/13.3.1/../../../../arm-none-eabi/lib/thumb/v7e-m+fp/hard\libg.a(libc_a-init.o)
 .ARM.attributes
                0x0000027f       0x34 C:/ST/STM32CubeCLT_1.19.0/GNU-tools-for-STM32/bin/../lib/gcc/arm-none-eabi/13.3.1/../../../../arm-none-eabi/lib/thumb/v7e-m+fp/hard\libg.a(libc_a-lock.o)
 .ARM.attributes
                0x000002b3       0x34 C:/ST/STM32CubeCLT_1.19.0/GNU-tools-for-STM32/bin/../lib/gcc/arm-none-eabi/13.3.1/../../../../arm-none-eabi/lib/thumb/v7e-m+fp/hard\libg.a(libc_a-__call_atexit.o)
 .ARM.attributes
                0x000002e7       0x34 C:/ST/STM32CubeCLT_1.19.0/GNU-tools-for-STM32/bin/../lib/gcc/arm-none-eabi/13.3.1/../../../../arm-none-eabi/lib/thumb/v7e-m+fp/hard\libg.a(libc_a-atexit.o)
 .ARM.attributes
                0x0000031b       0x34 C:/ST/STM32CubeCLT_1.19.0/GNU-tools-for-STM32/bin/../lib/gcc/arm-none-eabi/13.3.1/../../../../arm-none-eabi/lib/thumb/v7e-m+fp/hard\libg.a(libc_a-fini.o)
 .ARM.attributes
                0x0000034f       0x34 C:/ST/STM32CubeCLT_1.19.0/GNU-tools-for-STM32/bin/../lib/gcc/arm-none-eabi/13.3.1/../../../../arm-none-eabi/lib/thumb/v7e-m+fp/hard\libg.a(libc_a-__atexit.o)
 .ARM.attributes
                0x00000383       0x22 C:/ST/STM32CubeCLT_1.19.0/GNU-tools-for-STM32/bin/../lib/gcc/arm-none-eabi/13.3.1/thumb/v7e-m+fp/hard/crtn.o
OUTPUT(SAI_CM4.elf elf32-littlearm)
LOAD linker stubs

.comment        0x00000000       0x43
 .comment       0x00000000       0x43 CMakeFiles/SAI_CM4.dir/CM4/Src/main.c.obj
                                 0x44 (size before relaxing)
 .comment       0x00000043       0x44 CMakeFiles/SAI_CM4.dir/CM4/Src/stm32h7xx_hal_msp.c.obj
 .comment       0x00000043       0x44 CMakeFiles/SAI_CM4.dir/CM4/Src/stm32h7xx_it.c.obj
 .comment       0x00000043       0x44 CMakeFiles/SAI_CM4.dir/drivers/STM32H7xx_HAL_Driver/Src/stm32h7xx_hal_pwr_ex.c.obj
 .comment       0x00000043       0x44 CMakeFiles/SAI_CM4.dir/system_stm32h7xx_dualcore_boot_cm4_cm7.c.obj
 .comment       0x00000043       0x44 CMakeFiles/SAI_CM4.dir/drivers/STM32H7xx_HAL_Driver/Src/stm32h7xx_hal_hsem.c.obj
 .comment       0x00000043       0x44 CMakeFiles/SAI_CM4.dir/drivers/STM32H7xx_HAL_Driver/Src/stm32h7xx_hal.c.obj
 .comment       0x00000043       0x44 CMakeFiles/SAI_CM4.dir/drivers/STM32H7xx_HAL_Driver/Src/stm32h7xx_hal_cortex.c.obj
 .comment       0x00000043       0x44 CMakeFiles/SAI_CM4.dir/drivers/STM32H7xx_HAL_Driver/Src/stm32h7xx_hal_rcc.c.obj
 .comment       0x00000043       0x44 C:/ST/STM32CubeCLT_1.19.0/GNU-tools-for-STM32/bin/../lib/gcc/arm-none-eabi/13.3.1/../../../../arm-none-eabi/lib/thumb/v7e-m+fp/hard\libg.a(libc_a-init.o)
 .comment       0x00000043       0x44 C:/ST/STM32CubeCLT_1.19.0/GNU-tools-for-STM32/bin/../lib/gcc/arm-none-eabi/13.3.1/../../../../arm-none-eabi/lib/thumb/v7e-m+fp/hard\libg.a(libc_a-lock.o)
 .comment       0x00000043       0x44 C:/ST/STM32CubeCLT_1.19.0/GNU-tools-for-STM32/bin/../lib/gcc/arm-none-eabi/13.3.1/../../../../arm-none-eabi/lib/thumb/v7e-m+fp/hard\libg.a(libc_a-__call_atexit.o)
 .comment       0x00000043       0x44 C:/ST/STM32CubeCLT_1.19.0/GNU-tools-for-STM32/bin/../lib/gcc/arm-none-eabi/13.3.1/../../../../arm-none-eabi/lib/thumb/v7e-m+fp/hard\libg.a(libc_a-atexit.o)
 .comment       0x00000043       0x44 C:/ST/STM32CubeCLT_1.19.0/GNU-tools-for-STM32/bin/../lib/gcc/arm-none-eabi/13.3.1/../../../../arm-none-eabi/lib/thumb/v7e-m+fp/hard\libg.a(libc_a-fini.o)
 .comment       0x00000043       0x44 C:/ST/STM32CubeCLT_1.19.0/GNU-tools-for-STM32/bin/../lib/gcc/arm-none-eabi/13.3.1/../../../../arm-none-eabi/lib/thumb/v7e-m+fp/hard\libg.a(libc_a-__atexit.o)

.debug_info     0x00000000      0xa74
 .debug_info    0x00000000      0x10b C:/ST/STM32CubeCLT_1.19.0/GNU-tools-for-STM32/bin/../lib/gcc/arm-none-eabi/13.3.1/../../../../arm-none-eabi/lib/thumb/v7e-m+fp/hard\libg.a(libc_a-init.o)
 .debug_info    0x0000010b      0x218 C:/ST/STM32CubeCLT_1.19.0/GNU-tools-for-STM32/bin/../lib/gcc/arm-none-eabi/13.3.1/../../../../arm-none-eabi/lib/thumb/v7e-m+fp/hard\libg.a(libc_a-lock.o)
 .debug_info    0x00000323      0x2dd C:/ST/STM32CubeCLT_1.19.0/GNU-tools-for-STM32/bin/../lib/gcc/arm-none-eabi/13.3.1/../../../../arm-none-eabi/lib/thumb/v7e-m+fp/hard\libg.a(libc_a-__call_atexit.o)
 .debug_info    0x00000600      0x11e C:/ST/STM32CubeCLT_1.19.0/GNU-tools-for-STM32/bin/../lib/gcc/arm-none-eabi/13.3.1/../../../../arm-none-eabi/lib/thumb/v7e-m+fp/hard\libg.a(libc_a-atexit.o)
 .debug_info    0x0000071e       0xf7 C:/ST/STM32CubeCLT_1.19.0/GNU-tools-for-STM32/bin/../lib/gcc/arm-none-eabi/13.3.1/../../../../arm-none-eabi/lib/thumb/v7e-m+fp/hard\libg.a(libc_a-fini.o)
 .debug_info    0x00000815      0x25f C:/ST/STM32CubeCLT_1.19.0/GNU-tools-for-STM32/bin/../lib/gcc/arm-none-eabi/13.3.1/../../../../arm-none-eabi/lib/thumb/v7e-m+fp/hard\libg.a(libc_a-__atexit.o)

.debug_abbrev   0x00000000      0x700
 .debug_abbrev  0x00000000       0xc9 C:/ST/STM32CubeCLT_1.19.0/GNU-tools-for-STM32/bin/../lib/gcc/arm-none-eabi/13.3.1/../../../../arm-none-eabi/lib/thumb/v7e-m+fp/hard\libg.a(libc_a-init.o)
 .debug_abbrev  0x000000c9      0x115 C:/ST/STM32CubeCLT_1.19.0/GNU-tools-for-STM32/bin/../lib/gcc/arm-none-eabi/13.3.1/../../../../arm-none-eabi/lib/thumb/v7e-m+fp/hard\libg.a(libc_a-lock.o)
 .debug_abbrev  0x000001de      0x20c C:/ST/STM32CubeCLT_1.19.0/GNU-tools-for-STM32/bin/../lib/gcc/arm-none-eabi/13.3.1/../../../../arm-none-eabi/lib/thumb/v7e-m+fp/hard\libg.a(libc_a-__call_atexit.o)
 .debug_abbrev  0x000003ea       0xc1 C:/ST/STM32CubeCLT_1.19.0/GNU-tools-for-STM32/bin/../lib/gcc/arm-none-eabi/13.3.1/../../../../arm-none-eabi/lib/thumb/v7e-m+fp/hard\libg.a(libc_a-atexit.o)
 .debug_abbrev  0x000004ab       0xcc C:/ST/STM32CubeCLT_1.19.0/GNU-tools-for-STM32/bin/../lib/gcc/arm-none-eabi/13.3.1/../../../../arm-none-eabi/lib/thumb/v7e-m+fp/hard\libg.a(libc_a-fini.o)
 .debug_abbrev  0x00000577      0x189 C:/ST/STM32CubeCLT_1.19.0/GNU-tools-for-STM32/bin/../lib/gcc/arm-none-eabi/13.3.1/../../../../arm-none-eabi/lib/thumb/v7e-m+fp/hard\libg.a(libc_a-__atexit.o)

.debug_loclists
                0x00000000      0x240
 .debug_loclists
                0x00000000       0x44 C:/ST/STM32CubeCLT_1.19.0/GNU-tools-for-STM32/bin/../lib/gcc/arm-none-eabi/13.3.1/../../../../arm-none-eabi/lib/thumb/v7e-m+fp/hard\libg.a(libc_a-init.o)
 .debug_loclists
                0x00000044       0x29 C:/ST/STM32CubeCLT_1.19.0/GNU-tools-for-STM32/bin/../lib/gcc/arm-none-eabi/13.3.1/../../../../arm-none-eabi/lib/thumb/v7e-m+fp/hard\libg.a(libc_a-lock.o)
 .debug_loclists
                0x0000006d       0xda C:/ST/STM32CubeCLT_1.19.0/GNU-tools-for-STM32/bin/../lib/gcc/arm-none-eabi/13.3.1/../../../../arm-none-eabi/lib/thumb/v7e-m+fp/hard\libg.a(libc_a-__call_atexit.o)
 .debug_loclists
                0x00000147       0x30 C:/ST/STM32CubeCLT_1.19.0/GNU-tools-for-STM32/bin/../lib/gcc/arm-none-eabi/13.3.1/../../../../arm-none-eabi/lib/thumb/v7e-m+fp/hard\libg.a(libc_a-atexit.o)
 .debug_loclists
                0x00000177       0x3b C:/ST/STM32CubeCLT_1.19.0/GNU-tools-for-STM32/bin/../lib/gcc/arm-none-eabi/13.3.1/../../../../arm-none-eabi/lib/thumb/v7e-m+fp/hard\libg.a(libc_a-fini.o)
 .debug_loclists
                0x000001b2       0x8e C:/ST/STM32CubeCLT_1.19.0/GNU-tools-for-STM32/bin/../lib/gcc/arm-none-eabi/13.3.1/../../../../arm-none-eabi/lib/thumb/v7e-m+fp/hard\libg.a(libc_a-__atexit.o)

.debug_aranges  0x00000000      0x110
 .debug_aranges
                0x00000000       0x20 C:/ST/STM32CubeCLT_1.19.0/GNU-tools-for-STM32/bin/../lib/gcc/arm-none-eabi/13.3.1/../../../../arm-none-eabi/lib/thumb/v7e-m+fp/hard\libg.a(libc_a-init.o)
 .debug_aranges
                0x00000020       0x68 C:/ST/STM32CubeCLT_1.19.0/GNU-tools-for-STM32/bin/../lib/gcc/arm-none-eabi/13.3.1/../../../../arm-none-eabi/lib/thumb/v7e-m+fp/hard\libg.a(libc_a-lock.o)
 .debug_aranges
                0x00000088       0x28 C:/ST/STM32CubeCLT_1.19.0/GNU-tools-for-STM32/bin/../lib/gcc/arm-none-eabi/13.3.1/../../../../arm-none-eabi/lib/thumb/v7e-m+fp/hard\libg.a(libc_a-__call_atexit.o)
 .debug_aranges
                0x000000b0       0x20 C:/ST/STM32CubeCLT_1.19.0/GNU-tools-for-STM32/bin/../lib/gcc/arm-none-eabi/13.3.1/../../../../arm-none-eabi/lib/thumb/v7e-m+fp/hard\libg.a(libc_a-atexit.o)
 .debug_aranges
                0x000000d0       0x20 C:/ST/STM32CubeCLT_1.19.0/GNU-tools-for-STM32/bin/../lib/gcc/arm-none-eabi/13.3.1/../../../../arm-none-eabi/lib/thumb/v7e-m+fp/hard\libg.a(libc_a-fini.o)
 .debug_aranges
                0x000000f0       0x20 C:/ST/STM32CubeCLT_1.19.0/GNU-tools-for-STM32/bin/../lib/gcc/arm-none-eabi/13.3.1/../../../../arm-none-eabi/lib/thumb/v7e-m+fp/hard\libg.a(libc_a-__atexit.o)

.debug_rnglists
                0x00000000       0xc0
 .debug_rnglists
                0x00000000       0x13 C:/ST/STM32CubeCLT_1.19.0/GNU-tools-for-STM32/bin/../lib/gcc/arm-none-eabi/13.3.1/../../../../arm-none-eabi/lib/thumb/v7e-m+fp/hard\libg.a(libc_a-init.o)
 .debug_rnglists
                0x00000013       0x49 C:/ST/STM32CubeCLT_1.19.0/GNU-tools-for-STM32/bin/../lib/gcc/arm-none-eabi/13.3.1/../../../../arm-none-eabi/lib/thumb/v7e-m+fp/hard\libg.a(libc_a-lock.o)
 .debug_rnglists
                0x0000005c       0x2a C:/ST/STM32CubeCLT_1.19.0/GNU-tools-for-STM32/bin/../lib/gcc/arm-none-eabi/13.3.1/../../../../arm-none-eabi/lib/thumb/v7e-m+fp/hard\libg.a(libc_a-__call_atexit.o)
 .debug_rnglists
                0x00000086       0x13 C:/ST/STM32CubeCLT_1.19.0/GNU-tools-for-STM32/bin/../lib/gcc/arm-none-eabi/13.3.1/../../../../arm-none-eabi/lib/thumb/v7e-m+fp/hard\libg.a(libc_a-atexit.o)
 .debug_rnglists
                0x00000099       0x13 C:/ST/STM32CubeCLT_1.19.0/GNU-tools-for-STM32/bin/../lib/gcc/arm-none-eabi/13.3.1/../../../../arm-none-eabi/lib/thumb/v7e-m+fp/hard\libg.a(libc_a-fini.o)
 .debug_rnglists
                0x000000ac       0x14 C:/ST/STM32CubeCLT_1.19.0/GNU-tools-for-STM32/bin/../lib/gcc/arm-none-eabi/13.3.1/../../../../arm-none-eabi/lib/thumb/v7e-m+fp/hard\libg.a(libc_a-__atexit.o)

.debug_line     0x00000000      0x984
 .debug_line    0x00000000      0x170 C:/ST/STM32CubeCLT_1.19.0/GNU-tools-for-STM32/bin/../lib/gcc/arm-none-eabi/13.3.1/../../../../arm-none-eabi/lib/thumb/v7e-m+fp/hard\libg.a(libc_a-init.o)
 .debug_line    0x00000170      0x19b C:/ST/STM32CubeCLT_1.19.0/GNU-tools-for-STM32/bin/../lib/gcc/arm-none-eabi/13.3.1/../../../../arm-none-eabi/lib/thumb/v7e-m+fp/hard\libg.a(libc_a-lock.o)
 .debug_line    0x0000030b      0x29e C:/ST/STM32CubeCLT_1.19.0/GNU-tools-for-STM32/bin/../lib/gcc/arm-none-eabi/13.3.1/../../../../arm-none-eabi/lib/thumb/v7e-m+fp/hard\libg.a(libc_a-__call_atexit.o)
 .debug_line    0x000005a9      0x102 C:/ST/STM32CubeCLT_1.19.0/GNU-tools-for-STM32/bin/../lib/gcc/arm-none-eabi/13.3.1/../../../../arm-none-eabi/lib/thumb/v7e-m+fp/hard\libg.a(libc_a-atexit.o)
 .debug_line    0x000006ab      0x134 C:/ST/STM32CubeCLT_1.19.0/GNU-tools-for-STM32/bin/../lib/gcc/arm-none-eabi/13.3.1/../../../../arm-none-eabi/lib/thumb/v7e-m+fp/hard\libg.a(libc_a-fini.o)
 .debug_line    0x000007df      0x1a5 C:/ST/STM32CubeCLT_1.19.0/GNU-tools-for-STM32/bin/../lib/gcc/arm-none-eabi/13.3.1/../../../../arm-none-eabi/lib/thumb/v7e-m+fp/hard\libg.a(libc_a-__atexit.o)

.debug_str      0x00000000      0x71c
 .debug_str     0x00000000      0x71c C:/ST/STM32CubeCLT_1.19.0/GNU-tools-for-STM32/bin/../lib/gcc/arm-none-eabi/13.3.1/../../../../arm-none-eabi/lib/thumb/v7e-m+fp/hard\libg.a(libc_a-init.o)
                                0x26d (size before relaxing)
 .debug_str     0x0000071c      0x3a3 C:/ST/STM32CubeCLT_1.19.0/GNU-tools-for-STM32/bin/../lib/gcc/arm-none-eabi/13.3.1/../../../../arm-none-eabi/lib/thumb/v7e-m+fp/hard\libg.a(libc_a-lock.o)
 .debug_str     0x0000071c      0x349 C:/ST/STM32CubeCLT_1.19.0/GNU-tools-for-STM32/bin/../lib/gcc/arm-none-eabi/13.3.1/../../../../arm-none-eabi/lib/thumb/v7e-m+fp/hard\libg.a(libc_a-__call_atexit.o)
 .debug_str     0x0000071c      0x249 C:/ST/STM32CubeCLT_1.19.0/GNU-tools-for-STM32/bin/../lib/gcc/arm-none-eabi/13.3.1/../../../../arm-none-eabi/lib/thumb/v7e-m+fp/hard\libg.a(libc_a-atexit.o)
 .debug_str     0x0000071c      0x243 C:/ST/STM32CubeCLT_1.19.0/GNU-tools-for-STM32/bin/../lib/gcc/arm-none-eabi/13.3.1/../../../../arm-none-eabi/lib/thumb/v7e-m+fp/hard\libg.a(libc_a-fini.o)
 .debug_str     0x0000071c      0x320 C:/ST/STM32CubeCLT_1.19.0/GNU-tools-for-STM32/bin/../lib/gcc/arm-none-eabi/13.3.1/../../../../arm-none-eabi/lib/thumb/v7e-m+fp/hard\libg.a(libc_a-__atexit.o)

.debug_frame    0x00000000      0x1c0
 .debug_frame   0x00000000       0x2c C:/ST/STM32CubeCLT_1.19.0/GNU-tools-for-STM32/bin/../lib/gcc/arm-none-eabi/13.3.1/../../../../arm-none-eabi/lib/thumb/v7e-m+fp/hard\libg.a(libc_a-init.o)
 .debug_frame   0x0000002c       0xb0 C:/ST/STM32CubeCLT_1.19.0/GNU-tools-for-STM32/bin/../lib/gcc/arm-none-eabi/13.3.1/../../../../arm-none-eabi/lib/thumb/v7e-m+fp/hard\libg.a(libc_a-lock.o)
 .debug_frame   0x000000dc       0x58 C:/ST/STM32CubeCLT_1.19.0/GNU-tools-for-STM32/bin/../lib/gcc/arm-none-eabi/13.3.1/../../../../arm-none-eabi/lib/thumb/v7e-m+fp/hard\libg.a(libc_a-__call_atexit.o)
 .debug_frame   0x00000134       0x20 C:/ST/STM32CubeCLT_1.19.0/GNU-tools-for-STM32/bin/../lib/gcc/arm-none-eabi/13.3.1/../../../../arm-none-eabi/lib/thumb/v7e-m+fp/hard\libg.a(libc_a-atexit.o)
 .debug_frame   0x00000154       0x38 C:/ST/STM32CubeCLT_1.19.0/GNU-tools-for-STM32/bin/../lib/gcc/arm-none-eabi/13.3.1/../../../../arm-none-eabi/lib/thumb/v7e-m+fp/hard\libg.a(libc_a-fini.o)
 .debug_frame   0x0000018c       0x34 C:/ST/STM32CubeCLT_1.19.0/GNU-tools-for-STM32/bin/../lib/gcc/arm-none-eabi/13.3.1/../../../../arm-none-eabi/lib/thumb/v7e-m+fp/hard\libg.a(libc_a-__atexit.o)
